Oct 18 00:31:11 chelsea sshd[1489125]: Failed password for root from 112.85.42.237 port 26302 ssh2
Oct 18 00:31:12 chelsea sshd[1489131]: Invalid user fgk from 185.186.243.133 port 41530
Oct 18 00:31:12 chelsea sshd[1489131]: pam_unix(sshd:auth): check pass; user unknown
Oct 18 00:31:12 chelsea sshd[1489131]: pam_unix(sshd:auth): authentication failure; logname= uid=0 euid=0 tty=ssh ruser= rhost=185.186.243.133 
Oct 18 00:31:14 chelsea sshd[1489131]: Failed password for invalid user fgk from 185.186.243.133 port 41530 ssh2
Oct 18 00:31:14 chelsea sshd[1489125]: Failed password for root from 112.85.42.237 port 26302 ssh2
Oct 18 00:31:14 chelsea sshd[1489131]: Received disconnect from 185.186.243.133 port 41530:11: Bye Bye [preauth]
Oct 18 00:31:14 chelsea sshd[1489131]: Disconnected from invalid user fgk 185.186.243.133 port 41530 [preauth]
Oct 18 00:31:17 chelsea sshd[1489125]: Failed password for root from 112.85.42.237 port 26302 ssh2
Oct 18 00:31:19 chelsea sshd[1489125]: Received disconnect from 112.85.42.237 port 26302:11:  [preauth]
Oct 18 00:31:19 chelsea sshd[1489125]: Disconnected from authenticating user root 112.85.42.237 port 26302 [preauth]
Oct 18 00:31:19 chelsea sshd[1489125]: PAM 2 more authentication failures; logname= uid=0 euid=0 tty=ssh ruser= rhost=112.85.42.237  user=root
Oct 18 00:31:20 chelsea sshd[1489143]: Unable to negotiate with 221.120.163.94 port 3836: no matching key exchange method found. Their offer: diffie-hellman-group14-sha1,diffie-hellman-group-exchange-sha1,diffie-hellman-group1-sha1 [preauth]
Oct 18 00:31:22 chelsea sshd[1489145]: Invalid user ffh from 114.67.239.47 port 40522
Oct 18 00:31:22 chelsea sshd[1489145]: pam_unix(sshd:auth): check pass; user unknown
Oct 18 00:31:22 chelsea sshd[1489145]: pam_unix(sshd:auth): authentication failure; logname= uid=0 euid=0 tty=ssh ruser= rhost=114.67.239.47 
Oct 18 00:31:24 chelsea sshd[1489145]: Failed password for invalid user ffh from 114.67.239.47 port 40522 ssh2
Oct 18 00:31:24 chelsea sshd[1489145]: Received disconnect from 114.67.239.47 port 40522:11: Bye Bye [preauth]
Oct 18 00:31:24 chelsea sshd[1489145]: Disconnected from invalid user ffh 114.67.239.47 port 40522 [preauth]
Oct 18 00:31:29 chelsea sshd[1489157]: Unable to negotiate with 221.120.163.94 port 3837: no matching key exchange method found. Their offer: diffie-hellman-group14-sha1,diffie-hellman-group-exchange-sha1,diffie-hellman-group1-sha1 [preauth]
Oct 18 00:31:33 chelsea sshd[1489159]: pam_unix(sshd:auth): authentication failure; logname= uid=0 euid=0 tty=ssh ruser= rhost=112.85.42.237  user=root
Oct 18 00:31:34 chelsea sshd[1489159]: Failed password for root from 112.85.42.237 port 48463 ssh2
Oct 18 00:31:36 chelsea sshd[1489161]: Invalid user zny from 178.32.221.142 port 36134
Oct 18 00:31:36 chelsea sshd[1489161]: pam_unix(sshd:auth): check pass; user unknown
Oct 18 00:31:36 chelsea sshd[1489161]: pam_unix(sshd:auth): authentication failure; logname= uid=0 euid=0 tty=ssh ruser= rhost=178.32.221.142 
Oct 18 00:31:37 chelsea sshd[1489159]: Failed password for root from 112.85.42.237 port 48463 ssh2
Oct 18 00:31:38 chelsea sshd[1489167]: Unable to negotiate with 221.120.163.94 port 3838: no matching key exchange method found. Their offer: diffie-hellman-group14-sha1,diffie-hellman-group-exchange-sha1,diffie-hellman-group1-sha1 [preauth]
Oct 18 00:31:38 chelsea sshd[1489161]: Failed password for invalid user zny from 178.32.221.142 port 36134 ssh2
Oct 18 00:31:38 chelsea sshd[1489161]: Received disconnect from 178.32.221.142 port 36134:11: Bye Bye [preauth]
Oct 18 00:31:38 chelsea sshd[1489161]: Disconnected from invalid user zny 178.32.221.142 port 36134 [preauth]
Oct 18 00:31:39 chelsea sshd[1489147]: Received disconnect from 36.155.113.199 port 53911:11: Bye Bye [preauth]
Oct 18 00:31:39 chelsea sshd[1489147]: Disconnected from 36.155.113.199 port 53911 [preauth]
Oct 18 00:31:42 chelsea sshd[1489159]: Failed password for root from 112.85.42.237 port 48463 ssh2
Oct 18 00:31:44 chelsea sshd[1489159]: Received disconnect from 112.85.42.237 port 48463:11:  [preauth]
Oct 18 00:31:44 chelsea sshd[1489159]: Disconnected from authenticating user root 112.85.42.237 port 48463 [preauth]
Oct 18 00:31:44 chelsea sshd[1489159]: PAM 2 more authentication failures; logname= uid=0 euid=0 tty=ssh ruser= rhost=112.85.42.237  user=root
Oct 18 00:31:44 chelsea sshd[1489173]: Invalid user wsw from 125.124.44.135 port 57650
Oct 18 00:31:44 chelsea sshd[1489173]: pam_unix(sshd:auth): check pass; user unknown
Oct 18 00:31:44 chelsea sshd[1489173]: pam_unix(sshd:auth): authentication failure; logname= uid=0 euid=0 tty=ssh ruser= rhost=125.124.44.135 
Oct 18 00:31:46 chelsea sshd[1489173]: Failed password for invalid user wsw from 125.124.44.135 port 57650 ssh2
Oct 18 00:31:47 chelsea sshd[1489179]: Unable to negotiate with 221.120.163.94 port 3839: no matching key exchange method found. Their offer: diffie-hellman-group14-sha1,diffie-hellman-group-exchange-sha1,diffie-hellman-group1-sha1 [preauth]
Oct 18 00:31:47 chelsea sshd[1489173]: Received disconnect from 125.124.44.135 port 57650:11: Bye Bye [preauth]
Oct 18 00:31:47 chelsea sshd[1489173]: Disconnected from invalid user wsw 125.124.44.135 port 57650 [preauth]
Oct 18 00:31:54 chelsea sshd[1489185]: pam_unix(sshd:auth): authentication failure; logname= uid=0 euid=0 tty=ssh ruser= rhost=112.85.42.237  user=root
Oct 18 00:31:55 chelsea sshd[1489191]: Invalid user djk from 104.209.184.101 port 39320
Oct 18 00:31:55 chelsea sshd[1489191]: pam_unix(sshd:auth): check pass; user unknown
Oct 18 00:31:55 chelsea sshd[1489191]: pam_unix(sshd:auth): authentication failure; logname= uid=0 euid=0 tty=ssh ruser= rhost=104.209.184.101 
Oct 18 00:31:55 chelsea sshd[1489193]: Unable to negotiate with 221.120.163.94 port 3840: no matching key exchange method found. Their offer: diffie-hellman-group14-sha1,diffie-hellman-group-exchange-sha1,diffie-hellman-group1-sha1 [preauth]
Oct 18 00:31:56 chelsea sshd[1489185]: Failed password for root from 112.85.42.237 port 60216 ssh2
Oct 18 00:31:57 chelsea sshd[1489191]: Failed password for invalid user djk from 104.209.184.101 port 39320 ssh2
Oct 18 00:31:58 chelsea sshd[1489191]: Received disconnect from 104.209.184.101 port 39320:11: Bye Bye [preauth]
Oct 18 00:31:58 chelsea sshd[1489191]: Disconnected from invalid user djk 104.209.184.101 port 39320 [preauth]
Oct 18 00:31:59 chelsea sshd[1489185]: Failed password for root from 112.85.42.237 port 60216 ssh2
Oct 18 00:32:02 chelsea sshd[1489199]: Invalid user gsg from 51.210.103.96 port 45970
Oct 18 00:32:02 chelsea sshd[1489199]: pam_unix(sshd:auth): check pass; user unknown
Oct 18 00:32:02 chelsea sshd[1489199]: pam_unix(sshd:auth): authentication failure; logname= uid=0 euid=0 tty=ssh ruser= rhost=51.210.103.96 
Oct 18 00:32:03 chelsea sshd[1489185]: Failed password for root from 112.85.42.237 port 60216 ssh2
Oct 18 00:32:05 chelsea sshd[1489199]: Failed password for invalid user gsg from 51.210.103.96 port 45970 ssh2
Oct 18 00:32:05 chelsea sshd[1489207]: Unable to negotiate with 221.120.163.94 port 3841: no matching key exchange method found. Their offer: diffie-hellman-group14-sha1,diffie-hellman-group-exchange-sha1,diffie-hellman-group1-sha1 [preauth]
Oct 18 00:32:05 chelsea sshd[1489201]: Invalid user cuk from 185.186.243.133 port 51944
Oct 18 00:32:05 chelsea sshd[1489201]: pam_unix(sshd:auth): check pass; user unknown
Oct 18 00:32:05 chelsea sshd[1489201]: pam_unix(sshd:auth): authentication failure; logname= uid=0 euid=0 tty=ssh ruser= rhost=185.186.243.133 
Oct 18 00:32:05 chelsea sshd[1489199]: Received disconnect from 51.210.103.96 port 45970:11: Bye Bye [preauth]
Oct 18 00:32:05 chelsea sshd[1489199]: Disconnected from invalid user gsg 51.210.103.96 port 45970 [preauth]
Oct 18 00:32:06 chelsea sshd[1489185]: Received disconnect from 112.85.42.237 port 60216:11:  [preauth]
Oct 18 00:32:06 chelsea sshd[1489185]: Disconnected from authenticating user root 112.85.42.237 port 60216 [preauth]
Oct 18 00:32:06 chelsea sshd[1489185]: PAM 2 more authentication failures; logname= uid=0 euid=0 tty=ssh ruser= rhost=112.85.42.237  user=root
Oct 18 00:32:07 chelsea sshd[1489201]: Failed password for invalid user cuk from 185.186.243.133 port 51944 ssh2
Oct 18 00:32:08 chelsea sshd[1489201]: Received disconnect from 185.186.243.133 port 51944:11: Bye Bye [preauth]
Oct 18 00:32:08 chelsea sshd[1489201]: Disconnected from invalid user cuk 185.186.243.133 port 51944 [preauth]
Oct 18 00:32:11 chelsea sshd[1489215]: Invalid user tym from 181.40.73.86 port 4526
Oct 18 00:32:11 chelsea sshd[1489215]: pam_unix(sshd:auth): check pass; user unknown
Oct 18 00:32:11 chelsea sshd[1489215]: pam_unix(sshd:auth): authentication failure; logname= uid=0 euid=0 tty=ssh ruser= rhost=181.40.73.86 
Oct 18 00:32:11 chelsea sshd[1489209]: Invalid user otw from 83.24.18.238 port 40646
Oct 18 00:32:11 chelsea sshd[1489209]: pam_unix(sshd:auth): check pass; user unknown
Oct 18 00:32:11 chelsea sshd[1489209]: pam_unix(sshd:auth): authentication failure; logname= uid=0 euid=0 tty=ssh ruser= rhost=83.24.18.238 
Oct 18 00:32:13 chelsea sshd[1489215]: Failed password for invalid user tym from 181.40.73.86 port 4526 ssh2
Oct 18 00:32:13 chelsea sshd[1489209]: Failed password for invalid user otw from 83.24.18.238 port 40646 ssh2
Oct 18 00:32:13 chelsea sshd[1489215]: Received disconnect from 181.40.73.86 port 4526:11: Bye Bye [preauth]
Oct 18 00:32:13 chelsea sshd[1489215]: Disconnected from invalid user tym 181.40.73.86 port 4526 [preauth]
Oct 18 00:32:13 chelsea sshd[1489217]: Unable to negotiate with 221.120.163.94 port 3842: no matching key exchange method found. Their offer: diffie-hellman-group14-sha1,diffie-hellman-group-exchange-sha1,diffie-hellman-group1-sha1 [preauth]
Oct 18 00:32:14 chelsea sshd[1489209]: Received disconnect from 83.24.18.238 port 40646:11: Bye Bye [preauth]
Oct 18 00:32:14 chelsea sshd[1489209]: Disconnected from invalid user otw 83.24.18.238 port 40646 [preauth]
Oct 18 00:32:18 chelsea sshd[1489223]: Invalid user qcq from 120.71.181.52 port 57973
Oct 18 00:32:18 chelsea sshd[1489223]: pam_unix(sshd:auth): check pass; user unknown
Oct 18 00:32:18 chelsea sshd[1489223]: pam_unix(sshd:auth): authentication failure; logname= uid=0 euid=0 tty=ssh ruser= rhost=120.71.181.52 
Oct 18 00:32:18 chelsea sshd[1489225]: pam_unix(sshd:auth): authentication failure; logname= uid=0 euid=0 tty=ssh ruser= rhost=112.85.42.237  user=root
Oct 18 00:32:19 chelsea sshd[1489223]: Failed password for invalid user qcq from 120.71.181.52 port 57973 ssh2
Oct 18 00:32:20 chelsea sshd[1489223]: Received disconnect from 120.71.181.52 port 57973:11: Bye Bye [preauth]
Oct 18 00:32:20 chelsea sshd[1489223]: Disconnected from invalid user qcq 120.71.181.52 port 57973 [preauth]
Oct 18 00:32:20 chelsea sshd[1489225]: Failed password for root from 112.85.42.237 port 33888 ssh2
Oct 18 00:32:23 chelsea sshd[1489231]: Unable to negotiate with 221.120.163.94 port 3843: no matching key exchange method found. Their offer: diffie-hellman-group14-sha1,diffie-hellman-group-exchange-sha1,diffie-hellman-group1-sha1 [preauth]
Oct 18 00:32:23 chelsea sshd[1489225]: Failed password for root from 112.85.42.237 port 33888 ssh2
Oct 18 00:32:27 chelsea sshd[1489225]: Failed password for root from 112.85.42.237 port 33888 ssh2
Oct 18 00:32:27 chelsea sshd[1489225]: Received disconnect from 112.85.42.237 port 33888:11:  [preauth]
Oct 18 00:32:27 chelsea sshd[1489225]: Disconnected from authenticating user root 112.85.42.237 port 33888 [preauth]
Oct 18 00:32:27 chelsea sshd[1489225]: PAM 2 more authentication failures; logname= uid=0 euid=0 tty=ssh ruser= rhost=112.85.42.237  user=root
Oct 18 00:32:30 chelsea sshd[1489241]: Invalid user cxa from 218.54.123.239 port 46686
Oct 18 00:32:30 chelsea sshd[1489241]: pam_unix(sshd:auth): check pass; user unknown
Oct 18 00:32:30 chelsea sshd[1489241]: pam_unix(sshd:auth): authentication failure; logname= uid=0 euid=0 tty=ssh ruser= rhost=218.54.123.239 
Oct 18 00:32:32 chelsea sshd[1489243]: Unable to negotiate with 221.120.163.94 port 3844: no matching key exchange method found. Their offer: diffie-hellman-group14-sha1,diffie-hellman-group-exchange-sha1,diffie-hellman-group1-sha1 [preauth]
Oct 18 00:32:32 chelsea sshd[1489241]: Failed password for invalid user cxa from 218.54.123.239 port 46686 ssh2
Oct 18 00:32:33 chelsea sshd[1489241]: Received disconnect from 218.54.123.239 port 46686:11: Bye Bye [preauth]
Oct 18 00:32:33 chelsea sshd[1489241]: Disconnected from invalid user cxa 218.54.123.239 port 46686 [preauth]
Oct 18 00:32:34 chelsea sshd[1489249]: Invalid user nqc from 147.135.203.181 port 46490
Oct 18 00:32:34 chelsea sshd[1489249]: pam_unix(sshd:auth): check pass; user unknown
Oct 18 00:32:34 chelsea sshd[1489249]: pam_unix(sshd:auth): authentication failure; logname= uid=0 euid=0 tty=ssh ruser= rhost=147.135.203.181 
Oct 18 00:32:36 chelsea sshd[1489249]: Failed password for invalid user nqc from 147.135.203.181 port 46490 ssh2
Oct 18 00:32:36 chelsea sshd[1489249]: Received disconnect from 147.135.203.181 port 46490:11: Bye Bye [preauth]
Oct 18 00:32:36 chelsea sshd[1489249]: Disconnected from invalid user nqc 147.135.203.181 port 46490 [preauth]
Oct 18 00:32:40 chelsea sshd[1489255]: pam_unix(sshd:auth): authentication failure; logname= uid=0 euid=0 tty=ssh ruser= rhost=112.85.42.237  user=root
Oct 18 00:32:42 chelsea sshd[1489255]: Failed password for root from 112.85.42.237 port 50257 ssh2
Oct 18 00:32:42 chelsea sshd[1489257]: Unable to negotiate with 221.120.163.94 port 3845: no matching key exchange method found. Their offer: diffie-hellman-group14-sha1,diffie-hellman-group-exchange-sha1,diffie-hellman-group1-sha1 [preauth]
Oct 18 00:32:45 chelsea sshd[1489255]: Failed password for root from 112.85.42.237 port 50257 ssh2
Oct 18 00:32:48 chelsea sshd[1489263]: Invalid user sxi from 5.196.75.47 port 58930
Oct 18 00:32:48 chelsea sshd[1489263]: pam_unix(sshd:auth): check pass; user unknown
Oct 18 00:32:48 chelsea sshd[1489263]: pam_unix(sshd:auth): authentication failure; logname= uid=0 euid=0 tty=ssh ruser= rhost=5.196.75.47 
Oct 18 00:32:49 chelsea sshd[1489255]: Failed password for root from 112.85.42.237 port 50257 ssh2
Oct 18 00:32:50 chelsea sshd[1489255]: Received disconnect from 112.85.42.237 port 50257:11:  [preauth]
Oct 18 00:32:50 chelsea sshd[1489255]: Disconnected from authenticating user root 112.85.42.237 port 50257 [preauth]
Oct 18 00:32:50 chelsea sshd[1489255]: PAM 2 more authentication failures; logname= uid=0 euid=0 tty=ssh ruser= rhost=112.85.42.237  user=root
Oct 18 00:32:50 chelsea sshd[1489269]: Unable to negotiate with 221.120.163.94 port 3846: no matching key exchange method found. Their offer: diffie-hellman-group14-sha1,diffie-hellman-group-exchange-sha1,diffie-hellman-group1-sha1 [preauth]
Oct 18 00:32:50 chelsea sshd[1489263]: Failed password for invalid user sxi from 5.196.75.47 port 58930 ssh2
Oct 18 00:32:52 chelsea sshd[1489263]: Received disconnect from 5.196.75.47 port 58930:11: Bye Bye [preauth]
Oct 18 00:32:52 chelsea sshd[1489263]: Disconnected from invalid user sxi 5.196.75.47 port 58930 [preauth]
Oct 18 00:32:56 chelsea sshd[1489275]: Invalid user gla from 185.186.243.133 port 34128
Oct 18 00:32:56 chelsea sshd[1489275]: pam_unix(sshd:auth): check pass; user unknown
Oct 18 00:32:56 chelsea sshd[1489275]: pam_unix(sshd:auth): authentication failure; logname= uid=0 euid=0 tty=ssh ruser= rhost=185.186.243.133 
Oct 18 00:32:58 chelsea sshd[1489275]: Failed password for invalid user gla from 185.186.243.133 port 34128 ssh2
Oct 18 00:32:59 chelsea sshd[1489281]: Unable to negotiate with 221.120.163.94 port 3847: no matching key exchange method found. Their offer: diffie-hellman-group14-sha1,diffie-hellman-group-exchange-sha1,diffie-hellman-group1-sha1 [preauth]
Oct 18 00:32:59 chelsea sshd[1489275]: Received disconnect from 185.186.243.133 port 34128:11: Bye Bye [preauth]
Oct 18 00:32:59 chelsea sshd[1489275]: Disconnected from invalid user gla 185.186.243.133 port 34128 [preauth]
Oct 18 00:33:03 chelsea sshd[1489283]: pam_unix(sshd:auth): authentication failure; logname= uid=0 euid=0 tty=ssh ruser= rhost=112.85.42.237  user=root
Oct 18 00:33:06 chelsea sshd[1489283]: Failed password for root from 112.85.42.237 port 16389 ssh2
Oct 18 00:33:08 chelsea sshd[1489289]: Unable to negotiate with 221.120.163.94 port 3848: no matching key exchange method found. Their offer: diffie-hellman-group14-sha1,diffie-hellman-group-exchange-sha1,diffie-hellman-group1-sha1 [preauth]
Oct 18 00:33:10 chelsea sshd[1489283]: Failed password for root from 112.85.42.237 port 16389 ssh2
Oct 18 00:33:14 chelsea sshd[1489283]: Failed password for root from 112.85.42.237 port 16389 ssh2
Oct 18 00:33:15 chelsea sshd[1489283]: Received disconnect from 112.85.42.237 port 16389:11:  [preauth]
Oct 18 00:33:15 chelsea sshd[1489283]: Disconnected from authenticating user root 112.85.42.237 port 16389 [preauth]
Oct 18 00:33:15 chelsea sshd[1489283]: PAM 2 more authentication failures; logname= uid=0 euid=0 tty=ssh ruser= rhost=112.85.42.237  user=root
Oct 18 00:33:18 chelsea sshd[1489299]: Unable to negotiate with 221.120.163.94 port 3849: no matching key exchange method found. Their offer: diffie-hellman-group14-sha1,diffie-hellman-group-exchange-sha1,diffie-hellman-group1-sha1 [preauth]
Oct 18 00:33:26 chelsea sshd[1489309]: pam_unix(sshd:auth): authentication failure; logname= uid=0 euid=0 tty=ssh ruser= rhost=112.85.42.237  user=root
Oct 18 00:33:26 chelsea sshd[1489311]: Invalid user ota from 102.39.67.51 port 50524
Oct 18 00:33:26 chelsea sshd[1489311]: pam_unix(sshd:auth): check pass; user unknown
Oct 18 00:33:26 chelsea sshd[1489311]: pam_unix(sshd:auth): authentication failure; logname= uid=0 euid=0 tty=ssh ruser= rhost=102.39.67.51 
Oct 18 00:33:27 chelsea sshd[1489313]: Unable to negotiate with 221.120.163.94 port 3850: no matching key exchange method found. Their offer: diffie-hellman-group14-sha1,diffie-hellman-group-exchange-sha1,diffie-hellman-group1-sha1 [preauth]
Oct 18 00:33:28 chelsea sshd[1489309]: Failed password for root from 112.85.42.237 port 26504 ssh2
Oct 18 00:33:29 chelsea sshd[1489311]: Failed password for invalid user ota from 102.39.67.51 port 50524 ssh2
Oct 18 00:33:29 chelsea sshd[1489311]: Received disconnect from 102.39.67.51 port 50524:11: Bye Bye [preauth]
Oct 18 00:33:29 chelsea sshd[1489311]: Disconnected from invalid user ota 102.39.67.51 port 50524 [preauth]
Oct 18 00:33:32 chelsea sshd[1489309]: Failed password for root from 112.85.42.237 port 26504 ssh2
Oct 18 00:33:36 chelsea sshd[1489323]: Unable to negotiate with 221.120.163.94 port 3851: no matching key exchange method found. Their offer: diffie-hellman-group14-sha1,diffie-hellman-group-exchange-sha1,diffie-hellman-group1-sha1 [preauth]
Oct 18 00:33:36 chelsea sshd[1489309]: Failed password for root from 112.85.42.237 port 26504 ssh2
Oct 18 00:33:37 chelsea sshd[1489309]: Received disconnect from 112.85.42.237 port 26504:11:  [preauth]
Oct 18 00:33:37 chelsea sshd[1489309]: Disconnected from authenticating user root 112.85.42.237 port 26504 [preauth]
Oct 18 00:33:37 chelsea sshd[1489309]: PAM 2 more authentication failures; logname= uid=0 euid=0 tty=ssh ruser= rhost=112.85.42.237  user=root
Oct 18 00:33:45 chelsea sshd[1489333]: Unable to negotiate with 221.120.163.94 port 3852: no matching key exchange method found. Their offer: diffie-hellman-group14-sha1,diffie-hellman-group-exchange-sha1,diffie-hellman-group1-sha1 [preauth]
Oct 18 00:33:48 chelsea sshd[1489335]: Invalid user ct from 185.186.243.133 port 44548
Oct 18 00:33:48 chelsea sshd[1489335]: pam_unix(sshd:auth): check pass; user unknown
Oct 18 00:33:48 chelsea sshd[1489335]: pam_unix(sshd:auth): authentication failure; logname= uid=0 euid=0 tty=ssh ruser= rhost=185.186.243.133 
Oct 18 00:33:51 chelsea sshd[1489335]: Failed password for invalid user ct from 185.186.243.133 port 44548 ssh2
Oct 18 00:33:52 chelsea sshd[1489341]: Invalid user tyc from 114.67.239.47 port 44882
Oct 18 00:33:52 chelsea sshd[1489341]: pam_unix(sshd:auth): check pass; user unknown
Oct 18 00:33:52 chelsea sshd[1489341]: pam_unix(sshd:auth): authentication failure; logname= uid=0 euid=0 tty=ssh ruser= rhost=114.67.239.47 
Oct 18 00:33:52 chelsea sshd[1489335]: Received disconnect from 185.186.243.133 port 44548:11: Bye Bye [preauth]
Oct 18 00:33:52 chelsea sshd[1489335]: Disconnected from invalid user ct 185.186.243.133 port 44548 [preauth]
Oct 18 00:33:54 chelsea sshd[1489341]: Failed password for invalid user tyc from 114.67.239.47 port 44882 ssh2
Oct 18 00:33:54 chelsea sshd[1489349]: Unable to negotiate with 221.120.163.94 port 3853: no matching key exchange method found. Their offer: diffie-hellman-group14-sha1,diffie-hellman-group-exchange-sha1,diffie-hellman-group1-sha1 [preauth]
Oct 18 00:33:54 chelsea sshd[1489343]: Invalid user eqh from 117.83.152.139 port 40206
Oct 18 00:33:54 chelsea sshd[1489343]: pam_unix(sshd:auth): check pass; user unknown
Oct 18 00:33:54 chelsea sshd[1489343]: pam_unix(sshd:auth): authentication failure; logname= uid=0 euid=0 tty=ssh ruser= rhost=117.83.152.139 
Oct 18 00:33:54 chelsea sshd[1489341]: Received disconnect from 114.67.239.47 port 44882:11: Bye Bye [preauth]
Oct 18 00:33:54 chelsea sshd[1489341]: Disconnected from invalid user tyc 114.67.239.47 port 44882 [preauth]
Oct 18 00:33:56 chelsea sshd[1489343]: Failed password for invalid user eqh from 117.83.152.139 port 40206 ssh2
Oct 18 00:33:58 chelsea sshd[1489343]: Received disconnect from 117.83.152.139 port 40206:11: Bye Bye [preauth]
Oct 18 00:33:58 chelsea sshd[1489343]: Disconnected from invalid user eqh 117.83.152.139 port 40206 [preauth]
Oct 18 00:34:03 chelsea sshd[1489355]: pam_unix(sshd:auth): authentication failure; logname= uid=0 euid=0 tty=ssh ruser= rhost=112.85.42.237  user=root
Oct 18 00:34:03 chelsea sshd[1489359]: Unable to negotiate with 221.120.163.94 port 3854: no matching key exchange method found. Their offer: diffie-hellman-group14-sha1,diffie-hellman-group-exchange-sha1,diffie-hellman-group1-sha1 [preauth]
Oct 18 00:34:04 chelsea sshd[1489357]: Invalid user jgt from 106.12.36.90 port 40088
Oct 18 00:34:04 chelsea sshd[1489357]: pam_unix(sshd:auth): check pass; user unknown
Oct 18 00:34:04 chelsea sshd[1489357]: pam_unix(sshd:auth): authentication failure; logname= uid=0 euid=0 tty=ssh ruser= rhost=106.12.36.90 
Oct 18 00:34:05 chelsea sshd[1489355]: Failed password for root from 112.85.42.237 port 47681 ssh2
Oct 18 00:34:06 chelsea sshd[1489357]: Failed password for invalid user jgt from 106.12.36.90 port 40088 ssh2
Oct 18 00:34:08 chelsea sshd[1489357]: Received disconnect from 106.12.36.90 port 40088:11: Bye Bye [preauth]
Oct 18 00:34:08 chelsea sshd[1489357]: Disconnected from invalid user jgt 106.12.36.90 port 40088 [preauth]
Oct 18 00:34:09 chelsea sshd[1489355]: Failed password for root from 112.85.42.237 port 47681 ssh2
Oct 18 00:34:11 chelsea sshd[1489369]: pam_unix(sshd:auth): authentication failure; logname= uid=0 euid=0 tty=ssh ruser= rhost=112.85.42.237  user=root
Oct 18 00:34:12 chelsea sshd[1489371]: Unable to negotiate with 221.120.163.94 port 3855: no matching key exchange method found. Their offer: diffie-hellman-group14-sha1,diffie-hellman-group-exchange-sha1,diffie-hellman-group1-sha1 [preauth]
Oct 18 00:34:13 chelsea sshd[1489369]: Failed password for root from 112.85.42.237 port 57736 ssh2
Oct 18 00:34:13 chelsea sshd[1489355]: Failed password for root from 112.85.42.237 port 47681 ssh2
Oct 18 00:34:14 chelsea sshd[1489355]: Received disconnect from 112.85.42.237 port 47681:11:  [preauth]
Oct 18 00:34:14 chelsea sshd[1489355]: Disconnected from authenticating user root 112.85.42.237 port 47681 [preauth]
Oct 18 00:34:14 chelsea sshd[1489355]: PAM 2 more authentication failures; logname= uid=0 euid=0 tty=ssh ruser= rhost=112.85.42.237  user=root
Oct 18 00:34:15 chelsea sshd[1489369]: Failed password for root from 112.85.42.237 port 57736 ssh2
Oct 18 00:34:20 chelsea sshd[1489369]: Failed password for root from 112.85.42.237 port 57736 ssh2
Oct 18 00:34:20 chelsea sshd[1489369]: Received disconnect from 112.85.42.237 port 57736:11:  [preauth]
Oct 18 00:34:20 chelsea sshd[1489369]: Disconnected from authenticating user root 112.85.42.237 port 57736 [preauth]
Oct 18 00:34:20 chelsea sshd[1489369]: PAM 2 more authentication failures; logname= uid=0 euid=0 tty=ssh ruser= rhost=112.85.42.237  user=root
Oct 18 00:34:21 chelsea sshd[1489381]: Unable to negotiate with 221.120.163.94 port 3856: no matching key exchange method found. Their offer: diffie-hellman-group14-sha1,diffie-hellman-group-exchange-sha1,diffie-hellman-group1-sha1 [preauth]
Oct 18 00:34:31 chelsea sshd[1489392]: Unable to negotiate with 221.120.163.94 port 3857: no matching key exchange method found. Their offer: diffie-hellman-group14-sha1,diffie-hellman-group-exchange-sha1,diffie-hellman-group1-sha1 [preauth]
Oct 18 00:34:33 chelsea sshd[1489394]: Invalid user cy from 120.71.181.52 port 44667
Oct 18 00:34:33 chelsea sshd[1489394]: pam_unix(sshd:auth): check pass; user unknown
Oct 18 00:34:33 chelsea sshd[1489394]: pam_unix(sshd:auth): authentication failure; logname= uid=0 euid=0 tty=ssh ruser= rhost=120.71.181.52 
Oct 18 00:34:35 chelsea sshd[1489396]: pam_unix(sshd:auth): authentication failure; logname= uid=0 euid=0 tty=ssh ruser= rhost=112.85.42.237  user=root
Oct 18 00:34:35 chelsea sshd[1489394]: Failed password for invalid user cy from 120.71.181.52 port 44667 ssh2
Oct 18 00:34:36 chelsea sshd[1489394]: Received disconnect from 120.71.181.52 port 44667:11: Bye Bye [preauth]
Oct 18 00:34:36 chelsea sshd[1489394]: Disconnected from invalid user cy 120.71.181.52 port 44667 [preauth]
Oct 18 00:34:37 chelsea sshd[1489396]: Failed password for root from 112.85.42.237 port 29634 ssh2
Oct 18 00:34:40 chelsea sshd[1489406]: Unable to negotiate with 221.120.163.94 port 3858: no matching key exchange method found. Their offer: diffie-hellman-group14-sha1,diffie-hellman-group-exchange-sha1,diffie-hellman-group1-sha1 [preauth]
Oct 18 00:34:41 chelsea sshd[1489396]: Failed password for root from 112.85.42.237 port 29634 ssh2
Oct 18 00:34:42 chelsea sshd[1489408]: Invalid user jeh from 185.186.243.133 port 54972
Oct 18 00:34:42 chelsea sshd[1489408]: pam_unix(sshd:auth): check pass; user unknown
Oct 18 00:34:42 chelsea sshd[1489408]: pam_unix(sshd:auth): authentication failure; logname= uid=0 euid=0 tty=ssh ruser= rhost=185.186.243.133 
Oct 18 00:34:43 chelsea sshd[1489408]: Failed password for invalid user jeh from 185.186.243.133 port 54972 ssh2
Oct 18 00:34:44 chelsea sshd[1489396]: Failed password for root from 112.85.42.237 port 29634 ssh2
Oct 18 00:34:44 chelsea sshd[1489396]: Received disconnect from 112.85.42.237 port 29634:11:  [preauth]
Oct 18 00:34:44 chelsea sshd[1489396]: Disconnected from authenticating user root 112.85.42.237 port 29634 [preauth]
Oct 18 00:34:44 chelsea sshd[1489396]: PAM 2 more authentication failures; logname= uid=0 euid=0 tty=ssh ruser= rhost=112.85.42.237  user=root
Oct 18 00:34:45 chelsea sshd[1489408]: Received disconnect from 185.186.243.133 port 54972:11: Bye Bye [preauth]
Oct 18 00:34:45 chelsea sshd[1489408]: Disconnected from invalid user jeh 185.186.243.133 port 54972 [preauth]
Oct 18 00:34:49 chelsea sshd[1489414]: Unable to negotiate with 221.120.163.94 port 3859: no matching key exchange method found. Their offer: diffie-hellman-group14-sha1,diffie-hellman-group-exchange-sha1,diffie-hellman-group1-sha1 [preauth]
Oct 18 00:34:56 chelsea sshd[1489424]: pam_unix(sshd:auth): authentication failure; logname= uid=0 euid=0 tty=ssh ruser= rhost=112.85.42.237  user=root
Oct 18 00:34:57 chelsea sshd[1489426]: Unable to negotiate with 221.120.163.94 port 3860: no matching key exchange method found. Their offer: diffie-hellman-group14-sha1,diffie-hellman-group-exchange-sha1,diffie-hellman-group1-sha1 [preauth]
Oct 18 00:34:59 chelsea sshd[1489424]: Failed password for root from 112.85.42.237 port 32009 ssh2
Oct 18 00:35:03 chelsea sshd[1489424]: Failed password for root from 112.85.42.237 port 32009 ssh2
Oct 18 00:35:06 chelsea sshd[1489424]: Failed password for root from 112.85.42.237 port 32009 ssh2
Oct 18 00:35:07 chelsea sshd[1489436]: Unable to negotiate with 221.120.163.94 port 3861: no matching key exchange method found. Their offer: diffie-hellman-group14-sha1,diffie-hellman-group-exchange-sha1,diffie-hellman-group1-sha1 [preauth]
Oct 18 00:35:08 chelsea sshd[1489424]: Received disconnect from 112.85.42.237 port 32009:11:  [preauth]
Oct 18 00:35:08 chelsea sshd[1489424]: Disconnected from authenticating user root 112.85.42.237 port 32009 [preauth]
Oct 18 00:35:08 chelsea sshd[1489424]: PAM 2 more authentication failures; logname= uid=0 euid=0 tty=ssh ruser= rhost=112.85.42.237  user=root
Oct 18 00:35:15 chelsea sshd[1489447]: Unable to negotiate with 221.120.163.94 port 3862: no matching key exchange method found. Their offer: diffie-hellman-group14-sha1,diffie-hellman-group-exchange-sha1,diffie-hellman-group1-sha1 [preauth]
Oct 18 00:35:20 chelsea sshd[1489449]: Invalid user feu from 36.155.113.199 port 45628
Oct 18 00:35:20 chelsea sshd[1489449]: pam_unix(sshd:auth): check pass; user unknown
Oct 18 00:35:20 chelsea sshd[1489449]: pam_unix(sshd:auth): authentication failure; logname= uid=0 euid=0 tty=ssh ruser= rhost=36.155.113.199 
Oct 18 00:35:22 chelsea sshd[1489449]: Failed password for invalid user feu from 36.155.113.199 port 45628 ssh2
Oct 18 00:35:24 chelsea sshd[1489459]: Unable to negotiate with 221.120.163.94 port 3863: no matching key exchange method found. Their offer: diffie-hellman-group14-sha1,diffie-hellman-group-exchange-sha1,diffie-hellman-group1-sha1 [preauth]
Oct 18 00:35:25 chelsea sshd[1489449]: Received disconnect from 36.155.113.199 port 45628:11: Bye Bye [preauth]
Oct 18 00:35:25 chelsea sshd[1489449]: Disconnected from invalid user feu 36.155.113.199 port 45628 [preauth]
Oct 18 00:35:29 chelsea sshd[1489461]: Invalid user koj from 20.46.41.35 port 51610
Oct 18 00:35:29 chelsea sshd[1489461]: pam_unix(sshd:auth): check pass; user unknown
Oct 18 00:35:29 chelsea sshd[1489461]: pam_unix(sshd:auth): authentication failure; logname= uid=0 euid=0 tty=ssh ruser= rhost=20.46.41.35 
Oct 18 00:35:31 chelsea sshd[1489467]: Invalid user ss from 218.54.123.239 port 37354
Oct 18 00:35:31 chelsea sshd[1489467]: pam_unix(sshd:auth): check pass; user unknown
Oct 18 00:35:31 chelsea sshd[1489467]: pam_unix(sshd:auth): authentication failure; logname= uid=0 euid=0 tty=ssh ruser= rhost=218.54.123.239 
Oct 18 00:35:31 chelsea sshd[1489461]: Failed password for invalid user koj from 20.46.41.35 port 51610 ssh2
Oct 18 00:35:31 chelsea sshd[1489469]: pam_unix(sshd:auth): authentication failure; logname= uid=0 euid=0 tty=ssh ruser= rhost=112.85.42.237  user=root
Oct 18 00:35:32 chelsea sshd[1489461]: Received disconnect from 20.46.41.35 port 51610:11: Bye Bye [preauth]
Oct 18 00:35:32 chelsea sshd[1489461]: Disconnected from invalid user koj 20.46.41.35 port 51610 [preauth]
Oct 18 00:35:32 chelsea sshd[1489471]: Unable to negotiate with 221.120.163.94 port 3864: no matching key exchange method found. Their offer: diffie-hellman-group14-sha1,diffie-hellman-group-exchange-sha1,diffie-hellman-group1-sha1 [preauth]
Oct 18 00:35:33 chelsea sshd[1489467]: Failed password for invalid user ss from 218.54.123.239 port 37354 ssh2
Oct 18 00:35:33 chelsea sshd[1489473]: Invalid user ys from 185.186.243.133 port 37148
Oct 18 00:35:33 chelsea sshd[1489473]: pam_unix(sshd:auth): check pass; user unknown
Oct 18 00:35:33 chelsea sshd[1489473]: pam_unix(sshd:auth): authentication failure; logname= uid=0 euid=0 tty=ssh ruser= rhost=185.186.243.133 
Oct 18 00:35:34 chelsea sshd[1489469]: Failed password for root from 112.85.42.237 port 38904 ssh2
Oct 18 00:35:35 chelsea sshd[1489467]: Received disconnect from 218.54.123.239 port 37354:11: Bye Bye [preauth]
Oct 18 00:35:35 chelsea sshd[1489467]: Disconnected from invalid user ss 218.54.123.239 port 37354 [preauth]
Oct 18 00:35:36 chelsea sshd[1489473]: Failed password for invalid user ys from 185.186.243.133 port 37148 ssh2
Oct 18 00:35:38 chelsea sshd[1489469]: Failed password for root from 112.85.42.237 port 38904 ssh2
Oct 18 00:35:38 chelsea sshd[1489473]: Received disconnect from 185.186.243.133 port 37148:11: Bye Bye [preauth]
Oct 18 00:35:38 chelsea sshd[1489473]: Disconnected from invalid user ys 185.186.243.133 port 37148 [preauth]
Oct 18 00:35:40 chelsea sshd[1489469]: Failed password for root from 112.85.42.237 port 38904 ssh2
Oct 18 00:35:41 chelsea sshd[1489469]: Received disconnect from 112.85.42.237 port 38904:11:  [preauth]
Oct 18 00:35:41 chelsea sshd[1489469]: Disconnected from authenticating user root 112.85.42.237 port 38904 [preauth]
Oct 18 00:35:41 chelsea sshd[1489469]: PAM 2 more authentication failures; logname= uid=0 euid=0 tty=ssh ruser= rhost=112.85.42.237  user=root
Oct 18 00:35:41 chelsea sshd[1489483]: Unable to negotiate with 221.120.163.94 port 3865: no matching key exchange method found. Their offer: diffie-hellman-group14-sha1,diffie-hellman-group-exchange-sha1,diffie-hellman-group1-sha1 [preauth]
Oct 18 00:35:50 chelsea sshd[1489493]: Unable to negotiate with 221.120.163.94 port 3866: no matching key exchange method found. Their offer: diffie-hellman-group14-sha1,diffie-hellman-group-exchange-sha1,diffie-hellman-group1-sha1 [preauth]
Oct 18 00:35:54 chelsea sshd[1489495]: Invalid user jwh from 102.39.67.51 port 53676
Oct 18 00:35:54 chelsea sshd[1489495]: pam_unix(sshd:auth): check pass; user unknown
Oct 18 00:35:54 chelsea sshd[1489495]: pam_unix(sshd:auth): authentication failure; logname= uid=0 euid=0 tty=ssh ruser= rhost=102.39.67.51 
Oct 18 00:35:55 chelsea sshd[1489495]: Failed password for invalid user jwh from 102.39.67.51 port 53676 ssh2
Oct 18 00:35:56 chelsea sshd[1489495]: Received disconnect from 102.39.67.51 port 53676:11: Bye Bye [preauth]
Oct 18 00:35:56 chelsea sshd[1489495]: Disconnected from invalid user jwh 102.39.67.51 port 53676 [preauth]
Oct 18 00:35:56 chelsea sshd[1489501]: pam_unix(sshd:auth): authentication failure; logname= uid=0 euid=0 tty=ssh ruser= rhost=112.85.42.237  user=root
Oct 18 00:35:58 chelsea sshd[1489503]: Unable to negotiate with 221.120.163.94 port 3867: no matching key exchange method found. Their offer: diffie-hellman-group14-sha1,diffie-hellman-group-exchange-sha1,diffie-hellman-group1-sha1 [preauth]
Oct 18 00:35:59 chelsea sshd[1489501]: Failed password for root from 112.85.42.237 port 24700 ssh2
Oct 18 00:36:02 chelsea sshd[1489501]: Failed password for root from 112.85.42.237 port 24700 ssh2
Oct 18 00:36:04 chelsea sshd[1489515]: Invalid user yw from 5.196.75.47 port 33026
Oct 18 00:36:04 chelsea sshd[1489515]: pam_unix(sshd:auth): check pass; user unknown
Oct 18 00:36:04 chelsea sshd[1489515]: pam_unix(sshd:auth): authentication failure; logname= uid=0 euid=0 tty=ssh ruser= rhost=5.196.75.47 
Oct 18 00:36:05 chelsea sshd[1489513]: pam_unix(sshd:auth): authentication failure; logname= uid=0 euid=0 tty=ssh ruser= rhost=112.85.42.237  user=root
Oct 18 00:36:05 chelsea sshd[1489501]: Failed password for root from 112.85.42.237 port 24700 ssh2
Oct 18 00:36:06 chelsea sshd[1489515]: Failed password for invalid user yw from 5.196.75.47 port 33026 ssh2
Oct 18 00:36:06 chelsea sshd[1489515]: Received disconnect from 5.196.75.47 port 33026:11: Bye Bye [preauth]
Oct 18 00:36:06 chelsea sshd[1489515]: Disconnected from invalid user yw 5.196.75.47 port 33026 [preauth]
Oct 18 00:36:07 chelsea sshd[1489513]: Failed password for root from 112.85.42.237 port 40523 ssh2
Oct 18 00:36:07 chelsea sshd[1489521]: Unable to negotiate with 221.120.163.94 port 3868: no matching key exchange method found. Their offer: diffie-hellman-group14-sha1,diffie-hellman-group-exchange-sha1,diffie-hellman-group1-sha1 [preauth]
Oct 18 00:36:07 chelsea sshd[1489523]: Invalid user ivb from 147.135.203.181 port 50984
Oct 18 00:36:07 chelsea sshd[1489523]: pam_unix(sshd:auth): check pass; user unknown
Oct 18 00:36:07 chelsea sshd[1489523]: pam_unix(sshd:auth): authentication failure; logname= uid=0 euid=0 tty=ssh ruser= rhost=147.135.203.181 
Oct 18 00:36:08 chelsea sshd[1489501]: Received disconnect from 112.85.42.237 port 24700:11:  [preauth]
Oct 18 00:36:08 chelsea sshd[1489501]: Disconnected from authenticating user root 112.85.42.237 port 24700 [preauth]
Oct 18 00:36:08 chelsea sshd[1489501]: PAM 2 more authentication failures; logname= uid=0 euid=0 tty=ssh ruser= rhost=112.85.42.237  user=root
Oct 18 00:36:08 chelsea sshd[1489519]: Invalid user it from 181.40.73.86 port 57435
Oct 18 00:36:08 chelsea sshd[1489519]: pam_unix(sshd:auth): check pass; user unknown
Oct 18 00:36:08 chelsea sshd[1489519]: pam_unix(sshd:auth): authentication failure; logname= uid=0 euid=0 tty=ssh ruser= rhost=181.40.73.86 
Oct 18 00:36:10 chelsea sshd[1489523]: Failed password for invalid user ivb from 147.135.203.181 port 50984 ssh2
Oct 18 00:36:10 chelsea sshd[1489513]: Failed password for root from 112.85.42.237 port 40523 ssh2
Oct 18 00:36:10 chelsea sshd[1489519]: Failed password for invalid user it from 181.40.73.86 port 57435 ssh2
Oct 18 00:36:11 chelsea sshd[1489519]: Received disconnect from 181.40.73.86 port 57435:11: Bye Bye [preauth]
Oct 18 00:36:11 chelsea sshd[1489519]: Disconnected from invalid user it 181.40.73.86 port 57435 [preauth]
Oct 18 00:36:11 chelsea sshd[1489517]: Invalid user kzs from 103.92.29.247 port 60186
Oct 18 00:36:11 chelsea sshd[1489517]: pam_unix(sshd:auth): check pass; user unknown
Oct 18 00:36:11 chelsea sshd[1489517]: pam_unix(sshd:auth): authentication failure; logname= uid=0 euid=0 tty=ssh ruser= rhost=103.92.29.247 
Oct 18 00:36:12 chelsea sshd[1489523]: Received disconnect from 147.135.203.181 port 50984:11: Bye Bye [preauth]
Oct 18 00:36:12 chelsea sshd[1489523]: Disconnected from invalid user ivb 147.135.203.181 port 50984 [preauth]
Oct 18 00:36:13 chelsea sshd[1489517]: Failed password for invalid user kzs from 103.92.29.247 port 60186 ssh2
Oct 18 00:36:14 chelsea sshd[1489513]: Failed password for root from 112.85.42.237 port 40523 ssh2
Oct 18 00:36:15 chelsea sshd[1489513]: Received disconnect from 112.85.42.237 port 40523:11:  [preauth]
Oct 18 00:36:15 chelsea sshd[1489513]: Disconnected from authenticating user root 112.85.42.237 port 40523 [preauth]
Oct 18 00:36:15 chelsea sshd[1489513]: PAM 2 more authentication failures; logname= uid=0 euid=0 tty=ssh ruser= rhost=112.85.42.237  user=root
Oct 18 00:36:16 chelsea sshd[1489517]: Received disconnect from 103.92.29.247 port 60186:11: Bye Bye [preauth]
Oct 18 00:36:16 chelsea sshd[1489517]: Disconnected from invalid user kzs 103.92.29.247 port 60186 [preauth]
Oct 18 00:36:17 chelsea sshd[1489533]: Unable to negotiate with 221.120.163.94 port 3869: no matching key exchange method found. Their offer: diffie-hellman-group14-sha1,diffie-hellman-group-exchange-sha1,diffie-hellman-group1-sha1 [preauth]
Oct 18 00:36:24 chelsea sshd[1489539]: Invalid user lzq from 114.67.239.47 port 49240
Oct 18 00:36:24 chelsea sshd[1489539]: pam_unix(sshd:auth): check pass; user unknown
Oct 18 00:36:24 chelsea sshd[1489539]: pam_unix(sshd:auth): authentication failure; logname= uid=0 euid=0 tty=ssh ruser= rhost=114.67.239.47 
Oct 18 00:36:25 chelsea sshd[1489547]: Unable to negotiate with 221.120.163.94 port 3870: no matching key exchange method found. Their offer: diffie-hellman-group14-sha1,diffie-hellman-group-exchange-sha1,diffie-hellman-group1-sha1 [preauth]
Oct 18 00:36:26 chelsea sshd[1489539]: Failed password for invalid user lzq from 114.67.239.47 port 49240 ssh2
Oct 18 00:36:26 chelsea sshd[1489545]: Invalid user uft from 185.186.243.133 port 47578
Oct 18 00:36:26 chelsea sshd[1489545]: pam_unix(sshd:auth): check pass; user unknown
Oct 18 00:36:26 chelsea sshd[1489545]: pam_unix(sshd:auth): authentication failure; logname= uid=0 euid=0 tty=ssh ruser= rhost=185.186.243.133 
Oct 18 00:36:27 chelsea sshd[1489539]: Received disconnect from 114.67.239.47 port 49240:11: Bye Bye [preauth]
Oct 18 00:36:27 chelsea sshd[1489539]: Disconnected from invalid user lzq 114.67.239.47 port 49240 [preauth]
Oct 18 00:36:28 chelsea sshd[1489549]: pam_unix(sshd:auth): authentication failure; logname= uid=0 euid=0 tty=ssh ruser= rhost=112.85.42.237  user=root
Oct 18 00:36:29 chelsea sshd[1489545]: Failed password for invalid user uft from 185.186.243.133 port 47578 ssh2
Oct 18 00:36:30 chelsea sshd[1489545]: Received disconnect from 185.186.243.133 port 47578:11: Bye Bye [preauth]
Oct 18 00:36:30 chelsea sshd[1489545]: Disconnected from invalid user uft 185.186.243.133 port 47578 [preauth]
Oct 18 00:36:30 chelsea sshd[1489549]: Failed password for root from 112.85.42.237 port 11389 ssh2
Oct 18 00:36:33 chelsea sshd[1489549]: Failed password for root from 112.85.42.237 port 11389 ssh2
Oct 18 00:36:34 chelsea sshd[1489559]: Unable to negotiate with 221.120.163.94 port 3871: no matching key exchange method found. Their offer: diffie-hellman-group14-sha1,diffie-hellman-group-exchange-sha1,diffie-hellman-group1-sha1 [preauth]
Oct 18 00:36:37 chelsea sshd[1489549]: Failed password for root from 112.85.42.237 port 11389 ssh2
Oct 18 00:36:37 chelsea sshd[1489549]: Received disconnect from 112.85.42.237 port 11389:11:  [preauth]
Oct 18 00:36:37 chelsea sshd[1489549]: Disconnected from authenticating user root 112.85.42.237 port 11389 [preauth]
Oct 18 00:36:37 chelsea sshd[1489549]: PAM 2 more authentication failures; logname= uid=0 euid=0 tty=ssh ruser= rhost=112.85.42.237  user=root
Oct 18 00:36:44 chelsea sshd[1489571]: Unable to negotiate with 221.120.163.94 port 3872: no matching key exchange method found. Their offer: diffie-hellman-group14-sha1,diffie-hellman-group-exchange-sha1,diffie-hellman-group1-sha1 [preauth]
Oct 18 00:36:45 chelsea sshd[1489565]: Invalid user icp from 120.71.181.52 port 59593
Oct 18 00:36:45 chelsea sshd[1489565]: pam_unix(sshd:auth): check pass; user unknown
Oct 18 00:36:45 chelsea sshd[1489565]: pam_unix(sshd:auth): authentication failure; logname= uid=0 euid=0 tty=ssh ruser= rhost=120.71.181.52 
Oct 18 00:36:47 chelsea sshd[1489565]: Failed password for invalid user icp from 120.71.181.52 port 59593 ssh2
Oct 18 00:36:48 chelsea sshd[1489565]: Received disconnect from 120.71.181.52 port 59593:11: Bye Bye [preauth]
Oct 18 00:36:48 chelsea sshd[1489565]: Disconnected from invalid user icp 120.71.181.52 port 59593 [preauth]
Oct 18 00:36:50 chelsea sshd[1489573]: pam_unix(sshd:auth): authentication failure; logname= uid=0 euid=0 tty=ssh ruser= rhost=112.85.42.237  user=root
Oct 18 00:36:52 chelsea sshd[1489573]: Failed password for root from 112.85.42.237 port 19174 ssh2
Oct 18 00:36:53 chelsea sshd[1489579]: Unable to negotiate with 221.120.163.94 port 3873: no matching key exchange method found. Their offer: diffie-hellman-group14-sha1,diffie-hellman-group-exchange-sha1,diffie-hellman-group1-sha1 [preauth]
Oct 18 00:36:54 chelsea sshd[1489573]: Failed password for root from 112.85.42.237 port 19174 ssh2
Oct 18 00:36:56 chelsea sshd[1489573]: Failed password for root from 112.85.42.237 port 19174 ssh2
Oct 18 00:36:57 chelsea sshd[1489573]: Received disconnect from 112.85.42.237 port 19174:11:  [preauth]
Oct 18 00:36:57 chelsea sshd[1489573]: Disconnected from authenticating user root 112.85.42.237 port 19174 [preauth]
Oct 18 00:36:57 chelsea sshd[1489573]: PAM 2 more authentication failures; logname= uid=0 euid=0 tty=ssh ruser= rhost=112.85.42.237  user=root
Oct 18 00:37:12 chelsea sshd[1489597]: pam_unix(sshd:auth): authentication failure; logname= uid=0 euid=0 tty=ssh ruser= rhost=112.85.42.237  user=root
Oct 18 00:37:14 chelsea sshd[1489597]: Failed password for root from 112.85.42.237 port 43613 ssh2
Oct 18 00:37:15 chelsea sshd[1489599]: Invalid user edh from 178.32.221.142 port 37858
Oct 18 00:37:15 chelsea sshd[1489599]: pam_unix(sshd:auth): check pass; user unknown
Oct 18 00:37:15 chelsea sshd[1489599]: pam_unix(sshd:auth): authentication failure; logname= uid=0 euid=0 tty=ssh ruser= rhost=178.32.221.142 
Oct 18 00:37:16 chelsea sshd[1489597]: Failed password for root from 112.85.42.237 port 43613 ssh2
Oct 18 00:37:17 chelsea sshd[1489599]: Failed password for invalid user edh from 178.32.221.142 port 37858 ssh2
Oct 18 00:37:17 chelsea sshd[1489599]: Received disconnect from 178.32.221.142 port 37858:11: Bye Bye [preauth]
Oct 18 00:37:17 chelsea sshd[1489599]: Disconnected from invalid user edh 178.32.221.142 port 37858 [preauth]
Oct 18 00:37:18 chelsea sshd[1489597]: Failed password for root from 112.85.42.237 port 43613 ssh2
Oct 18 00:37:19 chelsea sshd[1489597]: Received disconnect from 112.85.42.237 port 43613:11:  [preauth]
Oct 18 00:37:19 chelsea sshd[1489597]: Disconnected from authenticating user root 112.85.42.237 port 43613 [preauth]
Oct 18 00:37:19 chelsea sshd[1489597]: PAM 2 more authentication failures; logname= uid=0 euid=0 tty=ssh ruser= rhost=112.85.42.237  user=root
Oct 18 00:37:21 chelsea sshd[1489609]: Invalid user onc from 185.186.243.133 port 57998
Oct 18 00:37:21 chelsea sshd[1489609]: pam_unix(sshd:auth): check pass; user unknown
Oct 18 00:37:21 chelsea sshd[1489609]: pam_unix(sshd:auth): authentication failure; logname= uid=0 euid=0 tty=ssh ruser= rhost=185.186.243.133 
Oct 18 00:37:23 chelsea sshd[1489609]: Failed password for invalid user onc from 185.186.243.133 port 57998 ssh2
Oct 18 00:37:25 chelsea sshd[1489609]: Received disconnect from 185.186.243.133 port 57998:11: Bye Bye [preauth]
Oct 18 00:37:25 chelsea sshd[1489609]: Disconnected from invalid user onc 185.186.243.133 port 57998 [preauth]
Oct 18 00:37:33 chelsea sshd[1489619]: pam_unix(sshd:auth): authentication failure; logname= uid=0 euid=0 tty=ssh ruser= rhost=112.85.42.237  user=root
Oct 18 00:37:35 chelsea sshd[1489619]: Failed password for root from 112.85.42.237 port 52850 ssh2
Oct 18 00:37:37 chelsea sshd[1489619]: Failed password for root from 112.85.42.237 port 52850 ssh2
Oct 18 00:37:40 chelsea sshd[1489619]: Failed password for root from 112.85.42.237 port 52850 ssh2
Oct 18 00:37:40 chelsea sshd[1489619]: Received disconnect from 112.85.42.237 port 52850:11:  [preauth]
Oct 18 00:37:40 chelsea sshd[1489619]: Disconnected from authenticating user root 112.85.42.237 port 52850 [preauth]
Oct 18 00:37:40 chelsea sshd[1489619]: PAM 2 more authentication failures; logname= uid=0 euid=0 tty=ssh ruser= rhost=112.85.42.237  user=root
Oct 18 00:37:42 chelsea sshd[1489629]: Invalid user nt from 117.83.152.139 port 38132
Oct 18 00:37:42 chelsea sshd[1489629]: pam_unix(sshd:auth): check pass; user unknown
Oct 18 00:37:42 chelsea sshd[1489629]: pam_unix(sshd:auth): authentication failure; logname= uid=0 euid=0 tty=ssh ruser= rhost=117.83.152.139 
Oct 18 00:37:44 chelsea sshd[1489629]: Failed password for invalid user nt from 117.83.152.139 port 38132 ssh2
Oct 18 00:37:45 chelsea sshd[1489629]: Received disconnect from 117.83.152.139 port 38132:11: Bye Bye [preauth]
Oct 18 00:37:45 chelsea sshd[1489629]: Disconnected from invalid user nt 117.83.152.139 port 38132 [preauth]
Oct 18 00:37:54 chelsea sshd[1489635]: Connection closed by 106.12.36.90 port 49182 [preauth]
Oct 18 00:37:55 chelsea sshd[1489641]: Invalid user iea from 125.124.44.135 port 51876
Oct 18 00:37:55 chelsea sshd[1489641]: pam_unix(sshd:auth): check pass; user unknown
Oct 18 00:37:55 chelsea sshd[1489641]: pam_unix(sshd:auth): authentication failure; logname= uid=0 euid=0 tty=ssh ruser= rhost=125.124.44.135 
Oct 18 00:37:55 chelsea sshd[1489647]: pam_unix(sshd:auth): authentication failure; logname= uid=0 euid=0 tty=ssh ruser= rhost=112.85.42.237  user=root
Oct 18 00:37:57 chelsea sshd[1489641]: Failed password for invalid user iea from 125.124.44.135 port 51876 ssh2
Oct 18 00:37:57 chelsea sshd[1489647]: Failed password for root from 112.85.42.237 port 18330 ssh2
Oct 18 00:37:58 chelsea sshd[1489641]: Received disconnect from 125.124.44.135 port 51876:11: Bye Bye [preauth]
Oct 18 00:37:58 chelsea sshd[1489641]: Disconnected from invalid user iea 125.124.44.135 port 51876 [preauth]
Oct 18 00:37:59 chelsea sshd[1489647]: Failed password for root from 112.85.42.237 port 18330 ssh2
Oct 18 00:38:02 chelsea sshd[1489647]: Failed password for root from 112.85.42.237 port 18330 ssh2
Oct 18 00:38:02 chelsea sshd[1489647]: Received disconnect from 112.85.42.237 port 18330:11:  [preauth]
Oct 18 00:38:02 chelsea sshd[1489647]: Disconnected from authenticating user root 112.85.42.237 port 18330 [preauth]
Oct 18 00:38:02 chelsea sshd[1489647]: PAM 2 more authentication failures; logname= uid=0 euid=0 tty=ssh ruser= rhost=112.85.42.237  user=root
Oct 18 00:38:14 chelsea sshd[1489663]: Invalid user xgl from 102.39.67.51 port 56830
Oct 18 00:38:14 chelsea sshd[1489663]: pam_unix(sshd:auth): check pass; user unknown
Oct 18 00:38:14 chelsea sshd[1489663]: pam_unix(sshd:auth): authentication failure; logname= uid=0 euid=0 tty=ssh ruser= rhost=102.39.67.51 
Oct 18 00:38:16 chelsea sshd[1489661]: Invalid user yus from 83.24.18.238 port 40768
Oct 18 00:38:16 chelsea sshd[1489661]: pam_unix(sshd:auth): check pass; user unknown
Oct 18 00:38:16 chelsea sshd[1489661]: pam_unix(sshd:auth): authentication failure; logname= uid=0 euid=0 tty=ssh ruser= rhost=83.24.18.238 
Oct 18 00:38:16 chelsea sshd[1489669]: pam_unix(sshd:auth): authentication failure; logname= uid=0 euid=0 tty=ssh ruser= rhost=112.85.42.237  user=root
Oct 18 00:38:16 chelsea sshd[1489663]: Failed password for invalid user xgl from 102.39.67.51 port 56830 ssh2
Oct 18 00:38:17 chelsea sshd[1489661]: Failed password for invalid user yus from 83.24.18.238 port 40768 ssh2
Oct 18 00:38:17 chelsea sshd[1489663]: Received disconnect from 102.39.67.51 port 56830:11: Bye Bye [preauth]
Oct 18 00:38:17 chelsea sshd[1489663]: Disconnected from invalid user xgl 102.39.67.51 port 56830 [preauth]
Oct 18 00:38:18 chelsea sshd[1489669]: Failed password for root from 112.85.42.237 port 27883 ssh2
