Oct 18 00:56:04 chelsea sshd[1490805]: Received disconnect from 218.54.123.239 port 56612:11: Bye Bye [preauth]
Oct 18 00:56:04 chelsea sshd[1490805]: Disconnected from invalid user obp 218.54.123.239 port 56612 [preauth]
Oct 18 00:56:09 chelsea sshd[1490815]: pam_unix(sshd:auth): authentication failure; logname= uid=0 euid=0 tty=ssh ruser= rhost=112.85.42.237  user=root
Oct 18 00:56:10 chelsea sshd[1490817]: Invalid user hci from 185.186.243.133 port 50972
Oct 18 00:56:10 chelsea sshd[1490817]: pam_unix(sshd:auth): check pass; user unknown
Oct 18 00:56:10 chelsea sshd[1490817]: pam_unix(sshd:auth): authentication failure; logname= uid=0 euid=0 tty=ssh ruser= rhost=185.186.243.133 
Oct 18 00:56:11 chelsea sshd[1490815]: Failed password for root from 112.85.42.237 port 39938 ssh2
Oct 18 00:56:12 chelsea sshd[1490817]: Failed password for invalid user hci from 185.186.243.133 port 50972 ssh2
Oct 18 00:56:12 chelsea sshd[1490817]: Received disconnect from 185.186.243.133 port 50972:11: Bye Bye [preauth]
Oct 18 00:56:12 chelsea sshd[1490817]: Disconnected from invalid user hci 185.186.243.133 port 50972 [preauth]
Oct 18 00:56:14 chelsea sshd[1490815]: Failed password for root from 112.85.42.237 port 39938 ssh2
Oct 18 00:56:18 chelsea sshd[1490815]: Failed password for root from 112.85.42.237 port 39938 ssh2
Oct 18 00:56:18 chelsea sshd[1490815]: Received disconnect from 112.85.42.237 port 39938:11:  [preauth]
Oct 18 00:56:18 chelsea sshd[1490815]: Disconnected from authenticating user root 112.85.42.237 port 39938 [preauth]
Oct 18 00:56:18 chelsea sshd[1490815]: PAM 2 more authentication failures; logname= uid=0 euid=0 tty=ssh ruser= rhost=112.85.42.237  user=root
Oct 18 00:56:19 chelsea sshd[1490827]: Invalid user ulb from 104.209.184.101 port 36336
Oct 18 00:56:19 chelsea sshd[1490827]: pam_unix(sshd:auth): check pass; user unknown
Oct 18 00:56:19 chelsea sshd[1490827]: pam_unix(sshd:auth): authentication failure; logname= uid=0 euid=0 tty=ssh ruser= rhost=104.209.184.101 
Oct 18 00:56:20 chelsea sshd[1490827]: Failed password for invalid user ulb from 104.209.184.101 port 36336 ssh2
Oct 18 00:56:22 chelsea sshd[1490827]: Received disconnect from 104.209.184.101 port 36336:11: Bye Bye [preauth]
Oct 18 00:56:22 chelsea sshd[1490827]: Disconnected from invalid user ulb 104.209.184.101 port 36336 [preauth]
Oct 18 00:56:23 chelsea sshd[1490833]: Invalid user xs from 20.46.41.35 port 45474
Oct 18 00:56:23 chelsea sshd[1490833]: pam_unix(sshd:auth): check pass; user unknown
Oct 18 00:56:23 chelsea sshd[1490833]: pam_unix(sshd:auth): authentication failure; logname= uid=0 euid=0 tty=ssh ruser= rhost=20.46.41.35 
Oct 18 00:56:25 chelsea sshd[1490833]: Failed password for invalid user xs from 20.46.41.35 port 45474 ssh2
Oct 18 00:56:27 chelsea sshd[1490833]: Received disconnect from 20.46.41.35 port 45474:11: Bye Bye [preauth]
Oct 18 00:56:27 chelsea sshd[1490833]: Disconnected from invalid user xs 20.46.41.35 port 45474 [preauth]
Oct 18 00:56:31 chelsea sshd[1490843]: pam_unix(sshd:auth): authentication failure; logname= uid=0 euid=0 tty=ssh ruser= rhost=112.85.42.237  user=root
Oct 18 00:56:33 chelsea sshd[1490843]: Failed password for root from 112.85.42.237 port 59591 ssh2
Oct 18 00:56:36 chelsea sshd[1490843]: Failed password for root from 112.85.42.237 port 59591 ssh2
Oct 18 00:56:38 chelsea sshd[1490843]: Failed password for root from 112.85.42.237 port 59591 ssh2
Oct 18 00:56:38 chelsea sshd[1490843]: Received disconnect from 112.85.42.237 port 59591:11:  [preauth]
Oct 18 00:56:38 chelsea sshd[1490843]: Disconnected from authenticating user root 112.85.42.237 port 59591 [preauth]
Oct 18 00:56:38 chelsea sshd[1490843]: PAM 2 more authentication failures; logname= uid=0 euid=0 tty=ssh ruser= rhost=112.85.42.237  user=root
Oct 18 00:56:48 chelsea sshd[1490853]: Invalid user xww from 83.24.18.238 port 41172
Oct 18 00:56:48 chelsea sshd[1490853]: pam_unix(sshd:auth): check pass; user unknown
Oct 18 00:56:48 chelsea sshd[1490853]: pam_unix(sshd:auth): authentication failure; logname= uid=0 euid=0 tty=ssh ruser= rhost=83.24.18.238 
Oct 18 00:56:48 chelsea sshd[1490859]: Invalid user fet from 114.67.239.47 port 55870
Oct 18 00:56:48 chelsea sshd[1490859]: pam_unix(sshd:auth): check pass; user unknown
Oct 18 00:56:48 chelsea sshd[1490859]: pam_unix(sshd:auth): authentication failure; logname= uid=0 euid=0 tty=ssh ruser= rhost=114.67.239.47 
Oct 18 00:56:50 chelsea sshd[1490853]: Failed password for invalid user xww from 83.24.18.238 port 41172 ssh2
Oct 18 00:56:50 chelsea sshd[1490859]: Failed password for invalid user fet from 114.67.239.47 port 55870 ssh2
Oct 18 00:56:51 chelsea sshd[1490853]: Received disconnect from 83.24.18.238 port 41172:11: Bye Bye [preauth]
Oct 18 00:56:51 chelsea sshd[1490853]: Disconnected from invalid user xww 83.24.18.238 port 41172 [preauth]
Oct 18 00:56:52 chelsea sshd[1490859]: Received disconnect from 114.67.239.47 port 55870:11: Bye Bye [preauth]
Oct 18 00:56:52 chelsea sshd[1490859]: Disconnected from invalid user fet 114.67.239.47 port 55870 [preauth]
Oct 18 00:56:53 chelsea sshd[1490865]: pam_unix(sshd:auth): authentication failure; logname= uid=0 euid=0 tty=ssh ruser= rhost=112.85.42.237  user=root
Oct 18 00:56:55 chelsea sshd[1490865]: Failed password for root from 112.85.42.237 port 17541 ssh2
Oct 18 00:56:57 chelsea sshd[1490865]: Failed password for root from 112.85.42.237 port 17541 ssh2
Oct 18 00:56:59 chelsea sshd[1490865]: Failed password for root from 112.85.42.237 port 17541 ssh2
Oct 18 00:57:00 chelsea sshd[1490865]: Received disconnect from 112.85.42.237 port 17541:11:  [preauth]
Oct 18 00:57:00 chelsea sshd[1490865]: Disconnected from authenticating user root 112.85.42.237 port 17541 [preauth]
Oct 18 00:57:00 chelsea sshd[1490865]: PAM 2 more authentication failures; logname= uid=0 euid=0 tty=ssh ruser= rhost=112.85.42.237  user=root
Oct 18 00:57:02 chelsea sshd[1490875]: Invalid user nix from 106.12.36.90 port 38238
Oct 18 00:57:02 chelsea sshd[1490875]: pam_unix(sshd:auth): check pass; user unknown
Oct 18 00:57:02 chelsea sshd[1490875]: pam_unix(sshd:auth): authentication failure; logname= uid=0 euid=0 tty=ssh ruser= rhost=106.12.36.90 
Oct 18 00:57:02 chelsea sshd[1490877]: Invalid user nao from 185.186.243.133 port 33162
Oct 18 00:57:02 chelsea sshd[1490877]: pam_unix(sshd:auth): check pass; user unknown
Oct 18 00:57:02 chelsea sshd[1490877]: pam_unix(sshd:auth): authentication failure; logname= uid=0 euid=0 tty=ssh ruser= rhost=185.186.243.133 
Oct 18 00:57:04 chelsea sshd[1490875]: Failed password for invalid user nix from 106.12.36.90 port 38238 ssh2
Oct 18 00:57:04 chelsea sshd[1490877]: Failed password for invalid user nao from 185.186.243.133 port 33162 ssh2
Oct 18 00:57:05 chelsea sshd[1490877]: Received disconnect from 185.186.243.133 port 33162:11: Bye Bye [preauth]
Oct 18 00:57:05 chelsea sshd[1490877]: Disconnected from invalid user nao 185.186.243.133 port 33162 [preauth]
Oct 18 00:57:05 chelsea sshd[1490875]: Received disconnect from 106.12.36.90 port 38238:11: Bye Bye [preauth]
Oct 18 00:57:05 chelsea sshd[1490875]: Disconnected from invalid user nix 106.12.36.90 port 38238 [preauth]
Oct 18 00:57:09 chelsea sshd[1490884]: Invalid user eg from 120.71.181.52 port 52768
Oct 18 00:57:09 chelsea sshd[1490884]: pam_unix(sshd:auth): check pass; user unknown
Oct 18 00:57:09 chelsea sshd[1490884]: pam_unix(sshd:auth): authentication failure; logname= uid=0 euid=0 tty=ssh ruser= rhost=120.71.181.52 
Oct 18 00:57:10 chelsea sshd[1490884]: Failed password for invalid user eg from 120.71.181.52 port 52768 ssh2
Oct 18 00:57:11 chelsea sshd[1490884]: Received disconnect from 120.71.181.52 port 52768:11: Bye Bye [preauth]
Oct 18 00:57:11 chelsea sshd[1490884]: Disconnected from invalid user eg 120.71.181.52 port 52768 [preauth]
Oct 18 00:57:14 chelsea sshd[1490883]: Invalid user ykx from 103.92.29.247 port 39070
Oct 18 00:57:14 chelsea sshd[1490883]: pam_unix(sshd:auth): check pass; user unknown
Oct 18 00:57:14 chelsea sshd[1490883]: pam_unix(sshd:auth): authentication failure; logname= uid=0 euid=0 tty=ssh ruser= rhost=103.92.29.247 
Oct 18 00:57:14 chelsea sshd[1490891]: pam_unix(sshd:auth): authentication failure; logname= uid=0 euid=0 tty=ssh ruser= rhost=112.85.42.237  user=root
Oct 18 00:57:16 chelsea sshd[1490883]: Failed password for invalid user ykx from 103.92.29.247 port 39070 ssh2
Oct 18 00:57:16 chelsea sshd[1490891]: Failed password for root from 112.85.42.237 port 29074 ssh2
Oct 18 00:57:18 chelsea sshd[1490891]: Failed password for root from 112.85.42.237 port 29074 ssh2
Oct 18 00:57:19 chelsea sshd[1490883]: Received disconnect from 103.92.29.247 port 39070:11: Bye Bye [preauth]
Oct 18 00:57:19 chelsea sshd[1490883]: Disconnected from invalid user ykx 103.92.29.247 port 39070 [preauth]
Oct 18 00:57:21 chelsea sshd[1490891]: Failed password for root from 112.85.42.237 port 29074 ssh2
Oct 18 00:57:24 chelsea sshd[1490891]: Received disconnect from 112.85.42.237 port 29074:11:  [preauth]
Oct 18 00:57:24 chelsea sshd[1490891]: Disconnected from authenticating user root 112.85.42.237 port 29074 [preauth]
Oct 18 00:57:24 chelsea sshd[1490891]: PAM 2 more authentication failures; logname= uid=0 euid=0 tty=ssh ruser= rhost=112.85.42.237  user=root
Oct 18 00:57:25 chelsea sshd[1490901]: Received disconnect from 222.186.30.35 port 55083:11:  [preauth]
Oct 18 00:57:25 chelsea sshd[1490901]: Disconnected from 222.186.30.35 port 55083 [preauth]
Oct 18 00:57:43 chelsea sshd[1490921]: Invalid user nbe from 147.135.203.181 port 49724
Oct 18 00:57:43 chelsea sshd[1490921]: pam_unix(sshd:auth): check pass; user unknown
Oct 18 00:57:43 chelsea sshd[1490921]: pam_unix(sshd:auth): authentication failure; logname= uid=0 euid=0 tty=ssh ruser= rhost=147.135.203.181 
Oct 18 00:57:43 chelsea sshd[1490919]: Invalid user qde from 102.39.67.51 port 53906
Oct 18 00:57:43 chelsea sshd[1490919]: pam_unix(sshd:auth): check pass; user unknown
Oct 18 00:57:43 chelsea sshd[1490919]: pam_unix(sshd:auth): authentication failure; logname= uid=0 euid=0 tty=ssh ruser= rhost=102.39.67.51 
Oct 18 00:57:45 chelsea sshd[1490921]: Failed password for invalid user nbe from 147.135.203.181 port 49724 ssh2
Oct 18 00:57:45 chelsea sshd[1490919]: Failed password for invalid user qde from 102.39.67.51 port 53906 ssh2
Oct 18 00:57:47 chelsea sshd[1490921]: Received disconnect from 147.135.203.181 port 49724:11: Bye Bye [preauth]
Oct 18 00:57:47 chelsea sshd[1490921]: Disconnected from invalid user nbe 147.135.203.181 port 49724 [preauth]
Oct 18 00:57:47 chelsea sshd[1490919]: Received disconnect from 102.39.67.51 port 53906:11: Bye Bye [preauth]
Oct 18 00:57:47 chelsea sshd[1490919]: Disconnected from invalid user qde 102.39.67.51 port 53906 [preauth]
Oct 18 00:57:50 chelsea sshd[1490927]: pam_unix(sshd:auth): authentication failure; logname= uid=0 euid=0 tty=ssh ruser= rhost=112.85.42.237  user=root
Oct 18 00:57:53 chelsea sshd[1490927]: Failed password for root from 112.85.42.237 port 49993 ssh2
Oct 18 00:57:57 chelsea sshd[1490927]: Failed password for root from 112.85.42.237 port 49993 ssh2
Oct 18 00:58:00 chelsea sshd[1490938]: pam_unix(sshd:auth): authentication failure; logname= uid=0 euid=0 tty=ssh ruser= rhost=112.85.42.237  user=root
Oct 18 00:58:00 chelsea sshd[1490937]: Invalid user gyp from 185.186.243.133 port 43586
Oct 18 00:58:00 chelsea sshd[1490937]: pam_unix(sshd:auth): check pass; user unknown
Oct 18 00:58:00 chelsea sshd[1490937]: pam_unix(sshd:auth): authentication failure; logname= uid=0 euid=0 tty=ssh ruser= rhost=185.186.243.133 
Oct 18 00:58:01 chelsea sshd[1490927]: Failed password for root from 112.85.42.237 port 49993 ssh2
Oct 18 00:58:01 chelsea sshd[1490927]: Received disconnect from 112.85.42.237 port 49993:11:  [preauth]
Oct 18 00:58:01 chelsea sshd[1490927]: Disconnected from authenticating user root 112.85.42.237 port 49993 [preauth]
Oct 18 00:58:01 chelsea sshd[1490927]: PAM 2 more authentication failures; logname= uid=0 euid=0 tty=ssh ruser= rhost=112.85.42.237  user=root
Oct 18 00:58:01 chelsea sshd[1490938]: Failed password for root from 112.85.42.237 port 12781 ssh2
Oct 18 00:58:02 chelsea sshd[1490937]: Failed password for invalid user gyp from 185.186.243.133 port 43586 ssh2
Oct 18 00:58:02 chelsea sshd[1490937]: Received disconnect from 185.186.243.133 port 43586:11: Bye Bye [preauth]
Oct 18 00:58:02 chelsea sshd[1490937]: Disconnected from invalid user gyp 185.186.243.133 port 43586 [preauth]
Oct 18 00:58:05 chelsea sshd[1490945]: Invalid user jp from 5.196.75.47 port 49332
Oct 18 00:58:05 chelsea sshd[1490945]: pam_unix(sshd:auth): check pass; user unknown
Oct 18 00:58:05 chelsea sshd[1490945]: pam_unix(sshd:auth): authentication failure; logname= uid=0 euid=0 tty=ssh ruser= rhost=5.196.75.47 
Oct 18 00:58:05 chelsea sshd[1490938]: Failed password for root from 112.85.42.237 port 12781 ssh2
Oct 18 00:58:07 chelsea sshd[1490945]: Failed password for invalid user jp from 5.196.75.47 port 49332 ssh2
Oct 18 00:58:08 chelsea sshd[1490945]: Received disconnect from 5.196.75.47 port 49332:11: Bye Bye [preauth]
Oct 18 00:58:08 chelsea sshd[1490945]: Disconnected from invalid user jp 5.196.75.47 port 49332 [preauth]
Oct 18 00:58:09 chelsea sshd[1490938]: Failed password for root from 112.85.42.237 port 12781 ssh2
Oct 18 00:58:09 chelsea sshd[1490938]: Received disconnect from 112.85.42.237 port 12781:11:  [preauth]
Oct 18 00:58:09 chelsea sshd[1490938]: Disconnected from authenticating user root 112.85.42.237 port 12781 [preauth]
Oct 18 00:58:09 chelsea sshd[1490938]: PAM 2 more authentication failures; logname= uid=0 euid=0 tty=ssh ruser= rhost=112.85.42.237  user=root
Oct 18 00:58:24 chelsea sshd[1490964]: pam_unix(sshd:auth): authentication failure; logname= uid=0 euid=0 tty=ssh ruser= rhost=112.85.42.237  user=root
Oct 18 00:58:26 chelsea sshd[1490964]: Failed password for root from 112.85.42.237 port 43684 ssh2
Oct 18 00:58:29 chelsea sshd[1490964]: Failed password for root from 112.85.42.237 port 43684 ssh2
Oct 18 00:58:33 chelsea sshd[1490964]: Failed password for root from 112.85.42.237 port 43684 ssh2
Oct 18 00:58:33 chelsea sshd[1490964]: Received disconnect from 112.85.42.237 port 43684:11:  [preauth]
Oct 18 00:58:33 chelsea sshd[1490964]: Disconnected from authenticating user root 112.85.42.237 port 43684 [preauth]
Oct 18 00:58:33 chelsea sshd[1490964]: PAM 2 more authentication failures; logname= uid=0 euid=0 tty=ssh ruser= rhost=112.85.42.237  user=root
Oct 18 00:58:41 chelsea sshd[1490978]: Invalid user jmf from 125.124.44.135 port 34554
Oct 18 00:58:41 chelsea sshd[1490978]: pam_unix(sshd:auth): check pass; user unknown
Oct 18 00:58:41 chelsea sshd[1490978]: pam_unix(sshd:auth): authentication failure; logname= uid=0 euid=0 tty=ssh ruser= rhost=125.124.44.135 
Oct 18 00:58:41 chelsea sshd[1490984]: Invalid user hce from 51.77.210.17 port 37844
Oct 18 00:58:41 chelsea sshd[1490984]: pam_unix(sshd:auth): check pass; user unknown
Oct 18 00:58:41 chelsea sshd[1490984]: pam_unix(sshd:auth): authentication failure; logname= uid=0 euid=0 tty=ssh ruser= rhost=51.77.210.17 
Oct 18 00:58:43 chelsea sshd[1490978]: Failed password for invalid user jmf from 125.124.44.135 port 34554 ssh2
Oct 18 00:58:43 chelsea sshd[1490984]: Failed password for invalid user hce from 51.77.210.17 port 37844 ssh2
Oct 18 00:58:43 chelsea sshd[1490986]: Invalid user dge from 36.155.113.199 port 52396
Oct 18 00:58:43 chelsea sshd[1490986]: pam_unix(sshd:auth): check pass; user unknown
Oct 18 00:58:43 chelsea sshd[1490986]: pam_unix(sshd:auth): authentication failure; logname= uid=0 euid=0 tty=ssh ruser= rhost=36.155.113.199 
Oct 18 00:58:45 chelsea sshd[1490984]: Received disconnect from 51.77.210.17 port 37844:11: Bye Bye [preauth]
Oct 18 00:58:45 chelsea sshd[1490984]: Disconnected from invalid user hce 51.77.210.17 port 37844 [preauth]
Oct 18 00:58:45 chelsea sshd[1490986]: Failed password for invalid user dge from 36.155.113.199 port 52396 ssh2
Oct 18 00:58:45 chelsea sshd[1490988]: pam_unix(sshd:auth): authentication failure; logname= uid=0 euid=0 tty=ssh ruser= rhost=112.85.42.237  user=root
Oct 18 00:58:45 chelsea sshd[1490978]: Received disconnect from 125.124.44.135 port 34554:11: Bye Bye [preauth]
Oct 18 00:58:45 chelsea sshd[1490978]: Disconnected from invalid user jmf 125.124.44.135 port 34554 [preauth]
Oct 18 00:58:46 chelsea sshd[1490986]: Received disconnect from 36.155.113.199 port 52396:11: Bye Bye [preauth]
Oct 18 00:58:46 chelsea sshd[1490986]: Disconnected from invalid user dge 36.155.113.199 port 52396 [preauth]
Oct 18 00:58:47 chelsea sshd[1490988]: Failed password for root from 112.85.42.237 port 51757 ssh2
Oct 18 00:58:50 chelsea sshd[1490994]: Invalid user puj from 218.54.123.239 port 47274
Oct 18 00:58:50 chelsea sshd[1490994]: pam_unix(sshd:auth): check pass; user unknown
Oct 18 00:58:50 chelsea sshd[1490994]: pam_unix(sshd:auth): authentication failure; logname= uid=0 euid=0 tty=ssh ruser= rhost=218.54.123.239 
Oct 18 00:58:50 chelsea sshd[1490988]: Failed password for root from 112.85.42.237 port 51757 ssh2
Oct 18 00:58:51 chelsea sshd[1491000]: Invalid user rtp from 185.186.243.133 port 54004
Oct 18 00:58:51 chelsea sshd[1491000]: pam_unix(sshd:auth): check pass; user unknown
Oct 18 00:58:51 chelsea sshd[1491000]: pam_unix(sshd:auth): authentication failure; logname= uid=0 euid=0 tty=ssh ruser= rhost=185.186.243.133 
Oct 18 00:58:52 chelsea sshd[1490994]: Failed password for invalid user puj from 218.54.123.239 port 47274 ssh2
Oct 18 00:58:53 chelsea sshd[1491000]: Failed password for invalid user rtp from 185.186.243.133 port 54004 ssh2
Oct 18 00:58:54 chelsea sshd[1491000]: Received disconnect from 185.186.243.133 port 54004:11: Bye Bye [preauth]
Oct 18 00:58:54 chelsea sshd[1491000]: Disconnected from invalid user rtp 185.186.243.133 port 54004 [preauth]
Oct 18 00:58:54 chelsea sshd[1490988]: Failed password for root from 112.85.42.237 port 51757 ssh2
Oct 18 00:58:54 chelsea sshd[1490994]: Received disconnect from 218.54.123.239 port 47274:11: Bye Bye [preauth]
Oct 18 00:58:54 chelsea sshd[1490994]: Disconnected from invalid user puj 218.54.123.239 port 47274 [preauth]
Oct 18 00:58:57 chelsea sshd[1490988]: Received disconnect from 112.85.42.237 port 51757:11:  [preauth]
Oct 18 00:58:57 chelsea sshd[1490988]: Disconnected from authenticating user root 112.85.42.237 port 51757 [preauth]
Oct 18 00:58:57 chelsea sshd[1490988]: PAM 2 more authentication failures; logname= uid=0 euid=0 tty=ssh ruser= rhost=112.85.42.237  user=root
Oct 18 00:59:04 chelsea sshd[1491010]: Invalid user yrd from 181.40.73.86 port 32384
Oct 18 00:59:04 chelsea sshd[1491010]: pam_unix(sshd:auth): check pass; user unknown
Oct 18 00:59:04 chelsea sshd[1491010]: pam_unix(sshd:auth): authentication failure; logname= uid=0 euid=0 tty=ssh ruser= rhost=181.40.73.86 
Oct 18 00:59:06 chelsea sshd[1491010]: Failed password for invalid user yrd from 181.40.73.86 port 32384 ssh2
Oct 18 00:59:08 chelsea sshd[1491010]: Received disconnect from 181.40.73.86 port 32384:11: Bye Bye [preauth]
Oct 18 00:59:08 chelsea sshd[1491010]: Disconnected from invalid user yrd 181.40.73.86 port 32384 [preauth]
Oct 18 00:59:08 chelsea sshd[1491016]: pam_unix(sshd:auth): authentication failure; logname= uid=0 euid=0 tty=ssh ruser= rhost=112.85.42.237  user=root
Oct 18 00:59:11 chelsea sshd[1491016]: Failed password for root from 112.85.42.237 port 64570 ssh2
Oct 18 00:59:15 chelsea sshd[1491016]: Failed password for root from 112.85.42.237 port 64570 ssh2
Oct 18 00:59:19 chelsea sshd[1491016]: Failed password for root from 112.85.42.237 port 64570 ssh2
Oct 18 00:59:19 chelsea sshd[1491016]: Received disconnect from 112.85.42.237 port 64570:11:  [preauth]
Oct 18 00:59:19 chelsea sshd[1491016]: Disconnected from authenticating user root 112.85.42.237 port 64570 [preauth]
Oct 18 00:59:19 chelsea sshd[1491016]: PAM 2 more authentication failures; logname= uid=0 euid=0 tty=ssh ruser= rhost=112.85.42.237  user=root
Oct 18 00:59:21 chelsea sshd[1491030]: Invalid user rqc from 114.67.239.47 port 60230
Oct 18 00:59:21 chelsea sshd[1491030]: pam_unix(sshd:auth): check pass; user unknown
Oct 18 00:59:21 chelsea sshd[1491030]: pam_unix(sshd:auth): authentication failure; logname= uid=0 euid=0 tty=ssh ruser= rhost=114.67.239.47 
Oct 18 00:59:23 chelsea sshd[1491030]: Failed password for invalid user rqc from 114.67.239.47 port 60230 ssh2
Oct 18 00:59:24 chelsea sshd[1491030]: Received disconnect from 114.67.239.47 port 60230:11: Bye Bye [preauth]
Oct 18 00:59:24 chelsea sshd[1491030]: Disconnected from invalid user rqc 114.67.239.47 port 60230 [preauth]
Oct 18 00:59:29 chelsea sshd[1491037]: Invalid user pfo from 120.71.181.52 port 39463
Oct 18 00:59:29 chelsea sshd[1491037]: pam_unix(sshd:auth): check pass; user unknown
Oct 18 00:59:29 chelsea sshd[1491037]: pam_unix(sshd:auth): authentication failure; logname= uid=0 euid=0 tty=ssh ruser= rhost=120.71.181.52 
Oct 18 00:59:31 chelsea sshd[1491039]: pam_unix(sshd:auth): authentication failure; logname= uid=0 euid=0 tty=ssh ruser= rhost=112.85.42.237  user=root
Oct 18 00:59:32 chelsea sshd[1491037]: Failed password for invalid user pfo from 120.71.181.52 port 39463 ssh2
Oct 18 00:59:33 chelsea sshd[1491039]: Failed password for root from 112.85.42.237 port 26710 ssh2
Oct 18 00:59:33 chelsea sshd[1491045]: Invalid user ai from 117.83.152.139 port 58104
Oct 18 00:59:33 chelsea sshd[1491045]: pam_unix(sshd:auth): check pass; user unknown
Oct 18 00:59:33 chelsea sshd[1491045]: pam_unix(sshd:auth): authentication failure; logname= uid=0 euid=0 tty=ssh ruser= rhost=117.83.152.139 
Oct 18 00:59:34 chelsea sshd[1491037]: Received disconnect from 120.71.181.52 port 39463:11: Bye Bye [preauth]
Oct 18 00:59:34 chelsea sshd[1491037]: Disconnected from invalid user pfo 120.71.181.52 port 39463 [preauth]
Oct 18 00:59:35 chelsea sshd[1491045]: Failed password for invalid user ai from 117.83.152.139 port 58104 ssh2
Oct 18 00:59:36 chelsea sshd[1491045]: Received disconnect from 117.83.152.139 port 58104:11: Bye Bye [preauth]
Oct 18 00:59:36 chelsea sshd[1491045]: Disconnected from invalid user ai 117.83.152.139 port 58104 [preauth]
Oct 18 00:59:37 chelsea sshd[1491039]: Failed password for root from 112.85.42.237 port 26710 ssh2
Oct 18 00:59:40 chelsea sshd[1491039]: Failed password for root from 112.85.42.237 port 26710 ssh2
Oct 18 00:59:42 chelsea sshd[1491039]: Received disconnect from 112.85.42.237 port 26710:11:  [preauth]
Oct 18 00:59:42 chelsea sshd[1491039]: Disconnected from authenticating user root 112.85.42.237 port 26710 [preauth]
Oct 18 00:59:42 chelsea sshd[1491039]: PAM 2 more authentication failures; logname= uid=0 euid=0 tty=ssh ruser= rhost=112.85.42.237  user=root
Oct 18 00:59:44 chelsea sshd[1491055]: Invalid user ja from 185.186.243.133 port 36188
Oct 18 00:59:44 chelsea sshd[1491055]: pam_unix(sshd:auth): check pass; user unknown
Oct 18 00:59:44 chelsea sshd[1491055]: pam_unix(sshd:auth): authentication failure; logname= uid=0 euid=0 tty=ssh ruser= rhost=185.186.243.133 
Oct 18 00:59:46 chelsea sshd[1491055]: Failed password for invalid user ja from 185.186.243.133 port 36188 ssh2
Oct 18 00:59:48 chelsea sshd[1491055]: Received disconnect from 185.186.243.133 port 36188:11: Bye Bye [preauth]
Oct 18 00:59:48 chelsea sshd[1491055]: Disconnected from invalid user ja 185.186.243.133 port 36188 [preauth]
Oct 18 00:59:54 chelsea sshd[1491065]: pam_unix(sshd:auth): authentication failure; logname= uid=0 euid=0 tty=ssh ruser= rhost=112.85.42.237  user=root
Oct 18 00:59:57 chelsea sshd[1491065]: Failed password for root from 112.85.42.237 port 45745 ssh2
Oct 18 01:00:01 chelsea sshd[1491065]: Failed password for root from 112.85.42.237 port 45745 ssh2
Oct 18 01:00:03 chelsea sshd[1491065]: Failed password for root from 112.85.42.237 port 45745 ssh2
Oct 18 01:00:06 chelsea sshd[1491065]: Received disconnect from 112.85.42.237 port 45745:11:  [preauth]
Oct 18 01:00:06 chelsea sshd[1491065]: Disconnected from authenticating user root 112.85.42.237 port 45745 [preauth]
Oct 18 01:00:06 chelsea sshd[1491065]: PAM 2 more authentication failures; logname= uid=0 euid=0 tty=ssh ruser= rhost=112.85.42.237  user=root
Oct 18 01:00:15 chelsea sshd[1491083]: Invalid user tbq from 102.39.67.51 port 57074
Oct 18 01:00:15 chelsea sshd[1491083]: pam_unix(sshd:auth): check pass; user unknown
Oct 18 01:00:15 chelsea sshd[1491083]: pam_unix(sshd:auth): authentication failure; logname= uid=0 euid=0 tty=ssh ruser= rhost=102.39.67.51 
Oct 18 01:00:16 chelsea sshd[1491083]: Failed password for invalid user tbq from 102.39.67.51 port 57074 ssh2
Oct 18 01:00:17 chelsea sshd[1491083]: Received disconnect from 102.39.67.51 port 57074:11: Bye Bye [preauth]
Oct 18 01:00:17 chelsea sshd[1491083]: Disconnected from invalid user tbq 102.39.67.51 port 57074 [preauth]
Oct 18 01:00:17 chelsea sshd[1491089]: pam_unix(sshd:auth): authentication failure; logname= uid=0 euid=0 tty=ssh ruser= rhost=112.85.42.237  user=root
Oct 18 01:00:19 chelsea sshd[1491089]: Failed password for root from 112.85.42.237 port 59402 ssh2
Oct 18 01:00:24 chelsea sshd[1491089]: Failed password for root from 112.85.42.237 port 59402 ssh2
Oct 18 01:00:26 chelsea sshd[1491089]: Failed password for root from 112.85.42.237 port 59402 ssh2
Oct 18 01:00:29 chelsea sshd[1491089]: Received disconnect from 112.85.42.237 port 59402:11:  [preauth]
Oct 18 01:00:29 chelsea sshd[1491089]: Disconnected from authenticating user root 112.85.42.237 port 59402 [preauth]
Oct 18 01:00:29 chelsea sshd[1491089]: PAM 2 more authentication failures; logname= uid=0 euid=0 tty=ssh ruser= rhost=112.85.42.237  user=root
Oct 18 01:00:32 chelsea sshd[1491103]: Invalid user tfa from 20.46.41.35 port 49890
Oct 18 01:00:32 chelsea sshd[1491103]: pam_unix(sshd:auth): check pass; user unknown
Oct 18 01:00:32 chelsea sshd[1491103]: pam_unix(sshd:auth): authentication failure; logname= uid=0 euid=0 tty=ssh ruser= rhost=20.46.41.35 
Oct 18 01:00:34 chelsea sshd[1491103]: Failed password for invalid user tfa from 20.46.41.35 port 49890 ssh2
Oct 18 01:00:36 chelsea sshd[1491103]: Received disconnect from 20.46.41.35 port 49890:11: Bye Bye [preauth]
Oct 18 01:00:36 chelsea sshd[1491103]: Disconnected from invalid user tfa 20.46.41.35 port 49890 [preauth]
Oct 18 01:00:38 chelsea sshd[1491109]: Invalid user yvy from 185.186.243.133 port 46610
Oct 18 01:00:38 chelsea sshd[1491109]: pam_unix(sshd:auth): check pass; user unknown
Oct 18 01:00:38 chelsea sshd[1491109]: pam_unix(sshd:auth): authentication failure; logname= uid=0 euid=0 tty=ssh ruser= rhost=185.186.243.133 
Oct 18 01:00:40 chelsea sshd[1491109]: Failed password for invalid user yvy from 185.186.243.133 port 46610 ssh2
Oct 18 01:00:40 chelsea sshd[1491111]: pam_unix(sshd:auth): authentication failure; logname= uid=0 euid=0 tty=ssh ruser= rhost=112.85.42.237  user=root
Oct 18 01:00:40 chelsea sshd[1491109]: Received disconnect from 185.186.243.133 port 46610:11: Bye Bye [preauth]
Oct 18 01:00:40 chelsea sshd[1491109]: Disconnected from invalid user yvy 185.186.243.133 port 46610 [preauth]
Oct 18 01:00:41 chelsea sshd[1491111]: Failed password for root from 112.85.42.237 port 20414 ssh2
Oct 18 01:00:45 chelsea sshd[1491111]: Failed password for root from 112.85.42.237 port 20414 ssh2
Oct 18 01:00:49 chelsea sshd[1491111]: Failed password for root from 112.85.42.237 port 20414 ssh2
Oct 18 01:00:51 chelsea sshd[1491111]: Received disconnect from 112.85.42.237 port 20414:11:  [preauth]
Oct 18 01:00:51 chelsea sshd[1491111]: Disconnected from authenticating user root 112.85.42.237 port 20414 [preauth]
Oct 18 01:00:51 chelsea sshd[1491111]: PAM 2 more authentication failures; logname= uid=0 euid=0 tty=ssh ruser= rhost=112.85.42.237  user=root
Oct 18 01:00:56 chelsea sshd[1491125]: Invalid user qzd from 106.12.36.90 port 47336
Oct 18 01:00:56 chelsea sshd[1491125]: pam_unix(sshd:auth): check pass; user unknown
Oct 18 01:00:56 chelsea sshd[1491125]: pam_unix(sshd:auth): authentication failure; logname= uid=0 euid=0 tty=ssh ruser= rhost=106.12.36.90 
Oct 18 01:00:58 chelsea sshd[1491125]: Failed password for invalid user qzd from 106.12.36.90 port 47336 ssh2
Oct 18 01:00:59 chelsea sshd[1491125]: Received disconnect from 106.12.36.90 port 47336:11: Bye Bye [preauth]
Oct 18 01:00:59 chelsea sshd[1491125]: Disconnected from invalid user qzd 106.12.36.90 port 47336 [preauth]
Oct 18 01:01:02 chelsea sshd[1491135]: pam_unix(sshd:auth): authentication failure; logname= uid=0 euid=0 tty=ssh ruser= rhost=112.85.42.237  user=root
Oct 18 01:01:04 chelsea sshd[1491135]: Failed password for root from 112.85.42.237 port 34297 ssh2
Oct 18 01:01:09 chelsea sshd[1491135]: Failed password for root from 112.85.42.237 port 34297 ssh2
Oct 18 01:01:12 chelsea sshd[1491135]: Failed password for root from 112.85.42.237 port 34297 ssh2
Oct 18 01:01:13 chelsea sshd[1491135]: Received disconnect from 112.85.42.237 port 34297:11:  [preauth]
Oct 18 01:01:13 chelsea sshd[1491135]: Disconnected from authenticating user root 112.85.42.237 port 34297 [preauth]
Oct 18 01:01:13 chelsea sshd[1491135]: PAM 2 more authentication failures; logname= uid=0 euid=0 tty=ssh ruser= rhost=112.85.42.237  user=root
Oct 18 01:01:20 chelsea sshd[1491153]: Invalid user ffh from 5.196.75.47 port 51656
Oct 18 01:01:20 chelsea sshd[1491153]: pam_unix(sshd:auth): check pass; user unknown
Oct 18 01:01:20 chelsea sshd[1491153]: pam_unix(sshd:auth): authentication failure; logname= uid=0 euid=0 tty=ssh ruser= rhost=5.196.75.47 
Oct 18 01:01:23 chelsea sshd[1491153]: Failed password for invalid user ffh from 5.196.75.47 port 51656 ssh2
Oct 18 01:01:23 chelsea sshd[1491153]: Received disconnect from 5.196.75.47 port 51656:11: Bye Bye [preauth]
Oct 18 01:01:23 chelsea sshd[1491153]: Disconnected from invalid user ffh 5.196.75.47 port 51656 [preauth]
Oct 18 01:01:24 chelsea sshd[1491155]: pam_unix(sshd:auth): authentication failure; logname= uid=0 euid=0 tty=ssh ruser= rhost=112.85.42.237  user=root
Oct 18 01:01:25 chelsea sshd[1491157]: Invalid user phr from 147.135.203.181 port 54220
Oct 18 01:01:25 chelsea sshd[1491157]: pam_unix(sshd:auth): check pass; user unknown
Oct 18 01:01:25 chelsea sshd[1491157]: pam_unix(sshd:auth): authentication failure; logname= uid=0 euid=0 tty=ssh ruser= rhost=147.135.203.181 
Oct 18 01:01:26 chelsea sshd[1491155]: Failed password for root from 112.85.42.237 port 53356 ssh2
Oct 18 01:01:27 chelsea sshd[1491157]: Failed password for invalid user phr from 147.135.203.181 port 54220 ssh2
Oct 18 01:01:27 chelsea sshd[1491157]: Received disconnect from 147.135.203.181 port 54220:11: Bye Bye [preauth]
Oct 18 01:01:27 chelsea sshd[1491157]: Disconnected from invalid user phr 147.135.203.181 port 54220 [preauth]
Oct 18 01:01:29 chelsea sshd[1491155]: Failed password for root from 112.85.42.237 port 53356 ssh2
Oct 18 01:01:30 chelsea sshd[1491163]: Invalid user ago from 185.186.243.133 port 57028
Oct 18 01:01:30 chelsea sshd[1491163]: pam_unix(sshd:auth): check pass; user unknown
Oct 18 01:01:30 chelsea sshd[1491163]: pam_unix(sshd:auth): authentication failure; logname= uid=0 euid=0 tty=ssh ruser= rhost=185.186.243.133 
Oct 18 01:01:32 chelsea sshd[1491163]: Failed password for invalid user ago from 185.186.243.133 port 57028 ssh2
Oct 18 01:01:32 chelsea sshd[1491163]: Received disconnect from 185.186.243.133 port 57028:11: Bye Bye [preauth]
Oct 18 01:01:32 chelsea sshd[1491163]: Disconnected from invalid user ago 185.186.243.133 port 57028 [preauth]
Oct 18 01:01:34 chelsea sshd[1491155]: Failed password for root from 112.85.42.237 port 53356 ssh2
Oct 18 01:01:36 chelsea sshd[1491155]: Received disconnect from 112.85.42.237 port 53356:11:  [preauth]
Oct 18 01:01:36 chelsea sshd[1491155]: Disconnected from authenticating user root 112.85.42.237 port 53356 [preauth]
Oct 18 01:01:36 chelsea sshd[1491155]: PAM 2 more authentication failures; logname= uid=0 euid=0 tty=ssh ruser= rhost=112.85.42.237  user=root
Oct 18 01:01:45 chelsea sshd[1491177]: Invalid user vzv from 218.54.123.239 port 37912
Oct 18 01:01:46 chelsea sshd[1491177]: pam_unix(sshd:auth): check pass; user unknown
Oct 18 01:01:46 chelsea sshd[1491177]: pam_unix(sshd:auth): authentication failure; logname= uid=0 euid=0 tty=ssh ruser= rhost=218.54.123.239 
Oct 18 01:01:47 chelsea sshd[1491177]: Failed password for invalid user vzv from 218.54.123.239 port 37912 ssh2
Oct 18 01:01:48 chelsea sshd[1491183]: pam_unix(sshd:auth): authentication failure; logname= uid=0 euid=0 tty=ssh ruser= rhost=112.85.42.237  user=root
Oct 18 01:01:49 chelsea sshd[1491177]: Received disconnect from 218.54.123.239 port 37912:11: Bye Bye [preauth]
Oct 18 01:01:49 chelsea sshd[1491177]: Disconnected from invalid user vzv 218.54.123.239 port 37912 [preauth]
Oct 18 01:01:50 chelsea sshd[1491183]: Failed password for root from 112.85.42.237 port 24034 ssh2
Oct 18 01:01:50 chelsea sshd[1491185]: Invalid user toe from 120.71.181.52 port 54388
Oct 18 01:01:50 chelsea sshd[1491185]: pam_unix(sshd:auth): check pass; user unknown
Oct 18 01:01:50 chelsea sshd[1491185]: pam_unix(sshd:auth): authentication failure; logname= uid=0 euid=0 tty=ssh ruser= rhost=120.71.181.52 
Oct 18 01:01:52 chelsea sshd[1491191]: Invalid user ej from 114.67.239.47 port 36352
Oct 18 01:01:52 chelsea sshd[1491191]: pam_unix(sshd:auth): check pass; user unknown
Oct 18 01:01:52 chelsea sshd[1491191]: pam_unix(sshd:auth): authentication failure; logname= uid=0 euid=0 tty=ssh ruser= rhost=114.67.239.47 
Oct 18 01:01:52 chelsea sshd[1491185]: Failed password for invalid user toe from 120.71.181.52 port 54388 ssh2
Oct 18 01:01:52 chelsea sshd[1491183]: Failed password for root from 112.85.42.237 port 24034 ssh2
Oct 18 01:01:54 chelsea sshd[1491191]: Failed password for invalid user ej from 114.67.239.47 port 36352 ssh2
Oct 18 01:01:54 chelsea sshd[1491185]: Received disconnect from 120.71.181.52 port 54388:11: Bye Bye [preauth]
Oct 18 01:01:54 chelsea sshd[1491185]: Disconnected from invalid user toe 120.71.181.52 port 54388 [preauth]
Oct 18 01:01:55 chelsea sshd[1491183]: Failed password for root from 112.85.42.237 port 24034 ssh2
Oct 18 01:01:55 chelsea sshd[1491191]: Received disconnect from 114.67.239.47 port 36352:11: Bye Bye [preauth]
Oct 18 01:01:55 chelsea sshd[1491191]: Disconnected from invalid user ej 114.67.239.47 port 36352 [preauth]
Oct 18 01:01:57 chelsea sshd[1491183]: Received disconnect from 112.85.42.237 port 24034:11:  [preauth]
Oct 18 01:01:57 chelsea sshd[1491183]: Disconnected from authenticating user root 112.85.42.237 port 24034 [preauth]
Oct 18 01:01:57 chelsea sshd[1491183]: PAM 2 more authentication failures; logname= uid=0 euid=0 tty=ssh ruser= rhost=112.85.42.237  user=root
Oct 18 01:02:11 chelsea sshd[1491205]: pam_unix(sshd:auth): authentication failure; logname= uid=0 euid=0 tty=ssh ruser= rhost=112.85.42.237  user=root
Oct 18 01:02:13 chelsea sshd[1491205]: Failed password for root from 112.85.42.237 port 50741 ssh2
Oct 18 01:02:15 chelsea sshd[1491205]: Failed password for root from 112.85.42.237 port 50741 ssh2
Oct 18 01:02:18 chelsea sshd[1491205]: Failed password for root from 112.85.42.237 port 50741 ssh2
Oct 18 01:02:18 chelsea sshd[1491205]: Received disconnect from 112.85.42.237 port 50741:11:  [preauth]
Oct 18 01:02:18 chelsea sshd[1491205]: Disconnected from authenticating user root 112.85.42.237 port 50741 [preauth]
Oct 18 01:02:18 chelsea sshd[1491205]: PAM 2 more authentication failures; logname= uid=0 euid=0 tty=ssh ruser= rhost=112.85.42.237  user=root
Oct 18 01:02:20 chelsea sshd[1491215]: Invalid user cmx from 51.77.210.17 port 40492
Oct 18 01:02:20 chelsea sshd[1491215]: pam_unix(sshd:auth): check pass; user unknown
Oct 18 01:02:20 chelsea sshd[1491215]: pam_unix(sshd:auth): authentication failure; logname= uid=0 euid=0 tty=ssh ruser= rhost=51.77.210.17 
Oct 18 01:02:22 chelsea sshd[1491215]: Failed password for invalid user cmx from 51.77.210.17 port 40492 ssh2
Oct 18 01:02:22 chelsea sshd[1491215]: Received disconnect from 51.77.210.17 port 40492:11: Bye Bye [preauth]
Oct 18 01:02:22 chelsea sshd[1491215]: Disconnected from invalid user cmx 51.77.210.17 port 40492 [preauth]
Oct 18 01:02:24 chelsea sshd[1491221]: Invalid user xg from 185.186.243.133 port 39218
Oct 18 01:02:24 chelsea sshd[1491221]: pam_unix(sshd:auth): check pass; user unknown
Oct 18 01:02:24 chelsea sshd[1491221]: pam_unix(sshd:auth): authentication failure; logname= uid=0 euid=0 tty=ssh ruser= rhost=185.186.243.133 
Oct 18 01:02:26 chelsea sshd[1491221]: Failed password for invalid user xg from 185.186.243.133 port 39218 ssh2
Oct 18 01:02:28 chelsea sshd[1491221]: Received disconnect from 185.186.243.133 port 39218:11: Bye Bye [preauth]
Oct 18 01:02:28 chelsea sshd[1491221]: Disconnected from invalid user xg 185.186.243.133 port 39218 [preauth]
Oct 18 01:02:31 chelsea sshd[1491227]: pam_unix(sshd:auth): authentication failure; logname= uid=0 euid=0 tty=ssh ruser= rhost=112.85.42.237  user=root
Oct 18 01:02:34 chelsea sshd[1491227]: Failed password for root from 112.85.42.237 port 55316 ssh2
Oct 18 01:02:37 chelsea sshd[1491227]: Failed password for root from 112.85.42.237 port 55316 ssh2
Oct 18 01:02:39 chelsea sshd[1491237]: Invalid user da from 102.39.67.51 port 60224
Oct 18 01:02:39 chelsea sshd[1491237]: pam_unix(sshd:auth): check pass; user unknown
Oct 18 01:02:39 chelsea sshd[1491237]: pam_unix(sshd:auth): authentication failure; logname= uid=0 euid=0 tty=ssh ruser= rhost=102.39.67.51 
Oct 18 01:02:40 chelsea sshd[1491237]: Failed password for invalid user da from 102.39.67.51 port 60224 ssh2
Oct 18 01:02:41 chelsea sshd[1491227]: Failed password for root from 112.85.42.237 port 55316 ssh2
Oct 18 01:02:42 chelsea sshd[1491237]: Received disconnect from 102.39.67.51 port 60224:11: Bye Bye [preauth]
Oct 18 01:02:42 chelsea sshd[1491237]: Disconnected from invalid user da 102.39.67.51 port 60224 [preauth]
Oct 18 01:02:43 chelsea sshd[1491227]: Received disconnect from 112.85.42.237 port 55316:11:  [preauth]
Oct 18 01:02:43 chelsea sshd[1491227]: Disconnected from authenticating user root 112.85.42.237 port 55316 [preauth]
Oct 18 01:02:43 chelsea sshd[1491227]: PAM 2 more authentication failures; logname= uid=0 euid=0 tty=ssh ruser= rhost=112.85.42.237  user=root
Oct 18 01:02:47 chelsea sshd[1491239]: Invalid user szk from 36.155.113.199 port 44113
Oct 18 01:02:47 chelsea sshd[1491239]: pam_unix(sshd:auth): check pass; user unknown
Oct 18 01:02:47 chelsea sshd[1491239]: pam_unix(sshd:auth): authentication failure; logname= uid=0 euid=0 tty=ssh ruser= rhost=36.155.113.199 
Oct 18 01:02:48 chelsea sshd[1491239]: Failed password for invalid user szk from 36.155.113.199 port 44113 ssh2
Oct 18 01:02:49 chelsea sshd[1491239]: Received disconnect from 36.155.113.199 port 44113:11: Bye Bye [preauth]
Oct 18 01:02:49 chelsea sshd[1491239]: Disconnected from invalid user szk 36.155.113.199 port 44113 [preauth]
Oct 18 01:03:00 chelsea sshd[1491257]: Invalid user ikv from 83.24.18.238 port 41336
Oct 18 01:03:00 chelsea sshd[1491257]: pam_unix(sshd:auth): check pass; user unknown
Oct 18 01:03:00 chelsea sshd[1491257]: pam_unix(sshd:auth): authentication failure; logname= uid=0 euid=0 tty=ssh ruser= rhost=83.24.18.238 
Oct 18 01:03:01 chelsea sshd[1491259]: Invalid user ibj from 181.40.73.86 port 40592
Oct 18 01:03:01 chelsea sshd[1491259]: pam_unix(sshd:auth): check pass; user unknown
Oct 18 01:03:01 chelsea sshd[1491259]: pam_unix(sshd:auth): authentication failure; logname= uid=0 euid=0 tty=ssh ruser= rhost=181.40.73.86 
Oct 18 01:03:02 chelsea sshd[1491257]: Failed password for invalid user ikv from 83.24.18.238 port 41336 ssh2
Oct 18 01:03:03 chelsea sshd[1491259]: Failed password for invalid user ibj from 181.40.73.86 port 40592 ssh2
Oct 18 01:03:03 chelsea sshd[1491257]: Received disconnect from 83.24.18.238 port 41336:11: Bye Bye [preauth]
Oct 18 01:03:03 chelsea sshd[1491257]: Disconnected from invalid user ikv 83.24.18.238 port 41336 [preauth]
Oct 18 01:03:04 chelsea sshd[1491259]: Received disconnect from 181.40.73.86 port 40592:11: Bye Bye [preauth]
Oct 18 01:03:04 chelsea sshd[1491259]: Disconnected from invalid user ibj 181.40.73.86 port 40592 [preauth]
Oct 18 01:03:09 chelsea sshd[1491269]: pam_unix(sshd:auth): authentication failure; logname= uid=0 euid=0 tty=ssh ruser= rhost=112.85.42.237  user=root
Oct 18 01:03:11 chelsea sshd[1491269]: Failed password for root from 112.85.42.237 port 41502 ssh2
Oct 18 01:03:13 chelsea sshd[1491269]: Failed password for root from 112.85.42.237 port 41502 ssh2
Oct 18 01:03:15 chelsea sshd[1491275]: pam_unix(sshd:auth): authentication failure; logname= uid=0 euid=0 tty=ssh ruser= rhost=112.85.42.237  user=root
Oct 18 01:03:16 chelsea sshd[1491269]: Failed password for root from 112.85.42.237 port 41502 ssh2
Oct 18 01:03:17 chelsea sshd[1491275]: Failed password for root from 112.85.42.237 port 41117 ssh2
Oct 18 01:03:18 chelsea sshd[1491269]: Received disconnect from 112.85.42.237 port 41502:11:  [preauth]
Oct 18 01:03:18 chelsea sshd[1491269]: Disconnected from authenticating user root 112.85.42.237 port 41502 [preauth]
Oct 18 01:03:18 chelsea sshd[1491269]: PAM 2 more authentication failures; logname= uid=0 euid=0 tty=ssh ruser= rhost=112.85.42.237  user=root
Oct 18 01:03:20 chelsea sshd[1491275]: Failed password for root from 112.85.42.237 port 41117 ssh2
Oct 18 01:03:20 chelsea sshd[1491281]: Invalid user diy from 185.186.243.133 port 49642
Oct 18 01:03:20 chelsea sshd[1491281]: pam_unix(sshd:auth): check pass; user unknown
Oct 18 01:03:20 chelsea sshd[1491281]: pam_unix(sshd:auth): authentication failure; logname= uid=0 euid=0 tty=ssh ruser= rhost=185.186.243.133 
Oct 18 01:03:22 chelsea sshd[1491275]: Failed password for root from 112.85.42.237 port 41117 ssh2
Oct 18 01:03:23 chelsea sshd[1491281]: Failed password for invalid user diy from 185.186.243.133 port 49642 ssh2
Oct 18 01:03:24 chelsea sshd[1491281]: Received disconnect from 185.186.243.133 port 49642:11: Bye Bye [preauth]
Oct 18 01:03:24 chelsea sshd[1491281]: Disconnected from invalid user diy 185.186.243.133 port 49642 [preauth]
Oct 18 01:03:25 chelsea sshd[1491275]: Received disconnect from 112.85.42.237 port 41117:11:  [preauth]
Oct 18 01:03:25 chelsea sshd[1491275]: Disconnected from authenticating user root 112.85.42.237 port 41117 [preauth]
Oct 18 01:03:25 chelsea sshd[1491275]: PAM 2 more authentication failures; logname= uid=0 euid=0 tty=ssh ruser= rhost=112.85.42.237  user=root
Oct 18 01:03:37 chelsea sshd[1491299]: Invalid user svn from 117.83.152.139 port 56052
Oct 18 01:03:37 chelsea sshd[1491299]: pam_unix(sshd:auth): check pass; user unknown
Oct 18 01:03:37 chelsea sshd[1491299]: pam_unix(sshd:auth): authentication failure; logname= uid=0 euid=0 tty=ssh ruser= rhost=117.83.152.139 
Oct 18 01:03:39 chelsea sshd[1491301]: pam_unix(sshd:auth): authentication failure; logname= uid=0 euid=0 tty=ssh ruser= rhost=112.85.42.237  user=root
Oct 18 01:03:40 chelsea sshd[1491299]: Failed password for invalid user svn from 117.83.152.139 port 56052 ssh2
Oct 18 01:03:41 chelsea sshd[1491301]: Failed password for root from 112.85.42.237 port 20125 ssh2
Oct 18 01:03:42 chelsea sshd[1491299]: Received disconnect from 117.83.152.139 port 56052:11: Bye Bye [preauth]
Oct 18 01:03:42 chelsea sshd[1491299]: Disconnected from invalid user svn 117.83.152.139 port 56052 [preauth]
Oct 18 01:03:43 chelsea sshd[1491301]: Failed password for root from 112.85.42.237 port 20125 ssh2
Oct 18 01:03:47 chelsea sshd[1491301]: Failed password for root from 112.85.42.237 port 20125 ssh2
Oct 18 01:03:49 chelsea sshd[1491301]: Received disconnect from 112.85.42.237 port 20125:11:  [preauth]
Oct 18 01:03:49 chelsea sshd[1491301]: Disconnected from authenticating user root 112.85.42.237 port 20125 [preauth]
Oct 18 01:03:49 chelsea sshd[1491301]: PAM 2 more authentication failures; logname= uid=0 euid=0 tty=ssh ruser= rhost=112.85.42.237  user=root
Oct 18 01:03:59 chelsea sshd[1491319]: pam_unix(sshd:auth): authentication failure; logname= uid=0 euid=0 tty=ssh ruser= rhost=112.85.42.237  user=root
Oct 18 01:04:01 chelsea sshd[1491319]: Failed password for root from 112.85.42.237 port 16228 ssh2
Oct 18 01:04:04 chelsea sshd[1491319]: Failed password for root from 112.85.42.237 port 16228 ssh2
Oct 18 01:04:05 chelsea sshd[1491325]: Invalid user arf from 120.71.181.52 port 41083
Oct 18 01:04:05 chelsea sshd[1491325]: pam_unix(sshd:auth): check pass; user unknown
Oct 18 01:04:05 chelsea sshd[1491325]: pam_unix(sshd:auth): authentication failure; logname= uid=0 euid=0 tty=ssh ruser= rhost=120.71.181.52 
Oct 18 01:04:06 chelsea sshd[1491325]: Failed password for invalid user arf from 120.71.181.52 port 41083 ssh2
Oct 18 01:04:07 chelsea sshd[1491325]: Received disconnect from 120.71.181.52 port 41083:11: Bye Bye [preauth]
Oct 18 01:04:07 chelsea sshd[1491325]: Disconnected from invalid user arf 120.71.181.52 port 41083 [preauth]
Oct 18 01:04:08 chelsea sshd[1491319]: Failed password for root from 112.85.42.237 port 16228 ssh2
Oct 18 01:04:09 chelsea sshd[1491319]: Received disconnect from 112.85.42.237 port 16228:11:  [preauth]
Oct 18 01:04:09 chelsea sshd[1491319]: Disconnected from authenticating user root 112.85.42.237 port 16228 [preauth]
Oct 18 01:04:09 chelsea sshd[1491319]: PAM 2 more authentication failures; logname= uid=0 euid=0 tty=ssh ruser= rhost=112.85.42.237  user=root
Oct 18 01:04:18 chelsea sshd[1491341]: Invalid user drx from 185.186.243.133 port 60074
Oct 18 01:04:18 chelsea sshd[1491341]: pam_unix(sshd:auth): check pass; user unknown
Oct 18 01:04:18 chelsea sshd[1491341]: pam_unix(sshd:auth): authentication failure; logname= uid=0 euid=0 tty=ssh ruser= rhost=185.186.243.133 
Oct 18 01:04:18 chelsea sshd[1491335]: Invalid user jcj from 104.209.184.101 port 43440
Oct 18 01:04:18 chelsea sshd[1491335]: pam_unix(sshd:auth): check pass; user unknown
Oct 18 01:04:18 chelsea sshd[1491335]: pam_unix(sshd:auth): authentication failure; logname= uid=0 euid=0 tty=ssh ruser= rhost=104.209.184.101 
Oct 18 01:04:20 chelsea sshd[1491341]: Failed password for invalid user drx from 185.186.243.133 port 60074 ssh2
Oct 18 01:04:20 chelsea sshd[1491335]: Failed password for invalid user jcj from 104.209.184.101 port 43440 ssh2
Oct 18 01:04:21 chelsea sshd[1491343]: pam_unix(sshd:auth): authentication failure; logname= uid=0 euid=0 tty=ssh ruser= rhost=112.85.42.237  user=root
Oct 18 01:04:21 chelsea sshd[1491335]: Received disconnect from 104.209.184.101 port 43440:11: Bye Bye [preauth]
Oct 18 01:04:21 chelsea sshd[1491335]: Disconnected from invalid user jcj 104.209.184.101 port 43440 [preauth]
Oct 18 01:04:22 chelsea sshd[1491341]: Received disconnect from 185.186.243.133 port 60074:11: Bye Bye [preauth]
Oct 18 01:04:22 chelsea sshd[1491341]: Disconnected from invalid user drx 185.186.243.133 port 60074 [preauth]
Oct 18 01:04:23 chelsea sshd[1491343]: Failed password for root from 112.85.42.237 port 27595 ssh2
Oct 18 01:04:23 chelsea sshd[1491349]: Invalid user myz from 114.67.239.47 port 40714
Oct 18 01:04:23 chelsea sshd[1491349]: pam_unix(sshd:auth): check pass; user unknown
Oct 18 01:04:23 chelsea sshd[1491349]: pam_unix(sshd:auth): authentication failure; logname= uid=0 euid=0 tty=ssh ruser= rhost=114.67.239.47 
Oct 18 01:04:25 chelsea sshd[1491349]: Failed password for invalid user myz from 114.67.239.47 port 40714 ssh2
Oct 18 01:04:25 chelsea sshd[1491343]: Failed password for root from 112.85.42.237 port 27595 ssh2
Oct 18 01:04:25 chelsea sshd[1491349]: Received disconnect from 114.67.239.47 port 40714:11: Bye Bye [preauth]
Oct 18 01:04:25 chelsea sshd[1491349]: Disconnected from invalid user myz 114.67.239.47 port 40714 [preauth]
Oct 18 01:04:28 chelsea sshd[1491343]: Failed password for root from 112.85.42.237 port 27595 ssh2
Oct 18 01:04:28 chelsea sshd[1491356]: Invalid user tzm from 5.196.75.47 port 53976
Oct 18 01:04:28 chelsea sshd[1491356]: pam_unix(sshd:auth): check pass; user unknown
Oct 18 01:04:28 chelsea sshd[1491356]: pam_unix(sshd:auth): authentication failure; logname= uid=0 euid=0 tty=ssh ruser= rhost=5.196.75.47 
Oct 18 01:04:30 chelsea sshd[1491356]: Failed password for invalid user tzm from 5.196.75.47 port 53976 ssh2
Oct 18 01:04:30 chelsea sshd[1491343]: Received disconnect from 112.85.42.237 port 27595:11:  [preauth]
Oct 18 01:04:30 chelsea sshd[1491343]: Disconnected from authenticating user root 112.85.42.237 port 27595 [preauth]
Oct 18 01:04:30 chelsea sshd[1491343]: PAM 2 more authentication failures; logname= uid=0 euid=0 tty=ssh ruser= rhost=112.85.42.237  user=root
Oct 18 01:04:31 chelsea sshd[1491356]: Received disconnect from 5.196.75.47 port 53976:11: Bye Bye [preauth]
Oct 18 01:04:31 chelsea sshd[1491356]: Disconnected from invalid user tzm 5.196.75.47 port 53976 [preauth]
Oct 18 01:04:37 chelsea sshd[1491366]: Invalid user jjw from 218.54.123.239 port 56810
Oct 18 01:04:37 chelsea sshd[1491366]: pam_unix(sshd:auth): check pass; user unknown
Oct 18 01:04:37 chelsea sshd[1491366]: pam_unix(sshd:auth): authentication failure; logname= uid=0 euid=0 tty=ssh ruser= rhost=218.54.123.239 
Oct 18 01:04:39 chelsea sshd[1491366]: Failed password for invalid user jjw from 218.54.123.239 port 56810 ssh2
Oct 18 01:04:40 chelsea sshd[1491366]: Received disconnect from 218.54.123.239 port 56810:11: Bye Bye [preauth]
Oct 18 01:04:40 chelsea sshd[1491366]: Disconnected from invalid user jjw 218.54.123.239 port 56810 [preauth]
Oct 18 01:04:43 chelsea sshd[1491374]: Invalid user cfn from 20.46.41.35 port 54298
Oct 18 01:04:43 chelsea sshd[1491374]: pam_unix(sshd:auth): check pass; user unknown
Oct 18 01:04:43 chelsea sshd[1491374]: pam_unix(sshd:auth): authentication failure; logname= uid=0 euid=0 tty=ssh ruser= rhost=20.46.41.35 
Oct 18 01:04:44 chelsea sshd[1491376]: pam_unix(sshd:auth): authentication failure; logname= uid=0 euid=0 tty=ssh ruser= rhost=112.85.42.237  user=root
