Oct 18 00:38:18 chelsea sshd[1489661]: Received disconnect from 83.24.18.238 port 40768:11: Bye Bye [preauth]
Oct 18 00:38:18 chelsea sshd[1489661]: Disconnected from invalid user yus 83.24.18.238 port 40768 [preauth]
Oct 18 00:38:19 chelsea sshd[1489671]: Invalid user nhe from 185.186.243.133 port 40196
Oct 18 00:38:19 chelsea sshd[1489671]: pam_unix(sshd:auth): check pass; user unknown
Oct 18 00:38:19 chelsea sshd[1489671]: pam_unix(sshd:auth): authentication failure; logname= uid=0 euid=0 tty=ssh ruser= rhost=185.186.243.133 
Oct 18 00:38:20 chelsea sshd[1489671]: Failed password for invalid user nhe from 185.186.243.133 port 40196 ssh2
Oct 18 00:38:21 chelsea sshd[1489669]: Failed password for root from 112.85.42.237 port 27883 ssh2
Oct 18 00:38:21 chelsea sshd[1489671]: Received disconnect from 185.186.243.133 port 40196:11: Bye Bye [preauth]
Oct 18 00:38:22 chelsea sshd[1489671]: Disconnected from invalid user nhe 185.186.243.133 port 40196 [preauth]
Oct 18 00:38:23 chelsea sshd[1489669]: Failed password for root from 112.85.42.237 port 27883 ssh2
Oct 18 00:38:24 chelsea sshd[1489669]: Received disconnect from 112.85.42.237 port 27883:11:  [preauth]
Oct 18 00:38:24 chelsea sshd[1489669]: Disconnected from authenticating user root 112.85.42.237 port 27883 [preauth]
Oct 18 00:38:24 chelsea sshd[1489669]: PAM 2 more authentication failures; logname= uid=0 euid=0 tty=ssh ruser= rhost=112.85.42.237  user=root
Oct 18 00:38:25 chelsea sshd[1489677]: Invalid user kvh from 218.54.123.239 port 56228
Oct 18 00:38:25 chelsea sshd[1489677]: pam_unix(sshd:auth): check pass; user unknown
Oct 18 00:38:25 chelsea sshd[1489677]: pam_unix(sshd:auth): authentication failure; logname= uid=0 euid=0 tty=ssh ruser= rhost=218.54.123.239 
Oct 18 00:38:27 chelsea sshd[1489677]: Failed password for invalid user kvh from 218.54.123.239 port 56228 ssh2
Oct 18 00:38:30 chelsea sshd[1489677]: Received disconnect from 218.54.123.239 port 56228:11: Bye Bye [preauth]
Oct 18 00:38:30 chelsea sshd[1489677]: Disconnected from invalid user kvh 218.54.123.239 port 56228 [preauth]
Oct 18 00:38:50 chelsea sshd[1489699]: Invalid user uii from 114.67.239.47 port 53598
Oct 18 00:38:50 chelsea sshd[1489699]: pam_unix(sshd:auth): check pass; user unknown
Oct 18 00:38:50 chelsea sshd[1489699]: pam_unix(sshd:auth): authentication failure; logname= uid=0 euid=0 tty=ssh ruser= rhost=114.67.239.47 
Oct 18 00:38:52 chelsea sshd[1489699]: Failed password for invalid user uii from 114.67.239.47 port 53598 ssh2
Oct 18 00:38:53 chelsea sshd[1489705]: pam_unix(sshd:auth): authentication failure; logname= uid=0 euid=0 tty=ssh ruser= rhost=112.85.42.237  user=root
Oct 18 00:38:54 chelsea sshd[1489699]: Received disconnect from 114.67.239.47 port 53598:11: Bye Bye [preauth]
Oct 18 00:38:54 chelsea sshd[1489699]: Disconnected from invalid user uii 114.67.239.47 port 53598 [preauth]
Oct 18 00:38:55 chelsea sshd[1489705]: Failed password for root from 112.85.42.237 port 46220 ssh2
Oct 18 00:38:57 chelsea sshd[1489711]: Invalid user lgs from 120.71.181.52 port 46288
Oct 18 00:38:57 chelsea sshd[1489711]: pam_unix(sshd:auth): check pass; user unknown
Oct 18 00:38:57 chelsea sshd[1489711]: pam_unix(sshd:auth): authentication failure; logname= uid=0 euid=0 tty=ssh ruser= rhost=120.71.181.52 
Oct 18 00:38:58 chelsea sshd[1489705]: Failed password for root from 112.85.42.237 port 46220 ssh2
Oct 18 00:39:00 chelsea sshd[1489711]: Failed password for invalid user lgs from 120.71.181.52 port 46288 ssh2
Oct 18 00:39:00 chelsea sshd[1489711]: Received disconnect from 120.71.181.52 port 46288:11: Bye Bye [preauth]
Oct 18 00:39:00 chelsea sshd[1489711]: Disconnected from invalid user lgs 120.71.181.52 port 46288 [preauth]
Oct 18 00:39:02 chelsea sshd[1489717]: pam_unix(sshd:auth): authentication failure; logname= uid=0 euid=0 tty=ssh ruser= rhost=112.85.42.237  user=root
Oct 18 00:39:02 chelsea sshd[1489705]: Failed password for root from 112.85.42.237 port 46220 ssh2
Oct 18 00:39:04 chelsea sshd[1489705]: Received disconnect from 112.85.42.237 port 46220:11:  [preauth]
Oct 18 00:39:04 chelsea sshd[1489705]: Disconnected from authenticating user root 112.85.42.237 port 46220 [preauth]
Oct 18 00:39:04 chelsea sshd[1489705]: PAM 2 more authentication failures; logname= uid=0 euid=0 tty=ssh ruser= rhost=112.85.42.237  user=root
Oct 18 00:39:04 chelsea sshd[1489717]: Failed password for root from 112.85.42.237 port 13334 ssh2
Oct 18 00:39:08 chelsea sshd[1489717]: Failed password for root from 112.85.42.237 port 13334 ssh2
Oct 18 00:39:10 chelsea sshd[1489728]: Invalid user dtj from 5.196.75.47 port 35356
Oct 18 00:39:10 chelsea sshd[1489728]: pam_unix(sshd:auth): check pass; user unknown
Oct 18 00:39:10 chelsea sshd[1489728]: pam_unix(sshd:auth): authentication failure; logname= uid=0 euid=0 tty=ssh ruser= rhost=5.196.75.47 
Oct 18 00:39:11 chelsea sshd[1489717]: Failed password for root from 112.85.42.237 port 13334 ssh2
Oct 18 00:39:12 chelsea sshd[1489728]: Failed password for invalid user dtj from 5.196.75.47 port 35356 ssh2
Oct 18 00:39:12 chelsea sshd[1489727]: Invalid user fge from 36.155.113.199 port 37345
Oct 18 00:39:12 chelsea sshd[1489727]: pam_unix(sshd:auth): check pass; user unknown
Oct 18 00:39:12 chelsea sshd[1489727]: pam_unix(sshd:auth): authentication failure; logname= uid=0 euid=0 tty=ssh ruser= rhost=36.155.113.199 
Oct 18 00:39:12 chelsea sshd[1489728]: Received disconnect from 5.196.75.47 port 35356:11: Bye Bye [preauth]
Oct 18 00:39:12 chelsea sshd[1489728]: Disconnected from invalid user dtj 5.196.75.47 port 35356 [preauth]
Oct 18 00:39:13 chelsea sshd[1489717]: Received disconnect from 112.85.42.237 port 13334:11:  [preauth]
Oct 18 00:39:13 chelsea sshd[1489717]: Disconnected from authenticating user root 112.85.42.237 port 13334 [preauth]
Oct 18 00:39:13 chelsea sshd[1489717]: PAM 2 more authentication failures; logname= uid=0 euid=0 tty=ssh ruser= rhost=112.85.42.237  user=root
Oct 18 00:39:13 chelsea sshd[1489731]: Invalid user raz from 185.186.243.133 port 50624
Oct 18 00:39:13 chelsea sshd[1489731]: pam_unix(sshd:auth): check pass; user unknown
Oct 18 00:39:13 chelsea sshd[1489731]: pam_unix(sshd:auth): authentication failure; logname= uid=0 euid=0 tty=ssh ruser= rhost=185.186.243.133 
Oct 18 00:39:14 chelsea sshd[1489727]: Failed password for invalid user fge from 36.155.113.199 port 37345 ssh2
Oct 18 00:39:15 chelsea sshd[1489727]: Received disconnect from 36.155.113.199 port 37345:11: Bye Bye [preauth]
Oct 18 00:39:15 chelsea sshd[1489727]: Disconnected from invalid user fge 36.155.113.199 port 37345 [preauth]
Oct 18 00:39:15 chelsea sshd[1489731]: Failed password for invalid user raz from 185.186.243.133 port 50624 ssh2
Oct 18 00:39:17 chelsea sshd[1489731]: Received disconnect from 185.186.243.133 port 50624:11: Bye Bye [preauth]
Oct 18 00:39:17 chelsea sshd[1489731]: Disconnected from invalid user raz 185.186.243.133 port 50624 [preauth]
Oct 18 00:39:25 chelsea sshd[1489741]: pam_unix(sshd:auth): authentication failure; logname= uid=0 euid=0 tty=ssh ruser= rhost=112.85.42.237  user=root
Oct 18 00:39:27 chelsea sshd[1489741]: Failed password for root from 112.85.42.237 port 37047 ssh2
Oct 18 00:39:29 chelsea sshd[1489741]: Failed password for root from 112.85.42.237 port 37047 ssh2
Oct 18 00:39:34 chelsea sshd[1489741]: Failed password for root from 112.85.42.237 port 37047 ssh2
Oct 18 00:39:36 chelsea sshd[1489741]: Received disconnect from 112.85.42.237 port 37047:11:  [preauth]
Oct 18 00:39:36 chelsea sshd[1489741]: Disconnected from authenticating user root 112.85.42.237 port 37047 [preauth]
Oct 18 00:39:36 chelsea sshd[1489741]: PAM 2 more authentication failures; logname= uid=0 euid=0 tty=ssh ruser= rhost=112.85.42.237  user=root
Oct 18 00:39:38 chelsea sshd[1489756]: Invalid user grf from 147.135.203.181 port 55482
Oct 18 00:39:38 chelsea sshd[1489756]: pam_unix(sshd:auth): check pass; user unknown
Oct 18 00:39:38 chelsea sshd[1489756]: pam_unix(sshd:auth): authentication failure; logname= uid=0 euid=0 tty=ssh ruser= rhost=147.135.203.181 
Oct 18 00:39:41 chelsea sshd[1489756]: Failed password for invalid user grf from 147.135.203.181 port 55482 ssh2
Oct 18 00:39:41 chelsea sshd[1489756]: Received disconnect from 147.135.203.181 port 55482:11: Bye Bye [preauth]
Oct 18 00:39:41 chelsea sshd[1489756]: Disconnected from invalid user grf 147.135.203.181 port 55482 [preauth]
Oct 18 00:39:46 chelsea sshd[1489766]: Invalid user lel from 20.46.41.35 port 56050
Oct 18 00:39:46 chelsea sshd[1489766]: pam_unix(sshd:auth): check pass; user unknown
Oct 18 00:39:46 chelsea sshd[1489766]: pam_unix(sshd:auth): authentication failure; logname= uid=0 euid=0 tty=ssh ruser= rhost=20.46.41.35 
Oct 18 00:39:47 chelsea sshd[1489768]: pam_unix(sshd:auth): authentication failure; logname= uid=0 euid=0 tty=ssh ruser= rhost=112.85.42.237  user=root
Oct 18 00:39:48 chelsea sshd[1489766]: Failed password for invalid user lel from 20.46.41.35 port 56050 ssh2
Oct 18 00:39:48 chelsea sshd[1489766]: Received disconnect from 20.46.41.35 port 56050:11: Bye Bye [preauth]
Oct 18 00:39:48 chelsea sshd[1489766]: Disconnected from invalid user lel 20.46.41.35 port 56050 [preauth]
Oct 18 00:39:49 chelsea sshd[1489768]: Failed password for root from 112.85.42.237 port 54422 ssh2
Oct 18 00:39:52 chelsea sshd[1489768]: Failed password for root from 112.85.42.237 port 54422 ssh2
Oct 18 00:39:57 chelsea sshd[1489768]: Failed password for root from 112.85.42.237 port 54422 ssh2
Oct 18 00:39:58 chelsea sshd[1489778]: Invalid user sny from 181.40.73.86 port 52822
Oct 18 00:39:58 chelsea sshd[1489778]: pam_unix(sshd:auth): check pass; user unknown
Oct 18 00:39:58 chelsea sshd[1489778]: pam_unix(sshd:auth): authentication failure; logname= uid=0 euid=0 tty=ssh ruser= rhost=181.40.73.86 
Oct 18 00:39:59 chelsea sshd[1489768]: Received disconnect from 112.85.42.237 port 54422:11:  [preauth]
Oct 18 00:39:59 chelsea sshd[1489768]: Disconnected from authenticating user root 112.85.42.237 port 54422 [preauth]
Oct 18 00:39:59 chelsea sshd[1489768]: PAM 2 more authentication failures; logname= uid=0 euid=0 tty=ssh ruser= rhost=112.85.42.237  user=root
Oct 18 00:40:00 chelsea sshd[1489778]: Failed password for invalid user sny from 181.40.73.86 port 52822 ssh2
Oct 18 00:40:01 chelsea sshd[1489778]: Received disconnect from 181.40.73.86 port 52822:11: Bye Bye [preauth]
Oct 18 00:40:01 chelsea sshd[1489778]: Disconnected from invalid user sny 181.40.73.86 port 52822 [preauth]
Oct 18 00:40:06 chelsea sshd[1489788]: Invalid user tby from 185.186.243.133 port 32810
Oct 18 00:40:06 chelsea sshd[1489788]: pam_unix(sshd:auth): check pass; user unknown
Oct 18 00:40:06 chelsea sshd[1489788]: pam_unix(sshd:auth): authentication failure; logname= uid=0 euid=0 tty=ssh ruser= rhost=185.186.243.133 
Oct 18 00:40:09 chelsea sshd[1489788]: Failed password for invalid user tby from 185.186.243.133 port 32810 ssh2
Oct 18 00:40:09 chelsea sshd[1489788]: Received disconnect from 185.186.243.133 port 32810:11: Bye Bye [preauth]
Oct 18 00:40:09 chelsea sshd[1489788]: Disconnected from invalid user tby 185.186.243.133 port 32810 [preauth]
Oct 18 00:40:09 chelsea sshd[1489790]: pam_unix(sshd:auth): authentication failure; logname= uid=0 euid=0 tty=ssh ruser= rhost=112.85.42.237  user=root
Oct 18 00:40:12 chelsea sshd[1489790]: Failed password for root from 112.85.42.237 port 64753 ssh2
Oct 18 00:40:13 chelsea sshd[1489796]: Received disconnect from 222.186.30.35 port 44096:11:  [preauth]
Oct 18 00:40:13 chelsea sshd[1489796]: Disconnected from 222.186.30.35 port 44096 [preauth]
Oct 18 00:40:16 chelsea sshd[1489790]: Failed password for root from 112.85.42.237 port 64753 ssh2
Oct 18 00:40:20 chelsea sshd[1489790]: Failed password for root from 112.85.42.237 port 64753 ssh2
Oct 18 00:40:20 chelsea sshd[1489790]: Received disconnect from 112.85.42.237 port 64753:11:  [preauth]
Oct 18 00:40:20 chelsea sshd[1489790]: Disconnected from authenticating user root 112.85.42.237 port 64753 [preauth]
Oct 18 00:40:20 chelsea sshd[1489790]: PAM 2 more authentication failures; logname= uid=0 euid=0 tty=ssh ruser= rhost=112.85.42.237  user=root
Oct 18 00:40:32 chelsea sshd[1489814]: pam_unix(sshd:auth): authentication failure; logname= uid=0 euid=0 tty=ssh ruser= rhost=112.85.42.237  user=root
Oct 18 00:40:34 chelsea sshd[1489814]: Failed password for root from 112.85.42.237 port 30985 ssh2
Oct 18 00:40:38 chelsea sshd[1489820]: Invalid user ymi from 102.39.67.51 port 60002
Oct 18 00:40:38 chelsea sshd[1489820]: pam_unix(sshd:auth): check pass; user unknown
Oct 18 00:40:38 chelsea sshd[1489820]: pam_unix(sshd:auth): authentication failure; logname= uid=0 euid=0 tty=ssh ruser= rhost=102.39.67.51 
Oct 18 00:40:39 chelsea sshd[1489814]: Failed password for root from 112.85.42.237 port 30985 ssh2
Oct 18 00:40:41 chelsea sshd[1489820]: Failed password for invalid user ymi from 102.39.67.51 port 60002 ssh2
Oct 18 00:40:41 chelsea sshd[1489820]: Received disconnect from 102.39.67.51 port 60002:11: Bye Bye [preauth]
Oct 18 00:40:41 chelsea sshd[1489820]: Disconnected from invalid user ymi 102.39.67.51 port 60002 [preauth]
Oct 18 00:40:43 chelsea sshd[1489814]: Failed password for root from 112.85.42.237 port 30985 ssh2
Oct 18 00:40:43 chelsea sshd[1489814]: Received disconnect from 112.85.42.237 port 30985:11:  [preauth]
Oct 18 00:40:43 chelsea sshd[1489814]: Disconnected from authenticating user root 112.85.42.237 port 30985 [preauth]
Oct 18 00:40:43 chelsea sshd[1489814]: PAM 2 more authentication failures; logname= uid=0 euid=0 tty=ssh ruser= rhost=112.85.42.237  user=root
Oct 18 00:40:54 chelsea sshd[1489834]: pam_unix(sshd:auth): authentication failure; logname= uid=0 euid=0 tty=ssh ruser= rhost=112.85.42.237  user=root
Oct 18 00:40:56 chelsea sshd[1489834]: Failed password for root from 112.85.42.237 port 40762 ssh2
Oct 18 00:40:58 chelsea sshd[1489834]: Failed password for root from 112.85.42.237 port 40762 ssh2
Oct 18 00:40:58 chelsea sshd[1489840]: Invalid user wdu from 185.186.243.133 port 43232
Oct 18 00:40:58 chelsea sshd[1489840]: pam_unix(sshd:auth): check pass; user unknown
Oct 18 00:40:58 chelsea sshd[1489840]: pam_unix(sshd:auth): authentication failure; logname= uid=0 euid=0 tty=ssh ruser= rhost=185.186.243.133 
Oct 18 00:40:59 chelsea sshd[1489840]: Failed password for invalid user wdu from 185.186.243.133 port 43232 ssh2
Oct 18 00:41:00 chelsea sshd[1489840]: Received disconnect from 185.186.243.133 port 43232:11: Bye Bye [preauth]
Oct 18 00:41:00 chelsea sshd[1489840]: Disconnected from invalid user wdu 185.186.243.133 port 43232 [preauth]
Oct 18 00:41:03 chelsea sshd[1489834]: Failed password for root from 112.85.42.237 port 40762 ssh2
Oct 18 00:41:05 chelsea sshd[1489834]: Received disconnect from 112.85.42.237 port 40762:11:  [preauth]
Oct 18 00:41:05 chelsea sshd[1489834]: Disconnected from authenticating user root 112.85.42.237 port 40762 [preauth]
Oct 18 00:41:05 chelsea sshd[1489834]: PAM 2 more authentication failures; logname= uid=0 euid=0 tty=ssh ruser= rhost=112.85.42.237  user=root
Oct 18 00:41:15 chelsea sshd[1489854]: Invalid user gmn from 120.71.181.52 port 32982
Oct 18 00:41:15 chelsea sshd[1489854]: pam_unix(sshd:auth): check pass; user unknown
Oct 18 00:41:15 chelsea sshd[1489854]: pam_unix(sshd:auth): authentication failure; logname= uid=0 euid=0 tty=ssh ruser= rhost=120.71.181.52 
Oct 18 00:41:17 chelsea sshd[1489854]: Failed password for invalid user gmn from 120.71.181.52 port 32982 ssh2
Oct 18 00:41:18 chelsea sshd[1489854]: Received disconnect from 120.71.181.52 port 32982:11: Bye Bye [preauth]
Oct 18 00:41:18 chelsea sshd[1489854]: Disconnected from invalid user gmn 120.71.181.52 port 32982 [preauth]
Oct 18 00:41:20 chelsea sshd[1489860]: Invalid user wjj from 218.54.123.239 port 46892
Oct 18 00:41:20 chelsea sshd[1489860]: pam_unix(sshd:auth): check pass; user unknown
Oct 18 00:41:20 chelsea sshd[1489860]: pam_unix(sshd:auth): authentication failure; logname= uid=0 euid=0 tty=ssh ruser= rhost=218.54.123.239 
Oct 18 00:41:22 chelsea sshd[1489860]: Failed password for invalid user wjj from 218.54.123.239 port 46892 ssh2
Oct 18 00:41:22 chelsea sshd[1489860]: Received disconnect from 218.54.123.239 port 46892:11: Bye Bye [preauth]
Oct 18 00:41:22 chelsea sshd[1489860]: Disconnected from invalid user wjj 218.54.123.239 port 46892 [preauth]
Oct 18 00:41:23 chelsea sshd[1489866]: Invalid user tfa from 114.67.239.47 port 57954
Oct 18 00:41:23 chelsea sshd[1489866]: pam_unix(sshd:auth): check pass; user unknown
Oct 18 00:41:23 chelsea sshd[1489866]: pam_unix(sshd:auth): authentication failure; logname= uid=0 euid=0 tty=ssh ruser= rhost=114.67.239.47 
Oct 18 00:41:26 chelsea sshd[1489866]: Failed password for invalid user tfa from 114.67.239.47 port 57954 ssh2
Oct 18 00:41:26 chelsea sshd[1489866]: Received disconnect from 114.67.239.47 port 57954:11: Bye Bye [preauth]
Oct 18 00:41:26 chelsea sshd[1489866]: Disconnected from invalid user tfa 114.67.239.47 port 57954 [preauth]
Oct 18 00:41:28 chelsea sshd[1489872]: Invalid user ase from 106.12.36.90 port 58284
Oct 18 00:41:28 chelsea sshd[1489872]: pam_unix(sshd:auth): check pass; user unknown
Oct 18 00:41:28 chelsea sshd[1489872]: pam_unix(sshd:auth): authentication failure; logname= uid=0 euid=0 tty=ssh ruser= rhost=106.12.36.90 
Oct 18 00:41:29 chelsea sshd[1489874]: pam_unix(sshd:auth): authentication failure; logname= uid=0 euid=0 tty=ssh ruser= rhost=112.85.42.237  user=root
Oct 18 00:41:30 chelsea sshd[1489872]: Failed password for invalid user ase from 106.12.36.90 port 58284 ssh2
Oct 18 00:41:30 chelsea sshd[1489874]: Failed password for root from 112.85.42.237 port 56695 ssh2
Oct 18 00:41:32 chelsea sshd[1489872]: Received disconnect from 106.12.36.90 port 58284:11: Bye Bye [preauth]
Oct 18 00:41:32 chelsea sshd[1489872]: Disconnected from invalid user ase 106.12.36.90 port 58284 [preauth]
Oct 18 00:41:33 chelsea sshd[1489874]: Failed password for root from 112.85.42.237 port 56695 ssh2
Oct 18 00:41:36 chelsea sshd[1489874]: Failed password for root from 112.85.42.237 port 56695 ssh2
Oct 18 00:41:38 chelsea sshd[1489874]: Received disconnect from 112.85.42.237 port 56695:11:  [preauth]
Oct 18 00:41:38 chelsea sshd[1489874]: Disconnected from authenticating user root 112.85.42.237 port 56695 [preauth]
Oct 18 00:41:38 chelsea sshd[1489874]: PAM 2 more authentication failures; logname= uid=0 euid=0 tty=ssh ruser= rhost=112.85.42.237  user=root
Oct 18 00:41:38 chelsea sshd[1489884]: Invalid user yi from 117.83.152.139 port 36060
Oct 18 00:41:38 chelsea sshd[1489884]: pam_unix(sshd:auth): check pass; user unknown
Oct 18 00:41:38 chelsea sshd[1489884]: pam_unix(sshd:auth): authentication failure; logname= uid=0 euid=0 tty=ssh ruser= rhost=117.83.152.139 
Oct 18 00:41:39 chelsea sshd[1489886]: pam_unix(sshd:auth): authentication failure; logname= uid=0 euid=0 tty=ssh ruser= rhost=112.85.42.237  user=root
Oct 18 00:41:41 chelsea sshd[1489884]: Failed password for invalid user yi from 117.83.152.139 port 36060 ssh2
Oct 18 00:41:42 chelsea sshd[1489886]: Failed password for root from 112.85.42.237 port 31111 ssh2
Oct 18 00:41:42 chelsea sshd[1489884]: Received disconnect from 117.83.152.139 port 36060:11: Bye Bye [preauth]
Oct 18 00:41:42 chelsea sshd[1489884]: Disconnected from invalid user yi 117.83.152.139 port 36060 [preauth]
Oct 18 00:41:46 chelsea sshd[1489886]: Failed password for root from 112.85.42.237 port 31111 ssh2
Oct 18 00:41:48 chelsea sshd[1489886]: Failed password for root from 112.85.42.237 port 31111 ssh2
Oct 18 00:41:49 chelsea sshd[1489886]: Received disconnect from 112.85.42.237 port 31111:11:  [preauth]
Oct 18 00:41:49 chelsea sshd[1489886]: Disconnected from authenticating user root 112.85.42.237 port 31111 [preauth]
Oct 18 00:41:49 chelsea sshd[1489886]: PAM 2 more authentication failures; logname= uid=0 euid=0 tty=ssh ruser= rhost=112.85.42.237  user=root
Oct 18 00:41:52 chelsea sshd[1489900]: Invalid user kh from 185.186.243.133 port 53648
Oct 18 00:41:52 chelsea sshd[1489900]: pam_unix(sshd:auth): check pass; user unknown
Oct 18 00:41:52 chelsea sshd[1489900]: pam_unix(sshd:auth): authentication failure; logname= uid=0 euid=0 tty=ssh ruser= rhost=185.186.243.133 
Oct 18 00:41:54 chelsea sshd[1489900]: Failed password for invalid user kh from 185.186.243.133 port 53648 ssh2
Oct 18 00:41:56 chelsea sshd[1489900]: Received disconnect from 185.186.243.133 port 53648:11: Bye Bye [preauth]
Oct 18 00:41:56 chelsea sshd[1489900]: Disconnected from invalid user kh 185.186.243.133 port 53648 [preauth]
Oct 18 00:42:06 chelsea sshd[1489914]: pam_unix(sshd:auth): authentication failure; logname= uid=0 euid=0 tty=ssh ruser= rhost=112.85.42.237  user=root
Oct 18 00:42:07 chelsea sshd[1489914]: Failed password for root from 112.85.42.237 port 25997 ssh2
Oct 18 00:42:10 chelsea sshd[1489914]: Failed password for root from 112.85.42.237 port 25997 ssh2
Oct 18 00:42:12 chelsea sshd[1489914]: Failed password for root from 112.85.42.237 port 25997 ssh2
Oct 18 00:42:13 chelsea sshd[1489914]: Received disconnect from 112.85.42.237 port 25997:11:  [preauth]
Oct 18 00:42:13 chelsea sshd[1489914]: Disconnected from authenticating user root 112.85.42.237 port 25997 [preauth]
Oct 18 00:42:13 chelsea sshd[1489914]: PAM 2 more authentication failures; logname= uid=0 euid=0 tty=ssh ruser= rhost=112.85.42.237  user=root
Oct 18 00:42:17 chelsea sshd[1489924]: Invalid user pxz from 5.196.75.47 port 37684
Oct 18 00:42:17 chelsea sshd[1489924]: pam_unix(sshd:auth): check pass; user unknown
Oct 18 00:42:17 chelsea sshd[1489924]: pam_unix(sshd:auth): authentication failure; logname= uid=0 euid=0 tty=ssh ruser= rhost=5.196.75.47 
Oct 18 00:42:19 chelsea sshd[1489924]: Failed password for invalid user pxz from 5.196.75.47 port 37684 ssh2
Oct 18 00:42:19 chelsea sshd[1489924]: Received disconnect from 5.196.75.47 port 37684:11: Bye Bye [preauth]
Oct 18 00:42:19 chelsea sshd[1489924]: Disconnected from invalid user pxz 5.196.75.47 port 37684 [preauth]
Oct 18 00:42:23 chelsea sshd[1489930]: pam_unix(sshd:auth): authentication failure; logname= uid=0 euid=0 tty=ssh ruser= rhost=112.85.42.237  user=root
Oct 18 00:42:25 chelsea sshd[1489930]: Failed password for root from 112.85.42.237 port 59011 ssh2
Oct 18 00:42:27 chelsea sshd[1489930]: Failed password for root from 112.85.42.237 port 59011 ssh2
Oct 18 00:42:30 chelsea sshd[1489930]: Failed password for root from 112.85.42.237 port 59011 ssh2
Oct 18 00:42:30 chelsea sshd[1489930]: Received disconnect from 112.85.42.237 port 59011:11:  [preauth]
Oct 18 00:42:30 chelsea sshd[1489930]: Disconnected from authenticating user root 112.85.42.237 port 59011 [preauth]
Oct 18 00:42:30 chelsea sshd[1489930]: PAM 2 more authentication failures; logname= uid=0 euid=0 tty=ssh ruser= rhost=112.85.42.237  user=root
Oct 18 00:42:44 chelsea sshd[1489948]: Invalid user kre from 185.186.243.133 port 35826
Oct 18 00:42:44 chelsea sshd[1489948]: pam_unix(sshd:auth): check pass; user unknown
Oct 18 00:42:44 chelsea sshd[1489948]: pam_unix(sshd:auth): authentication failure; logname= uid=0 euid=0 tty=ssh ruser= rhost=185.186.243.133 
Oct 18 00:42:45 chelsea sshd[1489950]: pam_unix(sshd:auth): authentication failure; logname= uid=0 euid=0 tty=ssh ruser= rhost=112.85.42.237  user=root
Oct 18 00:42:46 chelsea sshd[1489948]: Failed password for invalid user kre from 185.186.243.133 port 35826 ssh2
Oct 18 00:42:47 chelsea sshd[1489948]: Received disconnect from 185.186.243.133 port 35826:11: Bye Bye [preauth]
Oct 18 00:42:47 chelsea sshd[1489948]: Disconnected from invalid user kre 185.186.243.133 port 35826 [preauth]
Oct 18 00:42:47 chelsea sshd[1489950]: Failed password for root from 112.85.42.237 port 15661 ssh2
Oct 18 00:42:51 chelsea sshd[1489950]: Failed password for root from 112.85.42.237 port 15661 ssh2
Oct 18 00:42:53 chelsea sshd[1489960]: Invalid user tqy from 178.32.221.142 port 39582
Oct 18 00:42:53 chelsea sshd[1489960]: pam_unix(sshd:auth): check pass; user unknown
Oct 18 00:42:53 chelsea sshd[1489960]: pam_unix(sshd:auth): authentication failure; logname= uid=0 euid=0 tty=ssh ruser= rhost=178.32.221.142 
Oct 18 00:42:54 chelsea sshd[1489950]: Failed password for root from 112.85.42.237 port 15661 ssh2
Oct 18 00:42:54 chelsea sshd[1489950]: Received disconnect from 112.85.42.237 port 15661:11:  [preauth]
Oct 18 00:42:54 chelsea sshd[1489950]: Disconnected from authenticating user root 112.85.42.237 port 15661 [preauth]
Oct 18 00:42:54 chelsea sshd[1489950]: PAM 2 more authentication failures; logname= uid=0 euid=0 tty=ssh ruser= rhost=112.85.42.237  user=root
Oct 18 00:42:55 chelsea sshd[1489960]: Failed password for invalid user tqy from 178.32.221.142 port 39582 ssh2
Oct 18 00:42:55 chelsea sshd[1489960]: Received disconnect from 178.32.221.142 port 39582:11: Bye Bye [preauth]
Oct 18 00:42:55 chelsea sshd[1489960]: Disconnected from invalid user tqy 178.32.221.142 port 39582 [preauth]
Oct 18 00:43:07 chelsea sshd[1489978]: Invalid user hyq from 147.135.203.181 port 59972
Oct 18 00:43:07 chelsea sshd[1489978]: pam_unix(sshd:auth): check pass; user unknown
Oct 18 00:43:07 chelsea sshd[1489978]: pam_unix(sshd:auth): authentication failure; logname= uid=0 euid=0 tty=ssh ruser= rhost=147.135.203.181 
Oct 18 00:43:08 chelsea sshd[1489976]: Invalid user tqt from 102.39.67.51 port 34924
Oct 18 00:43:08 chelsea sshd[1489976]: pam_unix(sshd:auth): check pass; user unknown
Oct 18 00:43:08 chelsea sshd[1489976]: pam_unix(sshd:auth): authentication failure; logname= uid=0 euid=0 tty=ssh ruser= rhost=102.39.67.51 
Oct 18 00:43:08 chelsea sshd[1489974]: Invalid user nez from 36.155.113.199 port 57295
Oct 18 00:43:08 chelsea sshd[1489974]: pam_unix(sshd:auth): check pass; user unknown
Oct 18 00:43:08 chelsea sshd[1489974]: pam_unix(sshd:auth): authentication failure; logname= uid=0 euid=0 tty=ssh ruser= rhost=36.155.113.199 
Oct 18 00:43:10 chelsea sshd[1489978]: Failed password for invalid user hyq from 147.135.203.181 port 59972 ssh2
Oct 18 00:43:10 chelsea sshd[1489976]: Failed password for invalid user tqt from 102.39.67.51 port 34924 ssh2
Oct 18 00:43:10 chelsea sshd[1489978]: Received disconnect from 147.135.203.181 port 59972:11: Bye Bye [preauth]
Oct 18 00:43:10 chelsea sshd[1489978]: Disconnected from invalid user hyq 147.135.203.181 port 59972 [preauth]
Oct 18 00:43:11 chelsea sshd[1489974]: Failed password for invalid user nez from 36.155.113.199 port 57295 ssh2
Oct 18 00:43:12 chelsea sshd[1489976]: Received disconnect from 102.39.67.51 port 34924:11: Bye Bye [preauth]
Oct 18 00:43:12 chelsea sshd[1489976]: Disconnected from invalid user tqt 102.39.67.51 port 34924 [preauth]
Oct 18 00:43:13 chelsea sshd[1489974]: Received disconnect from 36.155.113.199 port 57295:11: Bye Bye [preauth]
Oct 18 00:43:13 chelsea sshd[1489974]: Disconnected from invalid user nez 36.155.113.199 port 57295 [preauth]
Oct 18 00:43:22 chelsea sshd[1489992]: pam_unix(sshd:auth): authentication failure; logname= uid=0 euid=0 tty=ssh ruser= rhost=112.85.42.237  user=root
Oct 18 00:43:24 chelsea sshd[1489992]: Failed password for root from 112.85.42.237 port 48806 ssh2
Oct 18 00:43:28 chelsea sshd[1489992]: Failed password for root from 112.85.42.237 port 48806 ssh2
Oct 18 00:43:30 chelsea sshd[1489998]: pam_unix(sshd:auth): authentication failure; logname= uid=0 euid=0 tty=ssh ruser= rhost=112.85.42.237  user=root
Oct 18 00:43:31 chelsea sshd[1489992]: Failed password for root from 112.85.42.237 port 48806 ssh2
Oct 18 00:43:31 chelsea sshd[1490004]: Invalid user zba from 120.71.181.52 port 47909
Oct 18 00:43:31 chelsea sshd[1490004]: pam_unix(sshd:auth): check pass; user unknown
Oct 18 00:43:31 chelsea sshd[1490004]: pam_unix(sshd:auth): authentication failure; logname= uid=0 euid=0 tty=ssh ruser= rhost=120.71.181.52 
Oct 18 00:43:31 chelsea sshd[1489998]: Failed password for root from 112.85.42.237 port 60633 ssh2
Oct 18 00:43:33 chelsea sshd[1489992]: Received disconnect from 112.85.42.237 port 48806:11:  [preauth]
Oct 18 00:43:33 chelsea sshd[1489992]: Disconnected from authenticating user root 112.85.42.237 port 48806 [preauth]
Oct 18 00:43:33 chelsea sshd[1489992]: PAM 2 more authentication failures; logname= uid=0 euid=0 tty=ssh ruser= rhost=112.85.42.237  user=root
Oct 18 00:43:33 chelsea sshd[1490004]: Failed password for invalid user zba from 120.71.181.52 port 47909 ssh2
Oct 18 00:43:34 chelsea sshd[1489998]: Failed password for root from 112.85.42.237 port 60633 ssh2
Oct 18 00:43:35 chelsea sshd[1490004]: Received disconnect from 120.71.181.52 port 47909:11: Bye Bye [preauth]
Oct 18 00:43:35 chelsea sshd[1490004]: Disconnected from invalid user zba 120.71.181.52 port 47909 [preauth]
Oct 18 00:43:36 chelsea sshd[1490010]: Invalid user fbv from 185.186.243.133 port 46250
Oct 18 00:43:36 chelsea sshd[1490010]: pam_unix(sshd:auth): check pass; user unknown
Oct 18 00:43:36 chelsea sshd[1490010]: pam_unix(sshd:auth): authentication failure; logname= uid=0 euid=0 tty=ssh ruser= rhost=185.186.243.133 
Oct 18 00:43:36 chelsea sshd[1489998]: Failed password for root from 112.85.42.237 port 60633 ssh2
Oct 18 00:43:37 chelsea sshd[1489998]: Received disconnect from 112.85.42.237 port 60633:11:  [preauth]
Oct 18 00:43:37 chelsea sshd[1489998]: Disconnected from authenticating user root 112.85.42.237 port 60633 [preauth]
Oct 18 00:43:37 chelsea sshd[1489998]: PAM 2 more authentication failures; logname= uid=0 euid=0 tty=ssh ruser= rhost=112.85.42.237  user=root
Oct 18 00:43:37 chelsea sshd[1490010]: Failed password for invalid user fbv from 185.186.243.133 port 46250 ssh2
Oct 18 00:43:38 chelsea sshd[1490010]: Received disconnect from 185.186.243.133 port 46250:11: Bye Bye [preauth]
Oct 18 00:43:38 chelsea sshd[1490010]: Disconnected from invalid user fbv 185.186.243.133 port 46250 [preauth]
Oct 18 00:43:46 chelsea sshd[1490020]: Invalid user dg from 20.46.41.35 port 60436
Oct 18 00:43:46 chelsea sshd[1490020]: pam_unix(sshd:auth): check pass; user unknown
Oct 18 00:43:46 chelsea sshd[1490020]: pam_unix(sshd:auth): authentication failure; logname= uid=0 euid=0 tty=ssh ruser= rhost=20.46.41.35 
Oct 18 00:43:48 chelsea sshd[1490020]: Failed password for invalid user dg from 20.46.41.35 port 60436 ssh2
Oct 18 00:43:49 chelsea sshd[1490020]: Received disconnect from 20.46.41.35 port 60436:11: Bye Bye [preauth]
Oct 18 00:43:49 chelsea sshd[1490020]: Disconnected from invalid user dg 20.46.41.35 port 60436 [preauth]
Oct 18 00:43:50 chelsea sshd[1490022]: Invalid user std from 181.40.73.86 port 1260
Oct 18 00:43:50 chelsea sshd[1490022]: pam_unix(sshd:auth): check pass; user unknown
Oct 18 00:43:50 chelsea sshd[1490022]: pam_unix(sshd:auth): authentication failure; logname= uid=0 euid=0 tty=ssh ruser= rhost=181.40.73.86 
Oct 18 00:43:51 chelsea sshd[1490022]: Failed password for invalid user std from 181.40.73.86 port 1260 ssh2
Oct 18 00:43:52 chelsea sshd[1490022]: Received disconnect from 181.40.73.86 port 1260:11: Bye Bye [preauth]
Oct 18 00:43:52 chelsea sshd[1490022]: Disconnected from invalid user std 181.40.73.86 port 1260 [preauth]
Oct 18 00:43:59 chelsea sshd[1490032]: Invalid user gg from 51.77.210.17 port 55476
Oct 18 00:43:59 chelsea sshd[1490032]: pam_unix(sshd:auth): check pass; user unknown
Oct 18 00:43:59 chelsea sshd[1490032]: pam_unix(sshd:auth): authentication failure; logname= uid=0 euid=0 tty=ssh ruser= rhost=51.77.210.17 
Oct 18 00:43:59 chelsea sshd[1490034]: pam_unix(sshd:auth): authentication failure; logname= uid=0 euid=0 tty=ssh ruser= rhost=112.85.42.237  user=root
Oct 18 00:44:01 chelsea sshd[1490032]: Failed password for invalid user gg from 51.77.210.17 port 55476 ssh2
Oct 18 00:44:01 chelsea sshd[1490032]: Received disconnect from 51.77.210.17 port 55476:11: Bye Bye [preauth]
Oct 18 00:44:01 chelsea sshd[1490032]: Disconnected from invalid user gg 51.77.210.17 port 55476 [preauth]
Oct 18 00:44:01 chelsea sshd[1490034]: Failed password for root from 112.85.42.237 port 34668 ssh2
Oct 18 00:44:03 chelsea sshd[1490034]: Failed password for root from 112.85.42.237 port 34668 ssh2
Oct 18 00:44:04 chelsea sshd[1490041]: Invalid user umm from 114.67.239.47 port 34084
Oct 18 00:44:04 chelsea sshd[1490041]: pam_unix(sshd:auth): check pass; user unknown
Oct 18 00:44:04 chelsea sshd[1490041]: pam_unix(sshd:auth): authentication failure; logname= uid=0 euid=0 tty=ssh ruser= rhost=114.67.239.47 
Oct 18 00:44:06 chelsea sshd[1490041]: Failed password for invalid user umm from 114.67.239.47 port 34084 ssh2
Oct 18 00:44:07 chelsea sshd[1490034]: Failed password for root from 112.85.42.237 port 34668 ssh2
Oct 18 00:44:08 chelsea sshd[1490041]: Received disconnect from 114.67.239.47 port 34084:11: Bye Bye [preauth]
Oct 18 00:44:08 chelsea sshd[1490041]: Disconnected from invalid user umm 114.67.239.47 port 34084 [preauth]
Oct 18 00:44:09 chelsea sshd[1490034]: Received disconnect from 112.85.42.237 port 34668:11:  [preauth]
Oct 18 00:44:09 chelsea sshd[1490034]: Disconnected from authenticating user root 112.85.42.237 port 34668 [preauth]
Oct 18 00:44:09 chelsea sshd[1490034]: PAM 2 more authentication failures; logname= uid=0 euid=0 tty=ssh ruser= rhost=112.85.42.237  user=root
Oct 18 00:44:11 chelsea sshd[1490047]: Invalid user nkg from 218.54.123.239 port 37534
Oct 18 00:44:11 chelsea sshd[1490047]: pam_unix(sshd:auth): check pass; user unknown
Oct 18 00:44:11 chelsea sshd[1490047]: pam_unix(sshd:auth): authentication failure; logname= uid=0 euid=0 tty=ssh ruser= rhost=218.54.123.239 
Oct 18 00:44:12 chelsea sshd[1490047]: Failed password for invalid user nkg from 218.54.123.239 port 37534 ssh2
Oct 18 00:44:14 chelsea sshd[1490053]: pam_unix(sshd:auth): authentication failure; logname= uid=0 euid=0 tty=ssh ruser= rhost=112.85.42.237  user=root
Oct 18 00:44:14 chelsea sshd[1490047]: Received disconnect from 218.54.123.239 port 37534:11: Bye Bye [preauth]
Oct 18 00:44:14 chelsea sshd[1490047]: Disconnected from invalid user nkg 218.54.123.239 port 37534 [preauth]
Oct 18 00:44:15 chelsea sshd[1490053]: Failed password for root from 112.85.42.237 port 42448 ssh2
Oct 18 00:44:18 chelsea sshd[1490053]: Failed password for root from 112.85.42.237 port 42448 ssh2
Oct 18 00:44:22 chelsea sshd[1490053]: Failed password for root from 112.85.42.237 port 42448 ssh2
Oct 18 00:44:23 chelsea sshd[1490053]: Received disconnect from 112.85.42.237 port 42448:11:  [preauth]
Oct 18 00:44:23 chelsea sshd[1490053]: Disconnected from authenticating user root 112.85.42.237 port 42448 [preauth]
Oct 18 00:44:23 chelsea sshd[1490053]: PAM 2 more authentication failures; logname= uid=0 euid=0 tty=ssh ruser= rhost=112.85.42.237  user=root
Oct 18 00:44:31 chelsea sshd[1490072]: Invalid user vlb from 185.186.243.133 port 56676
Oct 18 00:44:31 chelsea sshd[1490072]: pam_unix(sshd:auth): check pass; user unknown
Oct 18 00:44:31 chelsea sshd[1490072]: pam_unix(sshd:auth): authentication failure; logname= uid=0 euid=0 tty=ssh ruser= rhost=185.186.243.133 
Oct 18 00:44:33 chelsea sshd[1490072]: Failed password for invalid user vlb from 185.186.243.133 port 56676 ssh2
Oct 18 00:44:34 chelsea sshd[1490072]: Received disconnect from 185.186.243.133 port 56676:11: Bye Bye [preauth]
Oct 18 00:44:34 chelsea sshd[1490072]: Disconnected from invalid user vlb 185.186.243.133 port 56676 [preauth]
Oct 18 00:44:37 chelsea sshd[1490078]: pam_unix(sshd:auth): authentication failure; logname= uid=0 euid=0 tty=ssh ruser= rhost=112.85.42.237  user=root
Oct 18 00:44:39 chelsea sshd[1490078]: Failed password for root from 112.85.42.237 port 16208 ssh2
Oct 18 00:44:42 chelsea sshd[1490078]: Failed password for root from 112.85.42.237 port 16208 ssh2
Oct 18 00:44:46 chelsea sshd[1490078]: Failed password for root from 112.85.42.237 port 16208 ssh2
Oct 18 00:44:46 chelsea sshd[1490078]: Received disconnect from 112.85.42.237 port 16208:11:  [preauth]
Oct 18 00:44:46 chelsea sshd[1490078]: Disconnected from authenticating user root 112.85.42.237 port 16208 [preauth]
Oct 18 00:44:46 chelsea sshd[1490078]: PAM 2 more authentication failures; logname= uid=0 euid=0 tty=ssh ruser= rhost=112.85.42.237  user=root
Oct 18 00:44:48 chelsea sshd[1490084]: Invalid user du from 83.24.18.238 port 40922
Oct 18 00:44:48 chelsea sshd[1490084]: pam_unix(sshd:auth): check pass; user unknown
Oct 18 00:44:48 chelsea sshd[1490084]: pam_unix(sshd:auth): authentication failure; logname= uid=0 euid=0 tty=ssh ruser= rhost=83.24.18.238 
Oct 18 00:44:50 chelsea sshd[1490084]: Failed password for invalid user du from 83.24.18.238 port 40922 ssh2
Oct 18 00:44:52 chelsea sshd[1490084]: Received disconnect from 83.24.18.238 port 40922:11: Bye Bye [preauth]
Oct 18 00:44:52 chelsea sshd[1490084]: Disconnected from invalid user du 83.24.18.238 port 40922 [preauth]
Oct 18 00:44:59 chelsea sshd[1490098]: pam_unix(sshd:auth): authentication failure; logname= uid=0 euid=0 tty=ssh ruser= rhost=112.85.42.237  user=root
Oct 18 00:45:00 chelsea sshd[1490098]: Failed password for root from 112.85.42.237 port 26761 ssh2
Oct 18 00:45:03 chelsea sshd[1490098]: Failed password for root from 112.85.42.237 port 26761 ssh2
Oct 18 00:45:07 chelsea sshd[1490098]: Failed password for root from 112.85.42.237 port 26761 ssh2
Oct 18 00:45:08 chelsea sshd[1490098]: Received disconnect from 112.85.42.237 port 26761:11:  [preauth]
Oct 18 00:45:08 chelsea sshd[1490098]: Disconnected from authenticating user root 112.85.42.237 port 26761 [preauth]
Oct 18 00:45:08 chelsea sshd[1490098]: PAM 2 more authentication failures; logname= uid=0 euid=0 tty=ssh ruser= rhost=112.85.42.237  user=root
Oct 18 00:45:19 chelsea sshd[1490115]: Invalid user bnh from 106.12.36.90 port 39154
Oct 18 00:45:19 chelsea sshd[1490115]: pam_unix(sshd:auth): check pass; user unknown
Oct 18 00:45:19 chelsea sshd[1490115]: pam_unix(sshd:auth): authentication failure; logname= uid=0 euid=0 tty=ssh ruser= rhost=106.12.36.90 
Oct 18 00:45:22 chelsea sshd[1490121]: Invalid user kju from 5.196.75.47 port 40010
Oct 18 00:45:22 chelsea sshd[1490121]: pam_unix(sshd:auth): check pass; user unknown
Oct 18 00:45:22 chelsea sshd[1490121]: pam_unix(sshd:auth): authentication failure; logname= uid=0 euid=0 tty=ssh ruser= rhost=5.196.75.47 
Oct 18 00:45:22 chelsea sshd[1490115]: Failed password for invalid user bnh from 106.12.36.90 port 39154 ssh2
Oct 18 00:45:24 chelsea sshd[1490123]: pam_unix(sshd:auth): authentication failure; logname= uid=0 euid=0 tty=ssh ruser= rhost=112.85.42.237  user=root
Oct 18 00:45:24 chelsea sshd[1490121]: Failed password for invalid user kju from 5.196.75.47 port 40010 ssh2
Oct 18 00:45:24 chelsea sshd[1490121]: Received disconnect from 5.196.75.47 port 40010:11: Bye Bye [preauth]
Oct 18 00:45:24 chelsea sshd[1490121]: Disconnected from invalid user kju 5.196.75.47 port 40010 [preauth]
Oct 18 00:45:24 chelsea sshd[1490115]: Received disconnect from 106.12.36.90 port 39154:11: Bye Bye [preauth]
Oct 18 00:45:24 chelsea sshd[1490115]: Disconnected from invalid user bnh 106.12.36.90 port 39154 [preauth]
Oct 18 00:45:26 chelsea sshd[1490123]: Failed password for root from 112.85.42.237 port 13715 ssh2
Oct 18 00:45:28 chelsea sshd[1490132]: Invalid user swe from 185.186.243.133 port 38870
Oct 18 00:45:28 chelsea sshd[1490132]: pam_unix(sshd:auth): check pass; user unknown
Oct 18 00:45:28 chelsea sshd[1490132]: pam_unix(sshd:auth): authentication failure; logname= uid=0 euid=0 tty=ssh ruser= rhost=185.186.243.133 
Oct 18 00:45:28 chelsea sshd[1490131]: Invalid user uyt from 117.83.152.139 port 34002
Oct 18 00:45:28 chelsea sshd[1490131]: pam_unix(sshd:auth): check pass; user unknown
Oct 18 00:45:28 chelsea sshd[1490131]: pam_unix(sshd:auth): authentication failure; logname= uid=0 euid=0 tty=ssh ruser= rhost=117.83.152.139 
Oct 18 00:45:30 chelsea sshd[1490123]: Failed password for root from 112.85.42.237 port 13715 ssh2
Oct 18 00:45:31 chelsea sshd[1490132]: Failed password for invalid user swe from 185.186.243.133 port 38870 ssh2
Oct 18 00:45:31 chelsea sshd[1490131]: Failed password for invalid user uyt from 117.83.152.139 port 34002 ssh2
Oct 18 00:45:31 chelsea sshd[1490132]: Received disconnect from 185.186.243.133 port 38870:11: Bye Bye [preauth]
Oct 18 00:45:31 chelsea sshd[1490132]: Disconnected from invalid user swe 185.186.243.133 port 38870 [preauth]
Oct 18 00:45:31 chelsea sshd[1490131]: Received disconnect from 117.83.152.139 port 34002:11: Bye Bye [preauth]
Oct 18 00:45:31 chelsea sshd[1490131]: Disconnected from invalid user uyt 117.83.152.139 port 34002 [preauth]
Oct 18 00:45:32 chelsea sshd[1490129]: Invalid user aqt from 125.124.44.135 port 46102
Oct 18 00:45:32 chelsea sshd[1490129]: pam_unix(sshd:auth): check pass; user unknown
Oct 18 00:45:32 chelsea sshd[1490129]: pam_unix(sshd:auth): authentication failure; logname= uid=0 euid=0 tty=ssh ruser= rhost=125.124.44.135 
Oct 18 00:45:34 chelsea sshd[1490129]: Failed password for invalid user aqt from 125.124.44.135 port 46102 ssh2
Oct 18 00:45:34 chelsea sshd[1490123]: Failed password for root from 112.85.42.237 port 13715 ssh2
Oct 18 00:45:35 chelsea sshd[1490123]: Received disconnect from 112.85.42.237 port 13715:11:  [preauth]
Oct 18 00:45:35 chelsea sshd[1490123]: Disconnected from authenticating user root 112.85.42.237 port 13715 [preauth]
Oct 18 00:45:35 chelsea sshd[1490123]: PAM 2 more authentication failures; logname= uid=0 euid=0 tty=ssh ruser= rhost=112.85.42.237  user=root
Oct 18 00:45:35 chelsea sshd[1490129]: Received disconnect from 125.124.44.135 port 46102:11: Bye Bye [preauth]
Oct 18 00:45:35 chelsea sshd[1490129]: Disconnected from invalid user aqt 125.124.44.135 port 46102 [preauth]
Oct 18 00:45:38 chelsea sshd[1490143]: Invalid user gru from 102.39.67.51 port 38088
Oct 18 00:45:38 chelsea sshd[1490143]: pam_unix(sshd:auth): check pass; user unknown
Oct 18 00:45:38 chelsea sshd[1490143]: pam_unix(sshd:auth): authentication failure; logname= uid=0 euid=0 tty=ssh ruser= rhost=102.39.67.51 
Oct 18 00:45:40 chelsea sshd[1490143]: Failed password for invalid user gru from 102.39.67.51 port 38088 ssh2
Oct 18 00:45:42 chelsea sshd[1490143]: Received disconnect from 102.39.67.51 port 38088:11: Bye Bye [preauth]
Oct 18 00:45:42 chelsea sshd[1490143]: Disconnected from invalid user gru 102.39.67.51 port 38088 [preauth]
Oct 18 00:45:42 chelsea sshd[1490149]: pam_unix(sshd:auth): authentication failure; logname= uid=0 euid=0 tty=ssh ruser= rhost=112.85.42.237  user=root
Oct 18 00:45:44 chelsea sshd[1490149]: Failed password for root from 112.85.42.237 port 50583 ssh2
Oct 18 00:45:46 chelsea sshd[1490149]: Failed password for root from 112.85.42.237 port 50583 ssh2
Oct 18 00:45:49 chelsea sshd[1490155]: Invalid user kad from 120.71.181.52 port 34604
Oct 18 00:45:49 chelsea sshd[1490155]: pam_unix(sshd:auth): check pass; user unknown
Oct 18 00:45:49 chelsea sshd[1490155]: pam_unix(sshd:auth): authentication failure; logname= uid=0 euid=0 tty=ssh ruser= rhost=120.71.181.52 
Oct 18 00:45:51 chelsea sshd[1490149]: Failed password for root from 112.85.42.237 port 50583 ssh2
Oct 18 00:45:51 chelsea sshd[1490149]: Received disconnect from 112.85.42.237 port 50583:11:  [preauth]
Oct 18 00:45:51 chelsea sshd[1490149]: Disconnected from authenticating user root 112.85.42.237 port 50583 [preauth]
Oct 18 00:45:51 chelsea sshd[1490149]: PAM 2 more authentication failures; logname= uid=0 euid=0 tty=ssh ruser= rhost=112.85.42.237  user=root
Oct 18 00:45:51 chelsea sshd[1490155]: Failed password for invalid user kad from 120.71.181.52 port 34604 ssh2
Oct 18 00:45:52 chelsea sshd[1490155]: Received disconnect from 120.71.181.52 port 34604:11: Bye Bye [preauth]
Oct 18 00:45:52 chelsea sshd[1490155]: Disconnected from invalid user kad 120.71.181.52 port 34604 [preauth]
Oct 18 00:46:05 chelsea sshd[1490169]: pam_unix(sshd:auth): authentication failure; logname= uid=0 euid=0 tty=ssh ruser= rhost=112.85.42.237  user=root
Oct 18 00:46:07 chelsea sshd[1490169]: Failed password for root from 112.85.42.237 port 15257 ssh2
Oct 18 00:46:10 chelsea sshd[1490169]: Failed password for root from 112.85.42.237 port 15257 ssh2
Oct 18 00:46:14 chelsea sshd[1490169]: Failed password for root from 112.85.42.237 port 15257 ssh2
Oct 18 00:46:14 chelsea sshd[1490169]: Received disconnect from 112.85.42.237 port 15257:11:  [preauth]
Oct 18 00:46:14 chelsea sshd[1490169]: Disconnected from authenticating user root 112.85.42.237 port 15257 [preauth]
Oct 18 00:46:14 chelsea sshd[1490169]: PAM 2 more authentication failures; logname= uid=0 euid=0 tty=ssh ruser= rhost=112.85.42.237  user=root
Oct 18 00:46:20 chelsea sshd[1490183]: Invalid user lhn from 185.186.243.133 port 49282
Oct 18 00:46:20 chelsea sshd[1490183]: pam_unix(sshd:auth): check pass; user unknown
Oct 18 00:46:20 chelsea sshd[1490183]: pam_unix(sshd:auth): authentication failure; logname= uid=0 euid=0 tty=ssh ruser= rhost=185.186.243.133 
Oct 18 00:46:22 chelsea sshd[1490183]: Failed password for invalid user lhn from 185.186.243.133 port 49282 ssh2
Oct 18 00:46:24 chelsea sshd[1490183]: Received disconnect from 185.186.243.133 port 49282:11: Bye Bye [preauth]
Oct 18 00:46:24 chelsea sshd[1490183]: Disconnected from invalid user lhn 185.186.243.133 port 49282 [preauth]
Oct 18 00:46:28 chelsea sshd[1490193]: pam_unix(sshd:auth): authentication failure; logname= uid=0 euid=0 tty=ssh ruser= rhost=112.85.42.237  user=root
Oct 18 00:46:30 chelsea sshd[1490193]: Failed password for root from 112.85.42.237 port 33050 ssh2
Oct 18 00:46:35 chelsea sshd[1490193]: Failed password for root from 112.85.42.237 port 33050 ssh2
Oct 18 00:46:36 chelsea sshd[1490204]: Invalid user fix from 114.67.239.47 port 38440
Oct 18 00:46:36 chelsea sshd[1490204]: pam_unix(sshd:auth): check pass; user unknown
Oct 18 00:46:36 chelsea sshd[1490204]: pam_unix(sshd:auth): authentication failure; logname= uid=0 euid=0 tty=ssh ruser= rhost=114.67.239.47 
Oct 18 00:46:38 chelsea sshd[1490204]: Failed password for invalid user fix from 114.67.239.47 port 38440 ssh2
Oct 18 00:46:39 chelsea sshd[1490193]: Failed password for root from 112.85.42.237 port 33050 ssh2
Oct 18 00:46:40 chelsea sshd[1490204]: Received disconnect from 114.67.239.47 port 38440:11: Bye Bye [preauth]
Oct 18 00:46:40 chelsea sshd[1490204]: Disconnected from invalid user fix 114.67.239.47 port 38440 [preauth]
Oct 18 00:46:41 chelsea sshd[1490203]: Invalid user ek from 103.92.29.247 port 35512
Oct 18 00:46:41 chelsea sshd[1490203]: pam_unix(sshd:auth): check pass; user unknown
Oct 18 00:46:41 chelsea sshd[1490203]: pam_unix(sshd:auth): authentication failure; logname= uid=0 euid=0 tty=ssh ruser= rhost=103.92.29.247 
Oct 18 00:46:41 chelsea sshd[1490193]: Received disconnect from 112.85.42.237 port 33050:11:  [preauth]
Oct 18 00:46:41 chelsea sshd[1490193]: Disconnected from authenticating user root 112.85.42.237 port 33050 [preauth]
Oct 18 00:46:41 chelsea sshd[1490193]: PAM 2 more authentication failures; logname= uid=0 euid=0 tty=ssh ruser= rhost=112.85.42.237  user=root
Oct 18 00:46:43 chelsea sshd[1490203]: Failed password for invalid user ek from 103.92.29.247 port 35512 ssh2
Oct 18 00:46:45 chelsea sshd[1490203]: Received disconnect from 103.92.29.247 port 35512:11: Bye Bye [preauth]
Oct 18 00:46:45 chelsea sshd[1490203]: Disconnected from invalid user ek 103.92.29.247 port 35512 [preauth]
Oct 18 00:46:47 chelsea sshd[1490215]: Invalid user ze from 147.135.203.181 port 36234
Oct 18 00:46:47 chelsea sshd[1490215]: pam_unix(sshd:auth): check pass; user unknown
Oct 18 00:46:47 chelsea sshd[1490215]: pam_unix(sshd:auth): authentication failure; logname= uid=0 euid=0 tty=ssh ruser= rhost=147.135.203.181 
Oct 18 00:46:49 chelsea sshd[1490215]: Failed password for invalid user ze from 147.135.203.181 port 36234 ssh2
Oct 18 00:46:50 chelsea sshd[1490217]: pam_unix(sshd:auth): authentication failure; logname= uid=0 euid=0 tty=ssh ruser= rhost=112.85.42.237  user=root
Oct 18 00:46:50 chelsea sshd[1490215]: Received disconnect from 147.135.203.181 port 36234:11: Bye Bye [preauth]
Oct 18 00:46:50 chelsea sshd[1490215]: Disconnected from invalid user ze 147.135.203.181 port 36234 [preauth]
Oct 18 00:46:52 chelsea sshd[1490217]: Failed password for root from 112.85.42.237 port 41481 ssh2
Oct 18 00:46:56 chelsea sshd[1490217]: Failed password for root from 112.85.42.237 port 41481 ssh2
Oct 18 00:46:59 chelsea sshd[1490217]: Failed password for root from 112.85.42.237 port 41481 ssh2
Oct 18 00:47:01 chelsea sshd[1490217]: Received disconnect from 112.85.42.237 port 41481:11:  [preauth]
Oct 18 00:47:01 chelsea sshd[1490217]: Disconnected from authenticating user root 112.85.42.237 port 41481 [preauth]
Oct 18 00:47:01 chelsea sshd[1490217]: PAM 2 more authentication failures; logname= uid=0 euid=0 tty=ssh ruser= rhost=112.85.42.237  user=root
Oct 18 00:47:04 chelsea sshd[1490230]: Invalid user nis from 36.155.113.199 port 49012
Oct 18 00:47:04 chelsea sshd[1490230]: pam_unix(sshd:auth): check pass; user unknown
Oct 18 00:47:04 chelsea sshd[1490230]: pam_unix(sshd:auth): authentication failure; logname= uid=0 euid=0 tty=ssh ruser= rhost=36.155.113.199 
Oct 18 00:47:04 chelsea sshd[1490232]: Invalid user rhp from 218.54.123.239 port 56434
Oct 18 00:47:04 chelsea sshd[1490232]: pam_unix(sshd:auth): check pass; user unknown
Oct 18 00:47:04 chelsea sshd[1490232]: pam_unix(sshd:auth): authentication failure; logname= uid=0 euid=0 tty=ssh ruser= rhost=218.54.123.239 
Oct 18 00:47:06 chelsea sshd[1490230]: Failed password for invalid user nis from 36.155.113.199 port 49012 ssh2
Oct 18 00:47:07 chelsea sshd[1490230]: Received disconnect from 36.155.113.199 port 49012:11: Bye Bye [preauth]
Oct 18 00:47:07 chelsea sshd[1490230]: Disconnected from invalid user nis 36.155.113.199 port 49012 [preauth]
Oct 18 00:47:07 chelsea sshd[1490232]: Failed password for invalid user rhp from 218.54.123.239 port 56434 ssh2
Oct 18 00:47:08 chelsea sshd[1490232]: Received disconnect from 218.54.123.239 port 56434:11: Bye Bye [preauth]
