Oct 18 00:06:29 chelsea sshd[1487120]: Invalid user zfw from 218.54.123.239 port 46088
Oct 18 00:06:29 chelsea sshd[1487120]: pam_unix(sshd:auth): check pass; user unknown
Oct 18 00:06:29 chelsea sshd[1487120]: pam_unix(sshd:auth): authentication failure; logname= uid=0 euid=0 tty=ssh ruser= rhost=218.54.123.239 
Oct 18 00:06:29 chelsea sshd[1487116]: Received disconnect from 120.71.181.52 port 48255:11: Bye Bye [preauth]
Oct 18 00:06:29 chelsea sshd[1487116]: Disconnected from invalid user nf 120.71.181.52 port 48255 [preauth]
Oct 18 00:06:30 chelsea sshd[1487126]: Invalid user ywn from 114.67.239.47 port 53418
Oct 18 00:06:30 chelsea sshd[1487126]: pam_unix(sshd:auth): check pass; user unknown
Oct 18 00:06:30 chelsea sshd[1487126]: pam_unix(sshd:auth): authentication failure; logname= uid=0 euid=0 tty=ssh ruser= rhost=114.67.239.47 
Oct 18 00:06:30 chelsea sshd[1487118]: Failed password for invalid user afx from 102.39.67.51 port 44032 ssh2
Oct 18 00:06:30 chelsea sshd[1487120]: Failed password for invalid user zfw from 218.54.123.239 port 46088 ssh2
Oct 18 00:06:31 chelsea sshd[1487126]: Failed password for invalid user ywn from 114.67.239.47 port 53418 ssh2
Oct 18 00:06:31 chelsea sshd[1487120]: Received disconnect from 218.54.123.239 port 46088:11: Bye Bye [preauth]
Oct 18 00:06:31 chelsea sshd[1487120]: Disconnected from invalid user zfw 218.54.123.239 port 46088 [preauth]
Oct 18 00:06:31 chelsea sshd[1487126]: Received disconnect from 114.67.239.47 port 53418:11: Bye Bye [preauth]
Oct 18 00:06:31 chelsea sshd[1487126]: Disconnected from invalid user ywn 114.67.239.47 port 53418 [preauth]
Oct 18 00:06:32 chelsea sshd[1487130]: Invalid user ep from 185.186.243.133 port 60334
Oct 18 00:06:32 chelsea sshd[1487130]: pam_unix(sshd:auth): check pass; user unknown
Oct 18 00:06:32 chelsea sshd[1487130]: pam_unix(sshd:auth): authentication failure; logname= uid=0 euid=0 tty=ssh ruser= rhost=185.186.243.133 
Oct 18 00:06:32 chelsea sshd[1487118]: Received disconnect from 102.39.67.51 port 44032:11: Bye Bye [preauth]
Oct 18 00:06:32 chelsea sshd[1487118]: Disconnected from invalid user afx 102.39.67.51 port 44032 [preauth]
Oct 18 00:06:32 chelsea sshd[1487132]: pam_unix(sshd:auth): authentication failure; logname= uid=0 euid=0 tty=ssh ruser= rhost=112.85.42.237  user=root
Oct 18 00:06:34 chelsea sshd[1487130]: Failed password for invalid user ep from 185.186.243.133 port 60334 ssh2
Oct 18 00:06:34 chelsea sshd[1487132]: Failed password for root from 112.85.42.237 port 33741 ssh2
Oct 18 00:06:35 chelsea sshd[1487130]: Received disconnect from 185.186.243.133 port 60334:11: Bye Bye [preauth]
Oct 18 00:06:35 chelsea sshd[1487130]: Disconnected from invalid user ep 185.186.243.133 port 60334 [preauth]
Oct 18 00:06:35 chelsea sshd[1487138]: Unable to negotiate with 221.120.163.94 port 3655: no matching key exchange method found. Their offer: diffie-hellman-group14-sha1,diffie-hellman-group-exchange-sha1,diffie-hellman-group1-sha1 [preauth]
Oct 18 00:06:37 chelsea sshd[1487132]: Failed password for root from 112.85.42.237 port 33741 ssh2
Oct 18 00:06:42 chelsea sshd[1487132]: Failed password for root from 112.85.42.237 port 33741 ssh2
Oct 18 00:06:42 chelsea sshd[1487145]: Unable to negotiate with 221.120.163.94 port 3656: no matching key exchange method found. Their offer: diffie-hellman-group14-sha1,diffie-hellman-group-exchange-sha1,diffie-hellman-group1-sha1 [preauth]
Oct 18 00:06:44 chelsea sshd[1487132]: Received disconnect from 112.85.42.237 port 33741:11:  [preauth]
Oct 18 00:06:44 chelsea sshd[1487132]: Disconnected from authenticating user root 112.85.42.237 port 33741 [preauth]
Oct 18 00:06:44 chelsea sshd[1487132]: PAM 2 more authentication failures; logname= uid=0 euid=0 tty=ssh ruser= rhost=112.85.42.237  user=root
Oct 18 00:06:44 chelsea sshd[1487144]: Invalid user hhg from 58.56.40.210 port 36184
Oct 18 00:06:44 chelsea sshd[1487144]: pam_unix(sshd:auth): check pass; user unknown
Oct 18 00:06:44 chelsea sshd[1487144]: pam_unix(sshd:auth): authentication failure; logname= uid=0 euid=0 tty=ssh ruser= rhost=58.56.40.210 
Oct 18 00:06:45 chelsea sshd[1487144]: Failed password for invalid user hhg from 58.56.40.210 port 36184 ssh2
Oct 18 00:06:47 chelsea sshd[1487144]: Received disconnect from 58.56.40.210 port 36184:11: Bye Bye [preauth]
Oct 18 00:06:47 chelsea sshd[1487144]: Disconnected from invalid user hhg 58.56.40.210 port 36184 [preauth]
Oct 18 00:06:49 chelsea sshd[1487156]: Unable to negotiate with 221.120.163.94 port 3657: no matching key exchange method found. Their offer: diffie-hellman-group14-sha1,diffie-hellman-group-exchange-sha1,diffie-hellman-group1-sha1 [preauth]
Oct 18 00:06:52 chelsea sshd[1487158]: Invalid user xj from 106.12.36.90 port 32826
Oct 18 00:06:52 chelsea sshd[1487158]: pam_unix(sshd:auth): check pass; user unknown
Oct 18 00:06:52 chelsea sshd[1487158]: pam_unix(sshd:auth): authentication failure; logname= uid=0 euid=0 tty=ssh ruser= rhost=106.12.36.90 
Oct 18 00:06:54 chelsea sshd[1487160]: pam_unix(sshd:auth): authentication failure; logname= uid=0 euid=0 tty=ssh ruser= rhost=112.85.42.237  user=root
Oct 18 00:06:54 chelsea sshd[1487158]: Failed password for invalid user xj from 106.12.36.90 port 32826 ssh2
Oct 18 00:06:55 chelsea sshd[1487158]: Received disconnect from 106.12.36.90 port 32826:11: Bye Bye [preauth]
Oct 18 00:06:55 chelsea sshd[1487158]: Disconnected from invalid user xj 106.12.36.90 port 32826 [preauth]
Oct 18 00:06:55 chelsea sshd[1487160]: Failed password for root from 112.85.42.237 port 45092 ssh2
Oct 18 00:06:56 chelsea sshd[1487166]: Unable to negotiate with 221.120.163.94 port 3658: no matching key exchange method found. Their offer: diffie-hellman-group14-sha1,diffie-hellman-group-exchange-sha1,diffie-hellman-group1-sha1 [preauth]
Oct 18 00:06:58 chelsea sshd[1487160]: Failed password for root from 112.85.42.237 port 45092 ssh2
Oct 18 00:07:01 chelsea sshd[1487160]: Failed password for root from 112.85.42.237 port 45092 ssh2
Oct 18 00:07:02 chelsea sshd[1487172]: Invalid user jby from 216.80.102.155 port 33666
Oct 18 00:07:02 chelsea sshd[1487172]: pam_unix(sshd:auth): check pass; user unknown
Oct 18 00:07:02 chelsea sshd[1487172]: pam_unix(sshd:auth): authentication failure; logname= uid=0 euid=0 tty=ssh ruser= rhost=216.80.102.155 
Oct 18 00:07:03 chelsea sshd[1487160]: Received disconnect from 112.85.42.237 port 45092:11:  [preauth]
Oct 18 00:07:03 chelsea sshd[1487160]: Disconnected from authenticating user root 112.85.42.237 port 45092 [preauth]
Oct 18 00:07:03 chelsea sshd[1487160]: PAM 2 more authentication failures; logname= uid=0 euid=0 tty=ssh ruser= rhost=112.85.42.237  user=root
Oct 18 00:07:03 chelsea sshd[1487178]: Unable to negotiate with 221.120.163.94 port 3659: no matching key exchange method found. Their offer: diffie-hellman-group14-sha1,diffie-hellman-group-exchange-sha1,diffie-hellman-group1-sha1 [preauth]
Oct 18 00:07:04 chelsea sshd[1487172]: Failed password for invalid user jby from 216.80.102.155 port 33666 ssh2
Oct 18 00:07:04 chelsea sshd[1487172]: Received disconnect from 216.80.102.155 port 33666:11: Bye Bye [preauth]
Oct 18 00:07:04 chelsea sshd[1487172]: Disconnected from invalid user jby 216.80.102.155 port 33666 [preauth]
Oct 18 00:07:07 chelsea sshd[1487180]: Invalid user cuk from 51.210.103.96 port 52900
Oct 18 00:07:07 chelsea sshd[1487180]: pam_unix(sshd:auth): check pass; user unknown
Oct 18 00:07:07 chelsea sshd[1487180]: pam_unix(sshd:auth): authentication failure; logname= uid=0 euid=0 tty=ssh ruser= rhost=51.210.103.96 
Oct 18 00:07:09 chelsea sshd[1487182]: Invalid user gfu from 117.83.152.139 port 54702
Oct 18 00:07:09 chelsea sshd[1487182]: pam_unix(sshd:auth): check pass; user unknown
Oct 18 00:07:09 chelsea sshd[1487182]: pam_unix(sshd:auth): authentication failure; logname= uid=0 euid=0 tty=ssh ruser= rhost=117.83.152.139 
Oct 18 00:07:09 chelsea sshd[1487180]: Failed password for invalid user cuk from 51.210.103.96 port 52900 ssh2
Oct 18 00:07:09 chelsea sshd[1487180]: Received disconnect from 51.210.103.96 port 52900:11: Bye Bye [preauth]
Oct 18 00:07:09 chelsea sshd[1487180]: Disconnected from invalid user cuk 51.210.103.96 port 52900 [preauth]
Oct 18 00:07:10 chelsea sshd[1487188]: Unable to negotiate with 221.120.163.94 port 3660: no matching key exchange method found. Their offer: diffie-hellman-group14-sha1,diffie-hellman-group-exchange-sha1,diffie-hellman-group1-sha1 [preauth]
Oct 18 00:07:11 chelsea sshd[1487182]: Failed password for invalid user gfu from 117.83.152.139 port 54702 ssh2
Oct 18 00:07:13 chelsea sshd[1487182]: Received disconnect from 117.83.152.139 port 54702:11: Bye Bye [preauth]
Oct 18 00:07:13 chelsea sshd[1487182]: Disconnected from invalid user gfu 117.83.152.139 port 54702 [preauth]
Oct 18 00:07:17 chelsea sshd[1487194]: pam_unix(sshd:auth): authentication failure; logname= uid=0 euid=0 tty=ssh ruser= rhost=112.85.42.237  user=root
Oct 18 00:07:19 chelsea sshd[1487194]: Failed password for root from 112.85.42.237 port 62611 ssh2
Oct 18 00:07:19 chelsea sshd[1487200]: Unable to negotiate with 221.120.163.94 port 3661: no matching key exchange method found. Their offer: diffie-hellman-group14-sha1,diffie-hellman-group-exchange-sha1,diffie-hellman-group1-sha1 [preauth]
Oct 18 00:07:21 chelsea sshd[1487194]: Failed password for root from 112.85.42.237 port 62611 ssh2
Oct 18 00:07:22 chelsea sshd[1487202]: Invalid user ouk from 185.186.243.133 port 42514
Oct 18 00:07:22 chelsea sshd[1487202]: pam_unix(sshd:auth): check pass; user unknown
Oct 18 00:07:22 chelsea sshd[1487202]: pam_unix(sshd:auth): authentication failure; logname= uid=0 euid=0 tty=ssh ruser= rhost=185.186.243.133 
Oct 18 00:07:24 chelsea sshd[1487194]: Failed password for root from 112.85.42.237 port 62611 ssh2
Oct 18 00:07:25 chelsea sshd[1487202]: Failed password for invalid user ouk from 185.186.243.133 port 42514 ssh2
Oct 18 00:07:25 chelsea sshd[1487208]: Unable to negotiate with 221.120.163.94 port 3662: no matching key exchange method found. Their offer: diffie-hellman-group14-sha1,diffie-hellman-group-exchange-sha1,diffie-hellman-group1-sha1 [preauth]
Oct 18 00:07:26 chelsea sshd[1487194]: Received disconnect from 112.85.42.237 port 62611:11:  [preauth]
Oct 18 00:07:26 chelsea sshd[1487194]: Disconnected from authenticating user root 112.85.42.237 port 62611 [preauth]
Oct 18 00:07:26 chelsea sshd[1487194]: PAM 2 more authentication failures; logname= uid=0 euid=0 tty=ssh ruser= rhost=112.85.42.237  user=root
Oct 18 00:07:27 chelsea sshd[1487202]: Received disconnect from 185.186.243.133 port 42514:11: Bye Bye [preauth]
Oct 18 00:07:27 chelsea sshd[1487202]: Disconnected from invalid user ouk 185.186.243.133 port 42514 [preauth]
Oct 18 00:07:33 chelsea sshd[1487218]: Unable to negotiate with 221.120.163.94 port 3663: no matching key exchange method found. Their offer: diffie-hellman-group14-sha1,diffie-hellman-group-exchange-sha1,diffie-hellman-group1-sha1 [preauth]
Oct 18 00:07:39 chelsea sshd[1487220]: pam_unix(sshd:auth): authentication failure; logname= uid=0 euid=0 tty=ssh ruser= rhost=112.85.42.237  user=root
Oct 18 00:07:41 chelsea sshd[1487220]: Failed password for root from 112.85.42.237 port 24393 ssh2
Oct 18 00:07:43 chelsea sshd[1487220]: Failed password for root from 112.85.42.237 port 24393 ssh2
Oct 18 00:07:43 chelsea sshd[1487230]: Unable to negotiate with 221.120.163.94 port 3664: no matching key exchange method found. Their offer: diffie-hellman-group14-sha1,diffie-hellman-group-exchange-sha1,diffie-hellman-group1-sha1 [preauth]
Oct 18 00:07:46 chelsea sshd[1487220]: Failed password for root from 112.85.42.237 port 24393 ssh2
Oct 18 00:07:48 chelsea sshd[1487220]: Received disconnect from 112.85.42.237 port 24393:11:  [preauth]
Oct 18 00:07:48 chelsea sshd[1487220]: Disconnected from authenticating user root 112.85.42.237 port 24393 [preauth]
Oct 18 00:07:48 chelsea sshd[1487220]: PAM 2 more authentication failures; logname= uid=0 euid=0 tty=ssh ruser= rhost=112.85.42.237  user=root
Oct 18 00:07:48 chelsea sshd[1487236]: Invalid user dtd from 5.196.75.47 port 40304
Oct 18 00:07:48 chelsea sshd[1487236]: pam_unix(sshd:auth): check pass; user unknown
Oct 18 00:07:48 chelsea sshd[1487236]: pam_unix(sshd:auth): authentication failure; logname= uid=0 euid=0 tty=ssh ruser= rhost=5.196.75.47 
Oct 18 00:07:50 chelsea sshd[1487236]: Failed password for invalid user dtd from 5.196.75.47 port 40304 ssh2
Oct 18 00:07:52 chelsea sshd[1487239]: Unable to negotiate with 221.120.163.94 port 3665: no matching key exchange method found. Their offer: diffie-hellman-group14-sha1,diffie-hellman-group-exchange-sha1,diffie-hellman-group1-sha1 [preauth]
Oct 18 00:07:52 chelsea sshd[1487236]: Received disconnect from 5.196.75.47 port 40304:11: Bye Bye [preauth]
Oct 18 00:07:52 chelsea sshd[1487236]: Disconnected from invalid user dtd 5.196.75.47 port 40304 [preauth]
Oct 18 00:07:56 chelsea sshd[1487238]: Invalid user glz from 36.155.113.199 port 47142
Oct 18 00:07:56 chelsea sshd[1487238]: pam_unix(sshd:auth): check pass; user unknown
Oct 18 00:07:56 chelsea sshd[1487238]: pam_unix(sshd:auth): authentication failure; logname= uid=0 euid=0 tty=ssh ruser= rhost=36.155.113.199 
Oct 18 00:07:58 chelsea sshd[1487238]: Failed password for invalid user glz from 36.155.113.199 port 47142 ssh2
Oct 18 00:07:59 chelsea sshd[1487238]: Received disconnect from 36.155.113.199 port 47142:11: Bye Bye [preauth]
Oct 18 00:07:59 chelsea sshd[1487238]: Disconnected from invalid user glz 36.155.113.199 port 47142 [preauth]
Oct 18 00:08:01 chelsea sshd[1487250]: Unable to negotiate with 221.120.163.94 port 3666: no matching key exchange method found. Their offer: diffie-hellman-group14-sha1,diffie-hellman-group-exchange-sha1,diffie-hellman-group1-sha1 [preauth]
Oct 18 00:08:04 chelsea sshd[1487256]: Invalid user tha from 147.135.203.181 port 43252
Oct 18 00:08:04 chelsea sshd[1487256]: pam_unix(sshd:auth): check pass; user unknown
Oct 18 00:08:04 chelsea sshd[1487256]: pam_unix(sshd:auth): authentication failure; logname= uid=0 euid=0 tty=ssh ruser= rhost=147.135.203.181 
Oct 18 00:08:06 chelsea sshd[1487256]: Failed password for invalid user tha from 147.135.203.181 port 43252 ssh2
Oct 18 00:08:06 chelsea sshd[1487256]: Received disconnect from 147.135.203.181 port 43252:11: Bye Bye [preauth]
Oct 18 00:08:06 chelsea sshd[1487256]: Disconnected from invalid user tha 147.135.203.181 port 43252 [preauth]
Oct 18 00:08:08 chelsea sshd[1487262]: Unable to negotiate with 221.120.163.94 port 3667: no matching key exchange method found. Their offer: diffie-hellman-group14-sha1,diffie-hellman-group-exchange-sha1,diffie-hellman-group1-sha1 [preauth]
Oct 18 00:08:13 chelsea sshd[1487264]: pam_unix(sshd:auth): authentication failure; logname= uid=0 euid=0 tty=ssh ruser= rhost=112.85.42.237  user=root
Oct 18 00:08:15 chelsea sshd[1487274]: Unable to negotiate with 221.120.163.94 port 3668: no matching key exchange method found. Their offer: diffie-hellman-group14-sha1,diffie-hellman-group-exchange-sha1,diffie-hellman-group1-sha1 [preauth]
Oct 18 00:08:15 chelsea sshd[1487272]: Invalid user gbm from 185.186.243.133 port 52934
Oct 18 00:08:15 chelsea sshd[1487272]: pam_unix(sshd:auth): check pass; user unknown
Oct 18 00:08:15 chelsea sshd[1487272]: pam_unix(sshd:auth): authentication failure; logname= uid=0 euid=0 tty=ssh ruser= rhost=185.186.243.133 
Oct 18 00:08:16 chelsea sshd[1487264]: Failed password for root from 112.85.42.237 port 29842 ssh2
Oct 18 00:08:17 chelsea sshd[1487270]: Invalid user iwn from 83.24.18.238 port 40066
Oct 18 00:08:17 chelsea sshd[1487270]: pam_unix(sshd:auth): check pass; user unknown
Oct 18 00:08:17 chelsea sshd[1487270]: pam_unix(sshd:auth): authentication failure; logname= uid=0 euid=0 tty=ssh ruser= rhost=83.24.18.238 
Oct 18 00:08:18 chelsea sshd[1487272]: Failed password for invalid user gbm from 185.186.243.133 port 52934 ssh2
Oct 18 00:08:19 chelsea sshd[1487272]: Received disconnect from 185.186.243.133 port 52934:11: Bye Bye [preauth]
Oct 18 00:08:19 chelsea sshd[1487272]: Disconnected from invalid user gbm 185.186.243.133 port 52934 [preauth]
Oct 18 00:08:19 chelsea sshd[1487270]: Failed password for invalid user iwn from 83.24.18.238 port 40066 ssh2
Oct 18 00:08:19 chelsea sshd[1487270]: Received disconnect from 83.24.18.238 port 40066:11: Bye Bye [preauth]
Oct 18 00:08:19 chelsea sshd[1487270]: Disconnected from invalid user iwn 83.24.18.238 port 40066 [preauth]
Oct 18 00:08:20 chelsea sshd[1487264]: Failed password for root from 112.85.42.237 port 29842 ssh2
Oct 18 00:08:23 chelsea sshd[1487284]: Unable to negotiate with 221.120.163.94 port 3669: no matching key exchange method found. Their offer: diffie-hellman-group14-sha1,diffie-hellman-group-exchange-sha1,diffie-hellman-group1-sha1 [preauth]
Oct 18 00:08:25 chelsea sshd[1487264]: Failed password for root from 112.85.42.237 port 29842 ssh2
Oct 18 00:08:25 chelsea sshd[1487286]: pam_unix(sshd:auth): authentication failure; logname= uid=0 euid=0 tty=ssh ruser= rhost=112.85.42.237  user=root
Oct 18 00:08:27 chelsea sshd[1487264]: Received disconnect from 112.85.42.237 port 29842:11:  [preauth]
Oct 18 00:08:27 chelsea sshd[1487264]: Disconnected from authenticating user root 112.85.42.237 port 29842 [preauth]
Oct 18 00:08:27 chelsea sshd[1487264]: PAM 2 more authentication failures; logname= uid=0 euid=0 tty=ssh ruser= rhost=112.85.42.237  user=root
Oct 18 00:08:27 chelsea sshd[1487286]: Failed password for root from 112.85.42.237 port 61763 ssh2
Oct 18 00:08:30 chelsea sshd[1487292]: Unable to negotiate with 221.120.163.94 port 3670: no matching key exchange method found. Their offer: diffie-hellman-group14-sha1,diffie-hellman-group-exchange-sha1,diffie-hellman-group1-sha1 [preauth]
Oct 18 00:08:31 chelsea sshd[1487286]: Failed password for root from 112.85.42.237 port 61763 ssh2
Oct 18 00:08:33 chelsea sshd[1487294]: Invalid user dol from 120.71.181.52 port 34949
Oct 18 00:08:33 chelsea sshd[1487294]: pam_unix(sshd:auth): check pass; user unknown
Oct 18 00:08:33 chelsea sshd[1487294]: pam_unix(sshd:auth): authentication failure; logname= uid=0 euid=0 tty=ssh ruser= rhost=120.71.181.52 
Oct 18 00:08:33 chelsea sshd[1487286]: Failed password for root from 112.85.42.237 port 61763 ssh2
Oct 18 00:08:34 chelsea sshd[1487286]: Received disconnect from 112.85.42.237 port 61763:11:  [preauth]
Oct 18 00:08:34 chelsea sshd[1487286]: Disconnected from authenticating user root 112.85.42.237 port 61763 [preauth]
Oct 18 00:08:34 chelsea sshd[1487286]: PAM 2 more authentication failures; logname= uid=0 euid=0 tty=ssh ruser= rhost=112.85.42.237  user=root
Oct 18 00:08:35 chelsea sshd[1487294]: Failed password for invalid user dol from 120.71.181.52 port 34949 ssh2
Oct 18 00:08:37 chelsea sshd[1487294]: Received disconnect from 120.71.181.52 port 34949:11: Bye Bye [preauth]
Oct 18 00:08:37 chelsea sshd[1487294]: Disconnected from invalid user dol 120.71.181.52 port 34949 [preauth]
Oct 18 00:08:38 chelsea sshd[1487304]: Unable to negotiate with 221.120.163.94 port 3671: no matching key exchange method found. Their offer: diffie-hellman-group14-sha1,diffie-hellman-group-exchange-sha1,diffie-hellman-group1-sha1 [preauth]
Oct 18 00:08:45 chelsea sshd[1487310]: Unable to negotiate with 221.120.163.94 port 3672: no matching key exchange method found. Their offer: diffie-hellman-group14-sha1,diffie-hellman-group-exchange-sha1,diffie-hellman-group1-sha1 [preauth]
Oct 18 00:08:49 chelsea sshd[1487312]: pam_unix(sshd:auth): authentication failure; logname= uid=0 euid=0 tty=ssh ruser= rhost=112.85.42.237  user=root
Oct 18 00:08:51 chelsea sshd[1487312]: Failed password for root from 112.85.42.237 port 28161 ssh2
Oct 18 00:08:52 chelsea sshd[1487318]: Unable to negotiate with 221.120.163.94 port 3673: no matching key exchange method found. Their offer: diffie-hellman-group14-sha1,diffie-hellman-group-exchange-sha1,diffie-hellman-group1-sha1 [preauth]
Oct 18 00:08:55 chelsea sshd[1487312]: Failed password for root from 112.85.42.237 port 28161 ssh2
Oct 18 00:08:57 chelsea sshd[1487324]: Received disconnect from 222.186.42.137 port 19279:11:  [preauth]
Oct 18 00:08:57 chelsea sshd[1487324]: Disconnected from 222.186.42.137 port 19279 [preauth]
Oct 18 00:08:59 chelsea sshd[1487326]: Invalid user sqs from 102.39.67.51 port 47194
Oct 18 00:08:59 chelsea sshd[1487326]: pam_unix(sshd:auth): check pass; user unknown
Oct 18 00:08:59 chelsea sshd[1487326]: pam_unix(sshd:auth): authentication failure; logname= uid=0 euid=0 tty=ssh ruser= rhost=102.39.67.51 
Oct 18 00:08:59 chelsea sshd[1487332]: Invalid user yw from 114.67.239.47 port 57780
Oct 18 00:09:00 chelsea sshd[1487332]: pam_unix(sshd:auth): check pass; user unknown
Oct 18 00:09:00 chelsea sshd[1487332]: pam_unix(sshd:auth): authentication failure; logname= uid=0 euid=0 tty=ssh ruser= rhost=114.67.239.47 
Oct 18 00:09:00 chelsea sshd[1487334]: Unable to negotiate with 221.120.163.94 port 3674: no matching key exchange method found. Their offer: diffie-hellman-group14-sha1,diffie-hellman-group-exchange-sha1,diffie-hellman-group1-sha1 [preauth]
Oct 18 00:09:00 chelsea sshd[1487326]: Failed password for invalid user sqs from 102.39.67.51 port 47194 ssh2
Oct 18 00:09:00 chelsea sshd[1487312]: Failed password for root from 112.85.42.237 port 28161 ssh2
Oct 18 00:09:00 chelsea sshd[1487326]: Received disconnect from 102.39.67.51 port 47194:11: Bye Bye [preauth]
Oct 18 00:09:00 chelsea sshd[1487326]: Disconnected from invalid user sqs 102.39.67.51 port 47194 [preauth]
Oct 18 00:09:02 chelsea sshd[1487332]: Failed password for invalid user yw from 114.67.239.47 port 57780 ssh2
Oct 18 00:09:02 chelsea sshd[1487312]: Received disconnect from 112.85.42.237 port 28161:11:  [preauth]
Oct 18 00:09:02 chelsea sshd[1487312]: Disconnected from authenticating user root 112.85.42.237 port 28161 [preauth]
Oct 18 00:09:02 chelsea sshd[1487312]: PAM 2 more authentication failures; logname= uid=0 euid=0 tty=ssh ruser= rhost=112.85.42.237  user=root
Oct 18 00:09:03 chelsea sshd[1487332]: Received disconnect from 114.67.239.47 port 57780:11: Bye Bye [preauth]
Oct 18 00:09:03 chelsea sshd[1487332]: Disconnected from invalid user yw 114.67.239.47 port 57780 [preauth]
Oct 18 00:09:07 chelsea sshd[1487340]: Invalid user rhj from 185.186.243.133 port 35122
Oct 18 00:09:07 chelsea sshd[1487340]: pam_unix(sshd:auth): check pass; user unknown
Oct 18 00:09:07 chelsea sshd[1487340]: pam_unix(sshd:auth): authentication failure; logname= uid=0 euid=0 tty=ssh ruser= rhost=185.186.243.133 
Oct 18 00:09:08 chelsea sshd[1487346]: Unable to negotiate with 221.120.163.94 port 3675: no matching key exchange method found. Their offer: diffie-hellman-group14-sha1,diffie-hellman-group-exchange-sha1,diffie-hellman-group1-sha1 [preauth]
Oct 18 00:09:09 chelsea sshd[1487340]: Failed password for invalid user rhj from 185.186.243.133 port 35122 ssh2
Oct 18 00:09:11 chelsea sshd[1487340]: Received disconnect from 185.186.243.133 port 35122:11: Bye Bye [preauth]
Oct 18 00:09:11 chelsea sshd[1487340]: Disconnected from invalid user rhj 185.186.243.133 port 35122 [preauth]
Oct 18 00:09:12 chelsea sshd[1487348]: pam_unix(sshd:auth): authentication failure; logname= uid=0 euid=0 tty=ssh ruser= rhost=112.85.42.237  user=root
Oct 18 00:09:13 chelsea sshd[1487350]: Invalid user uwy from 58.56.40.210 port 49460
Oct 18 00:09:13 chelsea sshd[1487350]: pam_unix(sshd:auth): check pass; user unknown
Oct 18 00:09:13 chelsea sshd[1487350]: pam_unix(sshd:auth): authentication failure; logname= uid=0 euid=0 tty=ssh ruser= rhost=58.56.40.210 
Oct 18 00:09:14 chelsea sshd[1487348]: Failed password for root from 112.85.42.237 port 51256 ssh2
Oct 18 00:09:15 chelsea sshd[1487356]: Unable to negotiate with 221.120.163.94 port 3676: no matching key exchange method found. Their offer: diffie-hellman-group14-sha1,diffie-hellman-group-exchange-sha1,diffie-hellman-group1-sha1 [preauth]
Oct 18 00:09:15 chelsea sshd[1487350]: Failed password for invalid user uwy from 58.56.40.210 port 49460 ssh2
Oct 18 00:09:17 chelsea sshd[1487350]: Received disconnect from 58.56.40.210 port 49460:11: Bye Bye [preauth]
Oct 18 00:09:17 chelsea sshd[1487350]: Disconnected from invalid user uwy 58.56.40.210 port 49460 [preauth]
Oct 18 00:09:19 chelsea sshd[1487348]: Failed password for root from 112.85.42.237 port 51256 ssh2
Oct 18 00:09:21 chelsea sshd[1487358]: Invalid user da from 178.32.221.142 port 57453
Oct 18 00:09:21 chelsea sshd[1487358]: pam_unix(sshd:auth): check pass; user unknown
Oct 18 00:09:21 chelsea sshd[1487358]: pam_unix(sshd:auth): authentication failure; logname= uid=0 euid=0 tty=ssh ruser= rhost=178.32.221.142 
Oct 18 00:09:22 chelsea sshd[1487364]: Invalid user ged from 181.40.73.86 port 29280
Oct 18 00:09:22 chelsea sshd[1487364]: pam_unix(sshd:auth): check pass; user unknown
Oct 18 00:09:22 chelsea sshd[1487364]: pam_unix(sshd:auth): authentication failure; logname= uid=0 euid=0 tty=ssh ruser= rhost=181.40.73.86 
Oct 18 00:09:23 chelsea sshd[1487371]: Unable to negotiate with 221.120.163.94 port 3677: no matching key exchange method found. Their offer: diffie-hellman-group14-sha1,diffie-hellman-group-exchange-sha1,diffie-hellman-group1-sha1 [preauth]
Oct 18 00:09:23 chelsea sshd[1487348]: Failed password for root from 112.85.42.237 port 51256 ssh2
Oct 18 00:09:23 chelsea sshd[1487358]: Failed password for invalid user da from 178.32.221.142 port 57453 ssh2
Oct 18 00:09:23 chelsea sshd[1487348]: Received disconnect from 112.85.42.237 port 51256:11:  [preauth]
Oct 18 00:09:23 chelsea sshd[1487348]: Disconnected from authenticating user root 112.85.42.237 port 51256 [preauth]
Oct 18 00:09:23 chelsea sshd[1487348]: PAM 2 more authentication failures; logname= uid=0 euid=0 tty=ssh ruser= rhost=112.85.42.237  user=root
Oct 18 00:09:24 chelsea sshd[1487364]: Failed password for invalid user ged from 181.40.73.86 port 29280 ssh2
Oct 18 00:09:24 chelsea sshd[1487358]: Received disconnect from 178.32.221.142 port 57453:11: Bye Bye [preauth]
Oct 18 00:09:24 chelsea sshd[1487358]: Disconnected from invalid user da 178.32.221.142 port 57453 [preauth]
Oct 18 00:09:25 chelsea sshd[1487364]: Received disconnect from 181.40.73.86 port 29280:11: Bye Bye [preauth]
Oct 18 00:09:25 chelsea sshd[1487364]: Disconnected from invalid user ged 181.40.73.86 port 29280 [preauth]
Oct 18 00:09:30 chelsea sshd[1487377]: Unable to negotiate with 221.120.163.94 port 3678: no matching key exchange method found. Their offer: diffie-hellman-group14-sha1,diffie-hellman-group-exchange-sha1,diffie-hellman-group1-sha1 [preauth]
Oct 18 00:09:33 chelsea sshd[1487379]: Invalid user pgo from 218.54.123.239 port 36758
Oct 18 00:09:33 chelsea sshd[1487379]: pam_unix(sshd:auth): check pass; user unknown
Oct 18 00:09:33 chelsea sshd[1487379]: pam_unix(sshd:auth): authentication failure; logname= uid=0 euid=0 tty=ssh ruser= rhost=218.54.123.239 
Oct 18 00:09:35 chelsea sshd[1487389]: Invalid user vos from 159.65.232.195 port 48358
Oct 18 00:09:35 chelsea sshd[1487389]: pam_unix(sshd:auth): check pass; user unknown
Oct 18 00:09:35 chelsea sshd[1487389]: pam_unix(sshd:auth): authentication failure; logname= uid=0 euid=0 tty=ssh ruser= rhost=159.65.232.195 
Oct 18 00:09:35 chelsea sshd[1487386]: pam_unix(sshd:auth): authentication failure; logname= uid=0 euid=0 tty=ssh ruser= rhost=112.85.42.237  user=root
Oct 18 00:09:35 chelsea sshd[1487385]: Invalid user stc from 216.80.102.155 port 37102
Oct 18 00:09:35 chelsea sshd[1487385]: pam_unix(sshd:auth): check pass; user unknown
Oct 18 00:09:35 chelsea sshd[1487385]: pam_unix(sshd:auth): authentication failure; logname= uid=0 euid=0 tty=ssh ruser= rhost=216.80.102.155 
Oct 18 00:09:35 chelsea sshd[1487379]: Failed password for invalid user pgo from 218.54.123.239 port 36758 ssh2
Oct 18 00:09:35 chelsea sshd[1487379]: Received disconnect from 218.54.123.239 port 36758:11: Bye Bye [preauth]
Oct 18 00:09:35 chelsea sshd[1487379]: Disconnected from invalid user pgo 218.54.123.239 port 36758 [preauth]
Oct 18 00:09:37 chelsea sshd[1487389]: Failed password for invalid user vos from 159.65.232.195 port 48358 ssh2
Oct 18 00:09:37 chelsea sshd[1487386]: Failed password for root from 112.85.42.237 port 12338 ssh2
Oct 18 00:09:37 chelsea sshd[1487385]: Failed password for invalid user stc from 216.80.102.155 port 37102 ssh2
Oct 18 00:09:39 chelsea sshd[1487389]: Received disconnect from 159.65.232.195 port 48358:11: Bye Bye [preauth]
Oct 18 00:09:39 chelsea sshd[1487389]: Disconnected from invalid user vos 159.65.232.195 port 48358 [preauth]
Oct 18 00:09:39 chelsea sshd[1487395]: Unable to negotiate with 221.120.163.94 port 3679: no matching key exchange method found. Their offer: diffie-hellman-group14-sha1,diffie-hellman-group-exchange-sha1,diffie-hellman-group1-sha1 [preauth]
Oct 18 00:09:40 chelsea sshd[1487385]: Received disconnect from 216.80.102.155 port 37102:11: Bye Bye [preauth]
Oct 18 00:09:40 chelsea sshd[1487385]: Disconnected from invalid user stc 216.80.102.155 port 37102 [preauth]
Oct 18 00:09:41 chelsea sshd[1487386]: Failed password for root from 112.85.42.237 port 12338 ssh2
Oct 18 00:09:46 chelsea sshd[1487386]: Failed password for root from 112.85.42.237 port 12338 ssh2
Oct 18 00:09:46 chelsea sshd[1487386]: Received disconnect from 112.85.42.237 port 12338:11:  [preauth]
Oct 18 00:09:46 chelsea sshd[1487386]: Disconnected from authenticating user root 112.85.42.237 port 12338 [preauth]
Oct 18 00:09:46 chelsea sshd[1487386]: PAM 2 more authentication failures; logname= uid=0 euid=0 tty=ssh ruser= rhost=112.85.42.237  user=root
Oct 18 00:09:46 chelsea sshd[1487401]: Unable to negotiate with 221.120.163.94 port 3680: no matching key exchange method found. Their offer: diffie-hellman-group14-sha1,diffie-hellman-group-exchange-sha1,diffie-hellman-group1-sha1 [preauth]
Oct 18 00:09:55 chelsea sshd[1487411]: Unable to negotiate with 221.120.163.94 port 3681: no matching key exchange method found. Their offer: diffie-hellman-group14-sha1,diffie-hellman-group-exchange-sha1,diffie-hellman-group1-sha1 [preauth]
Oct 18 00:09:58 chelsea sshd[1487413]: pam_unix(sshd:auth): authentication failure; logname= uid=0 euid=0 tty=ssh ruser= rhost=112.85.42.237  user=root
Oct 18 00:09:59 chelsea sshd[1487419]: Invalid user wdl from 185.186.243.133 port 45542
Oct 18 00:09:59 chelsea sshd[1487419]: pam_unix(sshd:auth): check pass; user unknown
Oct 18 00:09:59 chelsea sshd[1487419]: pam_unix(sshd:auth): authentication failure; logname= uid=0 euid=0 tty=ssh ruser= rhost=185.186.243.133 
Oct 18 00:10:00 chelsea sshd[1487413]: Failed password for root from 112.85.42.237 port 33669 ssh2
Oct 18 00:10:01 chelsea sshd[1487419]: Failed password for invalid user wdl from 185.186.243.133 port 45542 ssh2
Oct 18 00:10:03 chelsea sshd[1487419]: Received disconnect from 185.186.243.133 port 45542:11: Bye Bye [preauth]
Oct 18 00:10:03 chelsea sshd[1487419]: Disconnected from invalid user wdl 185.186.243.133 port 45542 [preauth]
Oct 18 00:10:03 chelsea sshd[1487427]: Unable to negotiate with 221.120.163.94 port 3682: no matching key exchange method found. Their offer: diffie-hellman-group14-sha1,diffie-hellman-group-exchange-sha1,diffie-hellman-group1-sha1 [preauth]
Oct 18 00:10:05 chelsea sshd[1487421]: Invalid user byk from 36.156.159.220 port 40892
Oct 18 00:10:05 chelsea sshd[1487421]: pam_unix(sshd:auth): check pass; user unknown
Oct 18 00:10:05 chelsea sshd[1487421]: pam_unix(sshd:auth): authentication failure; logname= uid=0 euid=0 tty=ssh ruser= rhost=36.156.159.220 
Oct 18 00:10:05 chelsea sshd[1487413]: Failed password for root from 112.85.42.237 port 33669 ssh2
Oct 18 00:10:06 chelsea sshd[1487421]: Failed password for invalid user byk from 36.156.159.220 port 40892 ssh2
Oct 18 00:10:07 chelsea sshd[1487421]: Received disconnect from 36.156.159.220 port 40892:11: Bye Bye [preauth]
Oct 18 00:10:07 chelsea sshd[1487421]: Disconnected from invalid user byk 36.156.159.220 port 40892 [preauth]
Oct 18 00:10:08 chelsea sshd[1487413]: Failed password for root from 112.85.42.237 port 33669 ssh2
Oct 18 00:10:09 chelsea sshd[1487413]: Received disconnect from 112.85.42.237 port 33669:11:  [preauth]
Oct 18 00:10:09 chelsea sshd[1487413]: Disconnected from authenticating user root 112.85.42.237 port 33669 [preauth]
Oct 18 00:10:09 chelsea sshd[1487413]: PAM 2 more authentication failures; logname= uid=0 euid=0 tty=ssh ruser= rhost=112.85.42.237  user=root
Oct 18 00:10:11 chelsea sshd[1487433]: Unable to negotiate with 221.120.163.94 port 3683: no matching key exchange method found. Their offer: diffie-hellman-group14-sha1,diffie-hellman-group-exchange-sha1,diffie-hellman-group1-sha1 [preauth]
Oct 18 00:10:19 chelsea sshd[1487445]: Unable to negotiate with 221.120.163.94 port 3684: no matching key exchange method found. Their offer: diffie-hellman-group14-sha1,diffie-hellman-group-exchange-sha1,diffie-hellman-group1-sha1 [preauth]
Oct 18 00:10:19 chelsea sshd[1487439]: pam_unix(sshd:auth): authentication failure; logname= uid=0 euid=0 tty=ssh ruser= rhost=112.85.42.237  user=root
Oct 18 00:10:20 chelsea sshd[1487439]: Failed password for root from 112.85.42.237 port 40446 ssh2
Oct 18 00:10:23 chelsea sshd[1487439]: Failed password for root from 112.85.42.237 port 40446 ssh2
Oct 18 00:10:25 chelsea sshd[1487439]: Failed password for root from 112.85.42.237 port 40446 ssh2
Oct 18 00:10:26 chelsea sshd[1487439]: Received disconnect from 112.85.42.237 port 40446:11:  [preauth]
Oct 18 00:10:26 chelsea sshd[1487439]: Disconnected from authenticating user root 112.85.42.237 port 40446 [preauth]
Oct 18 00:10:26 chelsea sshd[1487439]: PAM 2 more authentication failures; logname= uid=0 euid=0 tty=ssh ruser= rhost=112.85.42.237  user=root
Oct 18 00:10:26 chelsea sshd[1487451]: Unable to negotiate with 221.120.163.94 port 3685: no matching key exchange method found. Their offer: diffie-hellman-group14-sha1,diffie-hellman-group-exchange-sha1,diffie-hellman-group1-sha1 [preauth]
Oct 18 00:10:27 chelsea sshd[1487453]: Invalid user yok from 20.46.41.35 port 53368
Oct 18 00:10:27 chelsea sshd[1487453]: pam_unix(sshd:auth): check pass; user unknown
Oct 18 00:10:27 chelsea sshd[1487453]: pam_unix(sshd:auth): authentication failure; logname= uid=0 euid=0 tty=ssh ruser= rhost=20.46.41.35 
Oct 18 00:10:29 chelsea sshd[1487453]: Failed password for invalid user yok from 20.46.41.35 port 53368 ssh2
Oct 18 00:10:30 chelsea sshd[1487453]: Received disconnect from 20.46.41.35 port 53368:11: Bye Bye [preauth]
Oct 18 00:10:30 chelsea sshd[1487453]: Disconnected from invalid user yok 20.46.41.35 port 53368 [preauth]
Oct 18 00:10:33 chelsea sshd[1487463]: Unable to negotiate with 221.120.163.94 port 3686: no matching key exchange method found. Their offer: diffie-hellman-group14-sha1,diffie-hellman-group-exchange-sha1,diffie-hellman-group1-sha1 [preauth]
Oct 18 00:10:40 chelsea sshd[1487470]: Invalid user dew from 106.12.36.90 port 41922
Oct 18 00:10:40 chelsea sshd[1487470]: pam_unix(sshd:auth): check pass; user unknown
Oct 18 00:10:40 chelsea sshd[1487470]: pam_unix(sshd:auth): authentication failure; logname= uid=0 euid=0 tty=ssh ruser= rhost=106.12.36.90 
Oct 18 00:10:41 chelsea sshd[1487472]: Invalid user sxh from 120.71.181.52 port 49875
Oct 18 00:10:41 chelsea sshd[1487472]: pam_unix(sshd:auth): check pass; user unknown
Oct 18 00:10:41 chelsea sshd[1487472]: pam_unix(sshd:auth): authentication failure; logname= uid=0 euid=0 tty=ssh ruser= rhost=120.71.181.52 
Oct 18 00:10:41 chelsea sshd[1487474]: Unable to negotiate with 221.120.163.94 port 3687: no matching key exchange method found. Their offer: diffie-hellman-group14-sha1,diffie-hellman-group-exchange-sha1,diffie-hellman-group1-sha1 [preauth]
Oct 18 00:10:42 chelsea sshd[1487470]: Failed password for invalid user dew from 106.12.36.90 port 41922 ssh2
Oct 18 00:10:42 chelsea sshd[1487472]: Failed password for invalid user sxh from 120.71.181.52 port 49875 ssh2
Oct 18 00:10:43 chelsea sshd[1487472]: Received disconnect from 120.71.181.52 port 49875:11: Bye Bye [preauth]
Oct 18 00:10:43 chelsea sshd[1487472]: Disconnected from invalid user sxh 120.71.181.52 port 49875 [preauth]
Oct 18 00:10:44 chelsea sshd[1487470]: Received disconnect from 106.12.36.90 port 41922:11: Bye Bye [preauth]
Oct 18 00:10:44 chelsea sshd[1487470]: Disconnected from invalid user dew 106.12.36.90 port 41922 [preauth]
Oct 18 00:10:47 chelsea sshd[1487480]: pam_unix(sshd:auth): authentication failure; logname= uid=0 euid=0 tty=ssh ruser= rhost=112.85.42.237  user=root
Oct 18 00:10:49 chelsea sshd[1487486]: Unable to negotiate with 221.120.163.94 port 3688: no matching key exchange method found. Their offer: diffie-hellman-group14-sha1,diffie-hellman-group-exchange-sha1,diffie-hellman-group1-sha1 [preauth]
Oct 18 00:10:49 chelsea sshd[1487480]: Failed password for root from 112.85.42.237 port 61518 ssh2
Oct 18 00:10:51 chelsea sshd[1487480]: Failed password for root from 112.85.42.237 port 61518 ssh2
Oct 18 00:10:52 chelsea sshd[1487488]: Invalid user tbg from 185.186.243.133 port 55960
Oct 18 00:10:52 chelsea sshd[1487488]: pam_unix(sshd:auth): check pass; user unknown
Oct 18 00:10:52 chelsea sshd[1487488]: pam_unix(sshd:auth): authentication failure; logname= uid=0 euid=0 tty=ssh ruser= rhost=185.186.243.133 
Oct 18 00:10:53 chelsea sshd[1487488]: Failed password for invalid user tbg from 185.186.243.133 port 55960 ssh2
Oct 18 00:10:54 chelsea sshd[1487480]: Failed password for root from 112.85.42.237 port 61518 ssh2
Oct 18 00:10:54 chelsea sshd[1487488]: Received disconnect from 185.186.243.133 port 55960:11: Bye Bye [preauth]
Oct 18 00:10:54 chelsea sshd[1487488]: Disconnected from invalid user tbg 185.186.243.133 port 55960 [preauth]
Oct 18 00:10:54 chelsea sshd[1487480]: Received disconnect from 112.85.42.237 port 61518:11:  [preauth]
Oct 18 00:10:54 chelsea sshd[1487480]: Disconnected from authenticating user root 112.85.42.237 port 61518 [preauth]
Oct 18 00:10:54 chelsea sshd[1487480]: PAM 2 more authentication failures; logname= uid=0 euid=0 tty=ssh ruser= rhost=112.85.42.237  user=root
Oct 18 00:10:56 chelsea sshd[1487494]: Invalid user tnh from 5.196.75.47 port 42630
Oct 18 00:10:56 chelsea sshd[1487494]: pam_unix(sshd:auth): check pass; user unknown
Oct 18 00:10:56 chelsea sshd[1487494]: pam_unix(sshd:auth): authentication failure; logname= uid=0 euid=0 tty=ssh ruser= rhost=5.196.75.47 
Oct 18 00:10:56 chelsea sshd[1487497]: Unable to negotiate with 221.120.163.94 port 3689: no matching key exchange method found. Their offer: diffie-hellman-group14-sha1,diffie-hellman-group-exchange-sha1,diffie-hellman-group1-sha1 [preauth]
Oct 18 00:10:58 chelsea sshd[1487494]: Failed password for invalid user tnh from 5.196.75.47 port 42630 ssh2
Oct 18 00:10:58 chelsea sshd[1487496]: Invalid user vur from 117.83.152.139 port 52638
Oct 18 00:10:58 chelsea sshd[1487496]: pam_unix(sshd:auth): check pass; user unknown
Oct 18 00:10:58 chelsea sshd[1487496]: pam_unix(sshd:auth): authentication failure; logname= uid=0 euid=0 tty=ssh ruser= rhost=117.83.152.139 
Oct 18 00:10:59 chelsea sshd[1487494]: Received disconnect from 5.196.75.47 port 42630:11: Bye Bye [preauth]
Oct 18 00:10:59 chelsea sshd[1487494]: Disconnected from invalid user tnh 5.196.75.47 port 42630 [preauth]
Oct 18 00:11:00 chelsea sshd[1487496]: Failed password for invalid user vur from 117.83.152.139 port 52638 ssh2
Oct 18 00:11:02 chelsea sshd[1487496]: Received disconnect from 117.83.152.139 port 52638:11: Bye Bye [preauth]
Oct 18 00:11:02 chelsea sshd[1487496]: Disconnected from invalid user vur 117.83.152.139 port 52638 [preauth]
Oct 18 00:11:04 chelsea sshd[1487510]: Unable to negotiate with 221.120.163.94 port 3690: no matching key exchange method found. Their offer: diffie-hellman-group14-sha1,diffie-hellman-group-exchange-sha1,diffie-hellman-group1-sha1 [preauth]
Oct 18 00:11:05 chelsea sshd[1487508]: pam_unix(sshd:auth): authentication failure; logname= uid=0 euid=0 tty=ssh ruser= rhost=112.85.42.237  user=root
Oct 18 00:11:06 chelsea sshd[1487508]: Failed password for root from 112.85.42.237 port 36333 ssh2
Oct 18 00:11:09 chelsea sshd[1487508]: Failed password for root from 112.85.42.237 port 36333 ssh2
Oct 18 00:11:12 chelsea sshd[1487518]: Unable to negotiate with 221.120.163.94 port 3691: no matching key exchange method found. Their offer: diffie-hellman-group14-sha1,diffie-hellman-group-exchange-sha1,diffie-hellman-group1-sha1 [preauth]
Oct 18 00:11:12 chelsea sshd[1487508]: Failed password for root from 112.85.42.237 port 36333 ssh2
Oct 18 00:11:14 chelsea sshd[1487508]: Received disconnect from 112.85.42.237 port 36333:11:  [preauth]
Oct 18 00:11:14 chelsea sshd[1487508]: Disconnected from authenticating user root 112.85.42.237 port 36333 [preauth]
Oct 18 00:11:14 chelsea sshd[1487508]: PAM 2 more authentication failures; logname= uid=0 euid=0 tty=ssh ruser= rhost=112.85.42.237  user=root
Oct 18 00:11:14 chelsea sshd[1487516]: Invalid user cbi from 125.124.44.135 port 46740
Oct 18 00:11:14 chelsea sshd[1487516]: pam_unix(sshd:auth): check pass; user unknown
Oct 18 00:11:14 chelsea sshd[1487516]: pam_unix(sshd:auth): authentication failure; logname= uid=0 euid=0 tty=ssh ruser= rhost=125.124.44.135 
Oct 18 00:11:16 chelsea sshd[1487516]: Failed password for invalid user cbi from 125.124.44.135 port 46740 ssh2
Oct 18 00:11:16 chelsea sshd[1487516]: Received disconnect from 125.124.44.135 port 46740:11: Bye Bye [preauth]
Oct 18 00:11:16 chelsea sshd[1487516]: Disconnected from invalid user cbi 125.124.44.135 port 46740 [preauth]
Oct 18 00:11:19 chelsea sshd[1487528]: Unable to negotiate with 221.120.163.94 port 3692: no matching key exchange method found. Their offer: diffie-hellman-group14-sha1,diffie-hellman-group-exchange-sha1,diffie-hellman-group1-sha1 [preauth]
Oct 18 00:11:24 chelsea sshd[1487530]: Invalid user diy from 51.210.103.96 port 56454
Oct 18 00:11:24 chelsea sshd[1487530]: pam_unix(sshd:auth): check pass; user unknown
Oct 18 00:11:24 chelsea sshd[1487530]: pam_unix(sshd:auth): authentication failure; logname= uid=0 euid=0 tty=ssh ruser= rhost=51.210.103.96 
Oct 18 00:11:24 chelsea sshd[1487536]: Invalid user gsu from 102.39.67.51 port 50342
Oct 18 00:11:24 chelsea sshd[1487536]: pam_unix(sshd:auth): check pass; user unknown
Oct 18 00:11:24 chelsea sshd[1487536]: pam_unix(sshd:auth): authentication failure; logname= uid=0 euid=0 tty=ssh ruser= rhost=102.39.67.51 
Oct 18 00:11:25 chelsea sshd[1487530]: Failed password for invalid user diy from 51.210.103.96 port 56454 ssh2
Oct 18 00:11:25 chelsea sshd[1487530]: Received disconnect from 51.210.103.96 port 56454:11: Bye Bye [preauth]
Oct 18 00:11:25 chelsea sshd[1487530]: Disconnected from invalid user diy 51.210.103.96 port 56454 [preauth]
Oct 18 00:11:26 chelsea sshd[1487536]: Failed password for invalid user gsu from 102.39.67.51 port 50342 ssh2
Oct 18 00:11:26 chelsea sshd[1487540]: Unable to negotiate with 221.120.163.94 port 3693: no matching key exchange method found. Their offer: diffie-hellman-group14-sha1,diffie-hellman-group-exchange-sha1,diffie-hellman-group1-sha1 [preauth]
Oct 18 00:11:27 chelsea sshd[1487536]: Received disconnect from 102.39.67.51 port 50342:11: Bye Bye [preauth]
Oct 18 00:11:27 chelsea sshd[1487536]: Disconnected from invalid user gsu 102.39.67.51 port 50342 [preauth]
Oct 18 00:11:28 chelsea sshd[1487538]: pam_unix(sshd:auth): authentication failure; logname= uid=0 euid=0 tty=ssh ruser= rhost=112.85.42.237  user=root
Oct 18 00:11:30 chelsea sshd[1487538]: Failed password for root from 112.85.42.237 port 10251 ssh2
Oct 18 00:11:30 chelsea sshd[1487546]: Invalid user jg from 114.67.239.47 port 33904
Oct 18 00:11:30 chelsea sshd[1487546]: pam_unix(sshd:auth): check pass; user unknown
Oct 18 00:11:30 chelsea sshd[1487546]: pam_unix(sshd:auth): authentication failure; logname= uid=0 euid=0 tty=ssh ruser= rhost=114.67.239.47 
Oct 18 00:11:31 chelsea sshd[1487538]: Failed password for root from 112.85.42.237 port 10251 ssh2
Oct 18 00:11:32 chelsea sshd[1487546]: Failed password for invalid user jg from 114.67.239.47 port 33904 ssh2
Oct 18 00:11:33 chelsea sshd[1487546]: Received disconnect from 114.67.239.47 port 33904:11: Bye Bye [preauth]
Oct 18 00:11:33 chelsea sshd[1487546]: Disconnected from invalid user jg 114.67.239.47 port 33904 [preauth]
Oct 18 00:11:34 chelsea sshd[1487552]: Unable to negotiate with 221.120.163.94 port 3694: no matching key exchange method found. Their offer: diffie-hellman-group14-sha1,diffie-hellman-group-exchange-sha1,diffie-hellman-group1-sha1 [preauth]
Oct 18 00:11:35 chelsea sshd[1487538]: Failed password for root from 112.85.42.237 port 10251 ssh2
Oct 18 00:11:35 chelsea sshd[1487538]: Received disconnect from 112.85.42.237 port 10251:11:  [preauth]
Oct 18 00:11:35 chelsea sshd[1487538]: Disconnected from authenticating user root 112.85.42.237 port 10251 [preauth]
Oct 18 00:11:35 chelsea sshd[1487538]: PAM 2 more authentication failures; logname= uid=0 euid=0 tty=ssh ruser= rhost=112.85.42.237  user=root
Oct 18 00:11:36 chelsea sshd[1487556]: Invalid user shw from 147.135.203.181 port 47748
Oct 18 00:11:36 chelsea sshd[1487556]: pam_unix(sshd:auth): check pass; user unknown
Oct 18 00:11:36 chelsea sshd[1487556]: pam_unix(sshd:auth): authentication failure; logname= uid=0 euid=0 tty=ssh ruser= rhost=147.135.203.181 
Oct 18 00:11:37 chelsea sshd[1487554]: Invalid user ujv from 58.56.40.210 port 50156
Oct 18 00:11:37 chelsea sshd[1487554]: pam_unix(sshd:auth): check pass; user unknown
Oct 18 00:11:37 chelsea sshd[1487554]: pam_unix(sshd:auth): authentication failure; logname= uid=0 euid=0 tty=ssh ruser= rhost=58.56.40.210 
Oct 18 00:11:38 chelsea sshd[1487556]: Failed password for invalid user shw from 147.135.203.181 port 47748 ssh2
Oct 18 00:11:38 chelsea sshd[1487556]: Received disconnect from 147.135.203.181 port 47748:11: Bye Bye [preauth]
Oct 18 00:11:38 chelsea sshd[1487556]: Disconnected from invalid user shw 147.135.203.181 port 47748 [preauth]
Oct 18 00:11:38 chelsea sshd[1487554]: Failed password for invalid user ujv from 58.56.40.210 port 50156 ssh2
Oct 18 00:11:39 chelsea sshd[1487554]: Received disconnect from 58.56.40.210 port 50156:11: Bye Bye [preauth]
Oct 18 00:11:39 chelsea sshd[1487554]: Disconnected from invalid user ujv 58.56.40.210 port 50156 [preauth]
Oct 18 00:11:41 chelsea sshd[1487562]: Unable to negotiate with 221.120.163.94 port 3695: no matching key exchange method found. Their offer: diffie-hellman-group14-sha1,diffie-hellman-group-exchange-sha1,diffie-hellman-group1-sha1 [preauth]
Oct 18 00:11:44 chelsea sshd[1487568]: Invalid user eqy from 185.186.243.133 port 38146
Oct 18 00:11:44 chelsea sshd[1487568]: pam_unix(sshd:auth): check pass; user unknown
Oct 18 00:11:44 chelsea sshd[1487568]: pam_unix(sshd:auth): authentication failure; logname= uid=0 euid=0 tty=ssh ruser= rhost=185.186.243.133 
Oct 18 00:11:46 chelsea sshd[1487568]: Failed password for invalid user eqy from 185.186.243.133 port 38146 ssh2
Oct 18 00:11:47 chelsea sshd[1487568]: Received disconnect from 185.186.243.133 port 38146:11: Bye Bye [preauth]
Oct 18 00:11:47 chelsea sshd[1487568]: Disconnected from invalid user eqy 185.186.243.133 port 38146 [preauth]
Oct 18 00:11:49 chelsea sshd[1487576]: Unable to negotiate with 221.120.163.94 port 3696: no matching key exchange method found. Their offer: diffie-hellman-group14-sha1,diffie-hellman-group-exchange-sha1,diffie-hellman-group1-sha1 [preauth]
Oct 18 00:11:51 chelsea sshd[1487578]: Invalid user ads from 36.155.113.199 port 38859
Oct 18 00:11:51 chelsea sshd[1487578]: pam_unix(sshd:auth): check pass; user unknown
Oct 18 00:11:51 chelsea sshd[1487578]: pam_unix(sshd:auth): authentication failure; logname= uid=0 euid=0 tty=ssh ruser= rhost=36.155.113.199 
Oct 18 00:11:53 chelsea sshd[1487578]: Failed password for invalid user ads from 36.155.113.199 port 38859 ssh2
Oct 18 00:11:55 chelsea sshd[1487578]: Received disconnect from 36.155.113.199 port 38859:11: Bye Bye [preauth]
Oct 18 00:11:55 chelsea sshd[1487578]: Disconnected from invalid user ads 36.155.113.199 port 38859 [preauth]
Oct 18 00:11:57 chelsea sshd[1487584]: Unable to negotiate with 221.120.163.94 port 3697: no matching key exchange method found. Their offer: diffie-hellman-group14-sha1,diffie-hellman-group-exchange-sha1,diffie-hellman-group1-sha1 [preauth]
Oct 18 00:11:59 chelsea sshd[1487574]: Invalid user jnm from 51.15.159.169 port 34876
Oct 18 00:11:59 chelsea sshd[1487574]: pam_unix(sshd:auth): check pass; user unknown
Oct 18 00:11:59 chelsea sshd[1487574]: pam_unix(sshd:auth): authentication failure; logname= uid=0 euid=0 tty=ssh ruser= rhost=51.15.159.169 
Oct 18 00:12:00 chelsea sshd[1487574]: Failed password for invalid user jnm from 51.15.159.169 port 34876 ssh2
Oct 18 00:12:02 chelsea sshd[1487574]: Received disconnect from 51.15.159.169 port 34876:11: Bye Bye [preauth]
Oct 18 00:12:02 chelsea sshd[1487574]: Disconnected from invalid user jnm 51.15.159.169 port 34876 [preauth]
Oct 18 00:12:05 chelsea sshd[1487594]: Invalid user fux from 216.80.102.155 port 36750
Oct 18 00:12:05 chelsea sshd[1487594]: pam_unix(sshd:auth): check pass; user unknown
Oct 18 00:12:05 chelsea sshd[1487594]: pam_unix(sshd:auth): authentication failure; logname= uid=0 euid=0 tty=ssh ruser= rhost=216.80.102.155 
Oct 18 00:12:05 chelsea sshd[1487596]: Unable to negotiate with 221.120.163.94 port 3698: no matching key exchange method found. Their offer: diffie-hellman-group14-sha1,diffie-hellman-group-exchange-sha1,diffie-hellman-group1-sha1 [preauth]
Oct 18 00:12:06 chelsea sshd[1487594]: Failed password for invalid user fux from 216.80.102.155 port 36750 ssh2
Oct 18 00:12:06 chelsea sshd[1487594]: Received disconnect from 216.80.102.155 port 36750:11: Bye Bye [preauth]
Oct 18 00:12:06 chelsea sshd[1487594]: Disconnected from invalid user fux 216.80.102.155 port 36750 [preauth]
